Archive member included to satisfy reference by file (symbol)

c:/intelfpga_lite/18.0/nios2eds/bin/gnu/h-x86_64-mingw32/bin/../lib/gcc/nios2-elf/5.3.0/../../../../../H-x86_64-mingw32/nios2-elf/lib\libsmallc.a(lib_a-puts.o)
                              obj/default/hello_world.o (puts)
c:/intelfpga_lite/18.0/nios2eds/bin/gnu/h-x86_64-mingw32/bin/../lib/gcc/nios2-elf/5.3.0/../../../../../H-x86_64-mingw32/nios2-elf/lib\libsmallc.a(lib_a-strlen.o)
                              c:/intelfpga_lite/18.0/nios2eds/bin/gnu/h-x86_64-mingw32/bin/../lib/gcc/nios2-elf/5.3.0/../../../../../H-x86_64-mingw32/nios2-elf/lib\libsmallc.a(lib_a-puts.o) (strlen)
c:/intelfpga_lite/18.0/nios2eds/bin/gnu/h-x86_64-mingw32/bin/../lib/gcc/nios2-elf/5.3.0/../../../../../H-x86_64-mingw32/nios2-elf/lib\libsmallc.a(lib_a-fvwrite_small_dev.o)
                              c:/intelfpga_lite/18.0/nios2eds/bin/gnu/h-x86_64-mingw32/bin/../lib/gcc/nios2-elf/5.3.0/../../../../../H-x86_64-mingw32/nios2-elf/lib\libsmallc.a(lib_a-puts.o) (__sfvwrite_small_dev)
c:/intelfpga_lite/18.0/nios2eds/bin/gnu/h-x86_64-mingw32/bin/../lib/gcc/nios2-elf/5.3.0/../../../../../H-x86_64-mingw32/nios2-elf/lib\libsmallc.a(lib_a-impure.o)
                              c:/intelfpga_lite/18.0/nios2eds/bin/gnu/h-x86_64-mingw32/bin/../lib/gcc/nios2-elf/5.3.0/../../../../../H-x86_64-mingw32/nios2-elf/lib\libsmallc.a(lib_a-puts.o) (_impure_ptr)
c:/intelfpga_lite/18.0/nios2eds/bin/gnu/h-x86_64-mingw32/bin/../lib/gcc/nios2-elf/5.3.0/../../../../../H-x86_64-mingw32/nios2-elf/lib\libsmallc.a(lib_a-writer.o)
                              c:/intelfpga_lite/18.0/nios2eds/bin/gnu/h-x86_64-mingw32/bin/../lib/gcc/nios2-elf/5.3.0/../../../../../H-x86_64-mingw32/nios2-elf/lib\libsmallc.a(lib_a-fvwrite_small_dev.o) (_write_r)
c:/intelfpga_lite/18.0/nios2eds/bin/gnu/h-x86_64-mingw32/bin/../lib/gcc/nios2-elf/5.3.0/../../../../../H-x86_64-mingw32/nios2-elf/lib\libsmallc.a(lib_a-int_errno.o)
                              c:/intelfpga_lite/18.0/nios2eds/bin/gnu/h-x86_64-mingw32/bin/../lib/gcc/nios2-elf/5.3.0/../../../../../H-x86_64-mingw32/nios2-elf/lib\libsmallc.a(lib_a-writer.o) (errno)
../test2_bsp/\libhal_bsp.a(alt_iic.o)
                              obj/default/hello_world.o (alt_ic_isr_register)
../test2_bsp/\libhal_bsp.a(alt_iic_isr_register.o)
                              ../test2_bsp/\libhal_bsp.a(alt_iic.o) (alt_iic_isr_register)
../test2_bsp/\libhal_bsp.a(alt_irq_entry.o)
                              ../test2_bsp/\libhal_bsp.a(alt_iic_isr_register.o) (alt_irq_entry)
../test2_bsp/\libhal_bsp.a(alt_irq_handler.o)
                              ../test2_bsp/\libhal_bsp.a(alt_iic_isr_register.o) (alt_irq)
../test2_bsp/\libhal_bsp.a(alt_irq_vars.o)
                              ../test2_bsp/\libhal_bsp.a(alt_iic.o) (alt_irq_active)
../test2_bsp/\libhal_bsp.a(alt_load.o)
                              ../test2_bsp//obj/HAL/src/crt0.o (alt_load)
../test2_bsp/\libhal_bsp.a(alt_main.o)
                              ../test2_bsp//obj/HAL/src/crt0.o (alt_main)
../test2_bsp/\libhal_bsp.a(alt_write.o)
                              c:/intelfpga_lite/18.0/nios2eds/bin/gnu/h-x86_64-mingw32/bin/../lib/gcc/nios2-elf/5.3.0/../../../../../H-x86_64-mingw32/nios2-elf/lib\libsmallc.a(lib_a-writer.o) (write)
../test2_bsp/\libhal_bsp.a(alt_sys_init.o)
                              ../test2_bsp/\libhal_bsp.a(alt_main.o) (alt_irq_init)
../test2_bsp/\libhal_bsp.a(altera_avalon_jtag_uart_fd.o)
                              ../test2_bsp/\libhal_bsp.a(alt_sys_init.o) (altera_avalon_jtag_uart_read_fd)
../test2_bsp/\libhal_bsp.a(altera_avalon_jtag_uart_read.o)
                              ../test2_bsp/\libhal_bsp.a(altera_avalon_jtag_uart_fd.o) (altera_avalon_jtag_uart_read)
../test2_bsp/\libhal_bsp.a(altera_avalon_jtag_uart_write.o)
                              ../test2_bsp/\libhal_bsp.a(altera_avalon_jtag_uart_fd.o) (altera_avalon_jtag_uart_write)
../test2_bsp/\libhal_bsp.a(altera_avalon_timer_sc.o)
                              ../test2_bsp/\libhal_bsp.a(alt_sys_init.o) (alt_avalon_timer_sc_init)
../test2_bsp/\libhal_bsp.a(altera_up_avalon_character_lcd.o)
                              ../test2_bsp/\libhal_bsp.a(alt_sys_init.o) (alt_up_character_lcd_init)
../test2_bsp/\libhal_bsp.a(alt_close.o)
                              ../test2_bsp/\libhal_bsp.a(alt_main.o) (close)
../test2_bsp/\libhal_bsp.a(alt_dcache_flush_all.o)
                              ../test2_bsp/\libhal_bsp.a(alt_load.o) (alt_dcache_flush_all)
../test2_bsp/\libhal_bsp.a(alt_dev.o)
                              ../test2_bsp/\libhal_bsp.a(alt_sys_init.o) (alt_dev_list)
../test2_bsp/\libhal_bsp.a(alt_dev_llist_insert.o)
                              ../test2_bsp/\libhal_bsp.a(alt_sys_init.o) (alt_dev_llist_insert)
../test2_bsp/\libhal_bsp.a(alt_do_ctors.o)
                              ../test2_bsp/\libhal_bsp.a(alt_main.o) (_do_ctors)
../test2_bsp/\libhal_bsp.a(alt_do_dtors.o)
                              ../test2_bsp/\libhal_bsp.a(alt_main.o) (_do_dtors)
../test2_bsp/\libhal_bsp.a(alt_errno.o)
                              ../test2_bsp/\libhal_bsp.a(alt_write.o) (alt_errno)
../test2_bsp/\libhal_bsp.a(alt_exception_entry.o)
                              ../test2_bsp/\libhal_bsp.a(alt_irq_entry.o) (alt_exception)
../test2_bsp/\libhal_bsp.a(alt_find_dev.o)
                              ../test2_bsp/\libhal_bsp.a(altera_up_avalon_character_lcd.o) (alt_find_dev)
../test2_bsp/\libhal_bsp.a(alt_icache_flush_all.o)
                              ../test2_bsp/\libhal_bsp.a(alt_load.o) (alt_icache_flush_all)
../test2_bsp/\libhal_bsp.a(alt_instruction_exception_entry.o)
                              ../test2_bsp/\libhal_bsp.a(alt_exception_entry.o) (alt_instruction_exception_entry)
../test2_bsp/\libhal_bsp.a(alt_io_redirect.o)
                              ../test2_bsp/\libhal_bsp.a(alt_main.o) (alt_io_redirect)
../test2_bsp/\libhal_bsp.a(alt_open.o)
                              ../test2_bsp/\libhal_bsp.a(alt_io_redirect.o) (open)
../test2_bsp/\libhal_bsp.a(alt_release_fd.o)
                              ../test2_bsp/\libhal_bsp.a(alt_close.o) (alt_release_fd)
../test2_bsp/\libhal_bsp.a(alt_tick.o)
                              ../test2_bsp/\libhal_bsp.a(altera_avalon_timer_sc.o) (_alt_tick_rate)
../test2_bsp/\libhal_bsp.a(altera_nios2_gen2_irq.o)
                              ../test2_bsp/\libhal_bsp.a(alt_sys_init.o) (altera_nios2_gen2_irq_init)
../test2_bsp/\libhal_bsp.a(alt_find_file.o)
                              ../test2_bsp/\libhal_bsp.a(alt_open.o) (alt_find_file)
../test2_bsp/\libhal_bsp.a(alt_get_fd.o)
                              ../test2_bsp/\libhal_bsp.a(alt_open.o) (alt_get_fd)
../test2_bsp/\libhal_bsp.a(alt_icache_flush.o)
                              ../test2_bsp/\libhal_bsp.a(alt_icache_flush_all.o) (alt_icache_flush)
c:/intelfpga_lite/18.0/nios2eds/bin/gnu/h-x86_64-mingw32/bin/../lib/gcc/nios2-elf/5.3.0/../../../../../H-x86_64-mingw32/nios2-elf/lib\libsmallc.a(lib_a-atexit.o)
                              ../test2_bsp/\libhal_bsp.a(alt_main.o) (atexit)
c:/intelfpga_lite/18.0/nios2eds/bin/gnu/h-x86_64-mingw32/bin/../lib/gcc/nios2-elf/5.3.0/../../../../../H-x86_64-mingw32/nios2-elf/lib\libsmallc.a(lib_a-exit.o)
                              ../test2_bsp/\libhal_bsp.a(alt_main.o) (exit)
c:/intelfpga_lite/18.0/nios2eds/bin/gnu/h-x86_64-mingw32/bin/../lib/gcc/nios2-elf/5.3.0/../../../../../H-x86_64-mingw32/nios2-elf/lib\libsmallc.a(lib_a-memcmp.o)
                              ../test2_bsp/\libhal_bsp.a(alt_find_dev.o) (memcmp)
c:/intelfpga_lite/18.0/nios2eds/bin/gnu/h-x86_64-mingw32/bin/../lib/gcc/nios2-elf/5.3.0/../../../../../H-x86_64-mingw32/nios2-elf/lib\libsmallc.a(lib_a-__atexit.o)
                              c:/intelfpga_lite/18.0/nios2eds/bin/gnu/h-x86_64-mingw32/bin/../lib/gcc/nios2-elf/5.3.0/../../../../../H-x86_64-mingw32/nios2-elf/lib\libsmallc.a(lib_a-atexit.o) (__register_exitproc)
c:/intelfpga_lite/18.0/nios2eds/bin/gnu/h-x86_64-mingw32/bin/../lib/gcc/nios2-elf/5.3.0/../../../../../H-x86_64-mingw32/nios2-elf/lib\libsmallc.a(lib_a-__call_atexit.o)
                              c:/intelfpga_lite/18.0/nios2eds/bin/gnu/h-x86_64-mingw32/bin/../lib/gcc/nios2-elf/5.3.0/../../../../../H-x86_64-mingw32/nios2-elf/lib\libsmallc.a(lib_a-exit.o) (__call_exitprocs)
../test2_bsp/\libhal_bsp.a(alt_exit.o)
                              c:/intelfpga_lite/18.0/nios2eds/bin/gnu/h-x86_64-mingw32/bin/../lib/gcc/nios2-elf/5.3.0/../../../../../H-x86_64-mingw32/nios2-elf/lib\libsmallc.a(lib_a-exit.o) (_exit)

Allocating common symbols
Common symbol       size              file

alt_irq             0x100             ../test2_bsp/\libhal_bsp.a(alt_irq_handler.o)
errno               0x4               c:/intelfpga_lite/18.0/nios2eds/bin/gnu/h-x86_64-mingw32/bin/../lib/gcc/nios2-elf/5.3.0/../../../../../H-x86_64-mingw32/nios2-elf/lib\libsmallc.a(lib_a-int_errno.o)
key                 0x1               obj/default/hello_world.o
sw                  0x1               obj/default/hello_world.o

Memory Configuration

Name             Origin             Length             Attributes
reset            0x0000000000004000 0x0000000000000020
onchip_memory2_0 0x0000000000004020 0x0000000000002ec0
*default*        0x0000000000000000 0xffffffffffffffff

Linker script and memory map

LOAD ../test2_bsp//obj/HAL/src/crt0.o
LOAD obj/default/hello_world.o
LOAD c:/intelfpga_lite/18.0/nios2eds/bin/gnu/h-x86_64-mingw32/bin/../lib/gcc/nios2-elf/5.3.0/../../../../../H-x86_64-mingw32/nios2-elf/lib\libstdc++.a
LOAD c:/intelfpga_lite/18.0/nios2eds/bin/gnu/h-x86_64-mingw32/bin/../lib/gcc/nios2-elf/5.3.0/../../../../../H-x86_64-mingw32/nios2-elf/lib\libm.a
LOAD c:/intelfpga_lite/18.0/nios2eds/bin/gnu/h-x86_64-mingw32/bin/../lib/gcc/nios2-elf/5.3.0\libgcc.a
START GROUP
LOAD c:/intelfpga_lite/18.0/nios2eds/bin/gnu/h-x86_64-mingw32/bin/../lib/gcc/nios2-elf/5.3.0/../../../../../H-x86_64-mingw32/nios2-elf/lib\libsmallc.a
LOAD c:/intelfpga_lite/18.0/nios2eds/bin/gnu/h-x86_64-mingw32/bin/../lib/gcc/nios2-elf/5.3.0\libgcc.a
LOAD ../test2_bsp/\libhal_bsp.a
LOAD c:/intelfpga_lite/18.0/nios2eds/bin/gnu/h-x86_64-mingw32/bin/../lib/gcc/nios2-elf/5.3.0/../../../../../H-x86_64-mingw32/nios2-elf/lib\libm.a
END GROUP
LOAD c:/intelfpga_lite/18.0/nios2eds/bin/gnu/h-x86_64-mingw32/bin/../lib/gcc/nios2-elf/5.3.0\libgcc.a
                0x0000000000004000                __alt_mem_onchip_memory2_0 = 0x4000

.entry          0x0000000000004000       0x20
 *(.entry)
 .entry         0x0000000000004000       0x20 ../test2_bsp//obj/HAL/src/crt0.o
                0x0000000000004000                __reset

.exceptions     0x0000000000004020      0x224
                0x0000000000004020                PROVIDE (__ram_exceptions_start, ABSOLUTE (.))
                0x0000000000004020                . = ALIGN (0x20)
 *(.irq)
 *(.exceptions.entry.label)
 .exceptions.entry.label
                0x0000000000004020        0x0 ../test2_bsp/\libhal_bsp.a(alt_irq_entry.o)
                0x0000000000004020                alt_irq_entry
 .exceptions.entry.label
                0x0000000000004020        0x0 ../test2_bsp/\libhal_bsp.a(alt_exception_entry.o)
                0x0000000000004020                alt_exception
 *(.exceptions.entry.user)
 *(.exceptions.entry.ecc_fatal)
 *(.exceptions.entry)
 .exceptions.entry
                0x0000000000004020       0x54 ../test2_bsp/\libhal_bsp.a(alt_exception_entry.o)
 *(.exceptions.irqtest.user)
 *(.exceptions.irqtest)
 .exceptions.irqtest
                0x0000000000004074       0x10 ../test2_bsp/\libhal_bsp.a(alt_irq_entry.o)
 *(.exceptions.irqhandler.user)
 *(.exceptions.irqhandler)
 .exceptions.irqhandler
                0x0000000000004084        0x4 ../test2_bsp/\libhal_bsp.a(alt_irq_entry.o)
 *(.exceptions.irqreturn.user)
 *(.exceptions.irqreturn)
 .exceptions.irqreturn
                0x0000000000004088        0x4 ../test2_bsp/\libhal_bsp.a(alt_irq_entry.o)
 *(.exceptions.notirq.label)
 .exceptions.notirq.label
                0x000000000000408c        0x0 ../test2_bsp/\libhal_bsp.a(alt_irq_entry.o)
 *(.exceptions.notirq.user)
 *(.exceptions.notirq)
 .exceptions.notirq
                0x000000000000408c        0x8 ../test2_bsp/\libhal_bsp.a(alt_exception_entry.o)
 *(.exceptions.soft.user)
 *(.exceptions.soft)
 *(.exceptions.unknown.user)
 *(.exceptions.unknown)
 .exceptions.unknown
                0x0000000000004094       0x14 ../test2_bsp/\libhal_bsp.a(alt_exception_entry.o)
 *(.exceptions.exit.label)
 .exceptions.exit.label
                0x00000000000040a8        0x0 ../test2_bsp/\libhal_bsp.a(alt_irq_entry.o)
 .exceptions.exit.label
                0x00000000000040a8        0x0 ../test2_bsp/\libhal_bsp.a(alt_exception_entry.o)
 *(.exceptions.exit.user)
 *(.exceptions.exit)
 .exceptions.exit
                0x00000000000040a8       0x54 ../test2_bsp/\libhal_bsp.a(alt_exception_entry.o)
 *(.exceptions)
 .exceptions    0x00000000000040fc       0xd4 ../test2_bsp/\libhal_bsp.a(alt_irq_handler.o)
                0x00000000000040fc                alt_irq_handler
 .exceptions    0x00000000000041d0       0x74 ../test2_bsp/\libhal_bsp.a(alt_instruction_exception_entry.o)
                0x00000000000041d0                alt_instruction_exception_entry
                0x0000000000004244                PROVIDE (__ram_exceptions_end, ABSOLUTE (.))
                0x0000000000004020                PROVIDE (__flash_exceptions_start, LOADADDR (.exceptions))

.text           0x0000000000004244     0x229c
                [!provide]                        PROVIDE (stext, ABSOLUTE (.))
 *(.interp)
 *(.hash)
 *(.dynsym)
 *(.dynstr)
 *(.gnu.version)
 *(.gnu.version_d)
 *(.gnu.version_r)
 *(.rel.init)
 *(.rela.init)
 *(.rel.text .rel.text.* .rel.gnu.linkonce.t.*)
 *(.rela.text .rela.text.* .rela.gnu.linkonce.t.*)
 *(.rel.fini)
 *(.rela.fini)
 *(.rel.rodata .rel.rodata.* .rel.gnu.linkonce.r.*)
 *(.rela.rodata .rela.rodata.* .rela.gnu.linkonce.r.*)
 *(.rel.data .rel.data.* .rel.gnu.linkonce.d.*)
 *(.rela.data .rela.data.* .rela.gnu.linkonce.d.*)
 *(.rel.tdata .rel.tdata.* .rel.gnu.linkonce.td.*)
 *(.rela.tdata .rela.tdata.* .rela.gnu.linkonce.td.*)
 *(.rel.tbss .rel.tbss.* .rel.gnu.linkonce.tb.*)
 *(.rela.tbss .rela.tbss.* .rela.gnu.linkonce.tb.*)
 *(.rel.ctors)
 *(.rela.ctors)
 *(.rel.dtors)
 *(.rela.dtors)
 *(.rel.got)
 *(.rela.got)
 *(.rel.sdata .rel.sdata.* .rel.gnu.linkonce.s.*)
 *(.rela.sdata .rela.sdata.* .rela.gnu.linkonce.s.*)
 *(.rel.sbss .rel.sbss.* .rel.gnu.linkonce.sb.*)
 *(.rela.sbss .rela.sbss.* .rela.gnu.linkonce.sb.*)
 *(.rel.sdata2 .rel.sdata2.* .rel.gnu.linkonce.s2.*)
 *(.rela.sdata2 .rela.sdata2.* .rela.gnu.linkonce.s2.*)
 *(.rel.sbss2 .rel.sbss2.* .rel.gnu.linkonce.sb2.*)
 *(.rela.sbss2 .rela.sbss2.* .rela.gnu.linkonce.sb2.*)
 *(.rel.bss .rel.bss.* .rel.gnu.linkonce.b.*)
 *(.rela.bss .rela.bss.* .rela.gnu.linkonce.b.*)
 *(.rel.plt)
 *(.rela.plt)
 *(.rel.dyn)
 *(.init)
 *(.plt)
 *(.text .stub .text.* .gnu.linkonce.t.*)
 .text          0x0000000000004244       0x4c ../test2_bsp//obj/HAL/src/crt0.o
                0x0000000000004244                _start
 .text          0x0000000000004290      0x260 obj/default/hello_world.o
                0x0000000000004290                io_switch_isr
                0x00000000000042d8                io_switch_setup
                0x000000000000433c                delay
                0x0000000000004384                clearAllHex
                0x00000000000043d8                BCDtoHEX
                0x0000000000004448                main
 .text          0x00000000000044f0        0x0 c:/intelfpga_lite/18.0/nios2eds/bin/gnu/h-x86_64-mingw32/bin/../lib/gcc/nios2-elf/5.3.0/../../../../../H-x86_64-mingw32/nios2-elf/lib\libsmallc.a(lib_a-puts.o)
 .text._puts_r  0x00000000000044f0       0x80 c:/intelfpga_lite/18.0/nios2eds/bin/gnu/h-x86_64-mingw32/bin/../lib/gcc/nios2-elf/5.3.0/../../../../../H-x86_64-mingw32/nios2-elf/lib\libsmallc.a(lib_a-puts.o)
                0x00000000000044f0                _puts_r
 .text.puts     0x0000000000004570       0x14 c:/intelfpga_lite/18.0/nios2eds/bin/gnu/h-x86_64-mingw32/bin/../lib/gcc/nios2-elf/5.3.0/../../../../../H-x86_64-mingw32/nios2-elf/lib\libsmallc.a(lib_a-puts.o)
                0x0000000000004570                puts
 .text          0x0000000000004584        0x0 c:/intelfpga_lite/18.0/nios2eds/bin/gnu/h-x86_64-mingw32/bin/../lib/gcc/nios2-elf/5.3.0/../../../../../H-x86_64-mingw32/nios2-elf/lib\libsmallc.a(lib_a-strlen.o)
 .text.strlen   0x0000000000004584       0x1c c:/intelfpga_lite/18.0/nios2eds/bin/gnu/h-x86_64-mingw32/bin/../lib/gcc/nios2-elf/5.3.0/../../../../../H-x86_64-mingw32/nios2-elf/lib\libsmallc.a(lib_a-strlen.o)
                0x0000000000004584                strlen
 .text          0x00000000000045a0        0x0 c:/intelfpga_lite/18.0/nios2eds/bin/gnu/h-x86_64-mingw32/bin/../lib/gcc/nios2-elf/5.3.0/../../../../../H-x86_64-mingw32/nios2-elf/lib\libsmallc.a(lib_a-fvwrite_small_dev.o)
 .text.__sfvwrite_small_dev
                0x00000000000045a0       0xb8 c:/intelfpga_lite/18.0/nios2eds/bin/gnu/h-x86_64-mingw32/bin/../lib/gcc/nios2-elf/5.3.0/../../../../../H-x86_64-mingw32/nios2-elf/lib\libsmallc.a(lib_a-fvwrite_small_dev.o)
                0x00000000000045a0                __sfvwrite_small_dev
 .text          0x0000000000004658        0x0 c:/intelfpga_lite/18.0/nios2eds/bin/gnu/h-x86_64-mingw32/bin/../lib/gcc/nios2-elf/5.3.0/../../../../../H-x86_64-mingw32/nios2-elf/lib\libsmallc.a(lib_a-impure.o)
 .text          0x0000000000004658        0x0 c:/intelfpga_lite/18.0/nios2eds/bin/gnu/h-x86_64-mingw32/bin/../lib/gcc/nios2-elf/5.3.0/../../../../../H-x86_64-mingw32/nios2-elf/lib\libsmallc.a(lib_a-writer.o)
 .text._write_r
                0x0000000000004658       0x58 c:/intelfpga_lite/18.0/nios2eds/bin/gnu/h-x86_64-mingw32/bin/../lib/gcc/nios2-elf/5.3.0/../../../../../H-x86_64-mingw32/nios2-elf/lib\libsmallc.a(lib_a-writer.o)
                0x0000000000004658                _write_r
 .text          0x00000000000046b0        0x0 c:/intelfpga_lite/18.0/nios2eds/bin/gnu/h-x86_64-mingw32/bin/../lib/gcc/nios2-elf/5.3.0/../../../../../H-x86_64-mingw32/nios2-elf/lib\libsmallc.a(lib_a-int_errno.o)
 .text          0x00000000000046b0      0x1b0 ../test2_bsp/\libhal_bsp.a(alt_iic.o)
                0x00000000000046b0                alt_ic_isr_register
                0x0000000000004700                alt_ic_irq_enable
                0x0000000000004788                alt_ic_irq_disable
                0x0000000000004814                alt_ic_irq_enabled
 .text          0x0000000000004860       0xf0 ../test2_bsp/\libhal_bsp.a(alt_iic_isr_register.o)
                0x0000000000004860                alt_iic_isr_register
 .text          0x0000000000004950        0x0 ../test2_bsp/\libhal_bsp.a(alt_irq_entry.o)
 .text          0x0000000000004950        0x0 ../test2_bsp/\libhal_bsp.a(alt_irq_handler.o)
 .text          0x0000000000004950        0x0 ../test2_bsp/\libhal_bsp.a(alt_irq_vars.o)
 .text          0x0000000000004950       0xec ../test2_bsp/\libhal_bsp.a(alt_load.o)
                0x00000000000049b8                alt_load
 .text          0x0000000000004a3c       0x7c ../test2_bsp/\libhal_bsp.a(alt_main.o)
                0x0000000000004a3c                alt_main
 .text          0x0000000000004ab8      0x134 ../test2_bsp/\libhal_bsp.a(alt_write.o)
                0x0000000000004af4                write
 .text          0x0000000000004bec       0xd0 ../test2_bsp/\libhal_bsp.a(alt_sys_init.o)
                0x0000000000004c20                alt_irq_init
                0x0000000000004c58                alt_sys_init
 .text          0x0000000000004cbc       0xc0 ../test2_bsp/\libhal_bsp.a(altera_avalon_jtag_uart_fd.o)
                0x0000000000004cbc                altera_avalon_jtag_uart_read_fd
                0x0000000000004d1c                altera_avalon_jtag_uart_write_fd
 .text          0x0000000000004d7c       0xec ../test2_bsp/\libhal_bsp.a(altera_avalon_jtag_uart_read.o)
                0x0000000000004d7c                altera_avalon_jtag_uart_read
 .text          0x0000000000004e68       0x94 ../test2_bsp/\libhal_bsp.a(altera_avalon_jtag_uart_write.o)
                0x0000000000004e68                altera_avalon_jtag_uart_write
 .text          0x0000000000004efc       0xf4 ../test2_bsp/\libhal_bsp.a(altera_avalon_timer_sc.o)
                0x0000000000004f74                alt_avalon_timer_sc_init
 .text          0x0000000000004ff0      0x4f4 ../test2_bsp/\libhal_bsp.a(altera_up_avalon_character_lcd.o)
                0x0000000000004ff0                get_DDRAM_addr
                0x0000000000005064                alt_up_character_lcd_send_cmd
                0x00000000000050a4                alt_up_character_lcd_init
                0x00000000000050dc                alt_up_character_lcd_open_dev
                0x0000000000005118                alt_up_character_lcd_write
                0x0000000000005194                alt_up_character_lcd_string
                0x000000000000520c                alt_up_character_lcd_write_fd
                0x000000000000525c                alt_up_character_lcd_set_cursor_pos
                0x00000000000052d0                alt_up_character_lcd_shift_cursor
                0x000000000000535c                alt_up_character_lcd_shift_display
                0x00000000000053e8                alt_up_character_lcd_erase_pos
                0x0000000000005474                alt_up_character_lcd_cursor_off
                0x00000000000054ac                alt_up_character_lcd_cursor_blink_on
 .text          0x00000000000054e4      0x10c ../test2_bsp/\libhal_bsp.a(alt_close.o)
                0x0000000000005520                close
 .text          0x00000000000055f0       0x48 ../test2_bsp/\libhal_bsp.a(alt_dcache_flush_all.o)
                0x00000000000055f0                alt_dcache_flush_all
 .text          0x0000000000005638       0x2c ../test2_bsp/\libhal_bsp.a(alt_dev.o)
 .text          0x0000000000005664       0xe0 ../test2_bsp/\libhal_bsp.a(alt_dev_llist_insert.o)
                0x00000000000056a0                alt_dev_llist_insert
 .text          0x0000000000005744       0x60 ../test2_bsp/\libhal_bsp.a(alt_do_ctors.o)
                0x0000000000005744                _do_ctors
 .text          0x00000000000057a4       0x60 ../test2_bsp/\libhal_bsp.a(alt_do_dtors.o)
                0x00000000000057a4                _do_dtors
 .text          0x0000000000005804        0x0 ../test2_bsp/\libhal_bsp.a(alt_errno.o)
 .text          0x0000000000005804        0x0 ../test2_bsp/\libhal_bsp.a(alt_exception_entry.o)
 .text          0x0000000000005804       0x90 ../test2_bsp/\libhal_bsp.a(alt_find_dev.o)
                0x0000000000005804                alt_find_dev
 .text          0x0000000000005894       0x34 ../test2_bsp/\libhal_bsp.a(alt_icache_flush_all.o)
                0x0000000000005894                alt_icache_flush_all
 .text          0x00000000000058c8       0x9c ../test2_bsp/\libhal_bsp.a(alt_instruction_exception_entry.o)
                0x00000000000058c8                alt_exception_cause_generated_bad_addr
 .text          0x0000000000005964      0x140 ../test2_bsp/\libhal_bsp.a(alt_io_redirect.o)
                0x0000000000005a28                alt_io_redirect
 .text          0x0000000000005aa4      0x254 ../test2_bsp/\libhal_bsp.a(alt_open.o)
                0x0000000000005ba4                open
 .text          0x0000000000005cf8       0x64 ../test2_bsp/\libhal_bsp.a(alt_release_fd.o)
                0x0000000000005cf8                alt_release_fd
 .text          0x0000000000005d5c      0x1a4 ../test2_bsp/\libhal_bsp.a(alt_tick.o)
                0x0000000000005d5c                alt_alarm_stop
                0x0000000000005df8                alt_tick
 .text          0x0000000000005f00       0x24 ../test2_bsp/\libhal_bsp.a(altera_nios2_gen2_irq.o)
                0x0000000000005f00                altera_nios2_gen2_irq_init
 .text          0x0000000000005f24      0x108 ../test2_bsp/\libhal_bsp.a(alt_find_file.o)
                0x0000000000005f24                alt_find_file
 .text          0x000000000000602c       0xa4 ../test2_bsp/\libhal_bsp.a(alt_get_fd.o)
                0x000000000000602c                alt_get_fd
 .text          0x00000000000060d0       0x90 ../test2_bsp/\libhal_bsp.a(alt_icache_flush.o)
                0x00000000000060d0                alt_icache_flush
 .text          0x0000000000006160        0x0 c:/intelfpga_lite/18.0/nios2eds/bin/gnu/h-x86_64-mingw32/bin/../lib/gcc/nios2-elf/5.3.0/../../../../../H-x86_64-mingw32/nios2-elf/lib\libsmallc.a(lib_a-atexit.o)
 .text.atexit   0x0000000000006160       0x14 c:/intelfpga_lite/18.0/nios2eds/bin/gnu/h-x86_64-mingw32/bin/../lib/gcc/nios2-elf/5.3.0/../../../../../H-x86_64-mingw32/nios2-elf/lib\libsmallc.a(lib_a-atexit.o)
                0x0000000000006160                atexit
 .text          0x0000000000006174        0x0 c:/intelfpga_lite/18.0/nios2eds/bin/gnu/h-x86_64-mingw32/bin/../lib/gcc/nios2-elf/5.3.0/../../../../../H-x86_64-mingw32/nios2-elf/lib\libsmallc.a(lib_a-exit.o)
 .text.exit     0x0000000000006174       0x20 c:/intelfpga_lite/18.0/nios2eds/bin/gnu/h-x86_64-mingw32/bin/../lib/gcc/nios2-elf/5.3.0/../../../../../H-x86_64-mingw32/nios2-elf/lib\libsmallc.a(lib_a-exit.o)
                0x0000000000006174                exit
 .text          0x0000000000006194        0x0 c:/intelfpga_lite/18.0/nios2eds/bin/gnu/h-x86_64-mingw32/bin/../lib/gcc/nios2-elf/5.3.0/../../../../../H-x86_64-mingw32/nios2-elf/lib\libsmallc.a(lib_a-memcmp.o)
 .text.memcmp   0x0000000000006194       0x30 c:/intelfpga_lite/18.0/nios2eds/bin/gnu/h-x86_64-mingw32/bin/../lib/gcc/nios2-elf/5.3.0/../../../../../H-x86_64-mingw32/nios2-elf/lib\libsmallc.a(lib_a-memcmp.o)
                0x0000000000006194                memcmp
 .text          0x00000000000061c4        0x0 c:/intelfpga_lite/18.0/nios2eds/bin/gnu/h-x86_64-mingw32/bin/../lib/gcc/nios2-elf/5.3.0/../../../../../H-x86_64-mingw32/nios2-elf/lib\libsmallc.a(lib_a-__atexit.o)
 .text.__register_exitproc
                0x00000000000061c4      0x158 c:/intelfpga_lite/18.0/nios2eds/bin/gnu/h-x86_64-mingw32/bin/../lib/gcc/nios2-elf/5.3.0/../../../../../H-x86_64-mingw32/nios2-elf/lib\libsmallc.a(lib_a-__atexit.o)
                0x00000000000061c4                __register_exitproc
 .text          0x000000000000631c        0x0 c:/intelfpga_lite/18.0/nios2eds/bin/gnu/h-x86_64-mingw32/bin/../lib/gcc/nios2-elf/5.3.0/../../../../../H-x86_64-mingw32/nios2-elf/lib\libsmallc.a(lib_a-__call_atexit.o)
 .text.__call_exitprocs
                0x000000000000631c      0x190 c:/intelfpga_lite/18.0/nios2eds/bin/gnu/h-x86_64-mingw32/bin/../lib/gcc/nios2-elf/5.3.0/../../../../../H-x86_64-mingw32/nios2-elf/lib\libsmallc.a(lib_a-__call_atexit.o)
                0x000000000000631c                __call_exitprocs
 .text          0x00000000000064ac       0x34 ../test2_bsp/\libhal_bsp.a(alt_exit.o)
                0x00000000000064ac                _exit
 *(.gnu.warning.*)
 *(.fini)
                [!provide]                        PROVIDE (__etext, ABSOLUTE (.))
                [!provide]                        PROVIDE (_etext, ABSOLUTE (.))
                [!provide]                        PROVIDE (etext, ABSOLUTE (.))
 *(.eh_frame_hdr)
                0x00000000000064e0                . = ALIGN (0x4)
                [!provide]                        PROVIDE (__preinit_array_start, ABSOLUTE (.))
 *(.preinit_array)
                [!provide]                        PROVIDE (__preinit_array_end, ABSOLUTE (.))
                [!provide]                        PROVIDE (__init_array_start, ABSOLUTE (.))
 *(.init_array)
                [!provide]                        PROVIDE (__init_array_end, ABSOLUTE (.))
                [!provide]                        PROVIDE (__fini_array_start, ABSOLUTE (.))
 *(.fini_array)
                [!provide]                        PROVIDE (__fini_array_end, ABSOLUTE (.))
 *(.eh_frame)
 *(.gcc_except_table .gcc_except_table.*)
 *(.dynamic)
                0x00000000000064e0                PROVIDE (__CTOR_LIST__, ABSOLUTE (.))
 *(.ctors)
 *(SORT(.ctors.*))
                0x00000000000064e0                PROVIDE (__CTOR_END__, ABSOLUTE (.))
                0x00000000000064e0                PROVIDE (__DTOR_LIST__, ABSOLUTE (.))
 *(.dtors)
 *(SORT(.dtors.*))
                0x00000000000064e0                PROVIDE (__DTOR_END__, ABSOLUTE (.))
 *(.jcr)
                0x00000000000064e0                . = ALIGN (0x4)

.rodata         0x00000000000064e0       0x70
                0x00000000000064e0                PROVIDE (__ram_rodata_start, ABSOLUTE (.))
                0x00000000000064e0                . = ALIGN (0x4)
 *(.rodata .rodata.* .gnu.linkonce.r.*)
 .rodata        0x00000000000064e0       0x1d obj/default/hello_world.o
 *fill*         0x00000000000064fd        0x3 
 .rodata.str1.4
                0x0000000000006500        0x4 c:/intelfpga_lite/18.0/nios2eds/bin/gnu/h-x86_64-mingw32/bin/../lib/gcc/nios2-elf/5.3.0/../../../../../H-x86_64-mingw32/nios2-elf/lib\libsmallc.a(lib_a-puts.o)
                                          0x2 (size before relaxing)
 .rodata        0x0000000000006504       0x11 ../test2_bsp/\libhal_bsp.a(alt_main.o)
 *fill*         0x0000000000006515        0x3 
 .rodata        0x0000000000006518       0x29 ../test2_bsp/\libhal_bsp.a(alt_sys_init.o)
 *fill*         0x0000000000006541        0x3 
 .rodata        0x0000000000006544        0xa ../test2_bsp/\libhal_bsp.a(alt_dev.o)
 *(.rodata1)
                0x0000000000006550                . = ALIGN (0x4)
 *fill*         0x000000000000654e        0x2 
                0x0000000000006550                PROVIDE (__ram_rodata_end, ABSOLUTE (.))
                0x00000000000064e0                PROVIDE (__flash_rodata_start, LOADADDR (.rodata))

.rwdata         0x0000000000006550      0x330 load address 0x0000000000006880
                0x0000000000006550                PROVIDE (__ram_rwdata_start, ABSOLUTE (.))
                0x0000000000006550                . = ALIGN (0x4)
 *(.got.plt)
 *(.got)
 *(.data1)
 *(.data .data.* .gnu.linkonce.d.*)
 .data          0x0000000000006550        0x0 ../test2_bsp//obj/HAL/src/crt0.o
 .data          0x0000000000006550       0x1f obj/default/hello_world.o
                0x0000000000006550                hello
                0x0000000000006560                bye
 .data          0x000000000000656f        0x0 c:/intelfpga_lite/18.0/nios2eds/bin/gnu/h-x86_64-mingw32/bin/../lib/gcc/nios2-elf/5.3.0/../../../../../H-x86_64-mingw32/nios2-elf/lib\libsmallc.a(lib_a-puts.o)
 .data          0x000000000000656f        0x0 c:/intelfpga_lite/18.0/nios2eds/bin/gnu/h-x86_64-mingw32/bin/../lib/gcc/nios2-elf/5.3.0/../../../../../H-x86_64-mingw32/nios2-elf/lib\libsmallc.a(lib_a-strlen.o)
 .data          0x000000000000656f        0x0 c:/intelfpga_lite/18.0/nios2eds/bin/gnu/h-x86_64-mingw32/bin/../lib/gcc/nios2-elf/5.3.0/../../../../../H-x86_64-mingw32/nios2-elf/lib\libsmallc.a(lib_a-fvwrite_small_dev.o)
 .data          0x000000000000656f        0x0 c:/intelfpga_lite/18.0/nios2eds/bin/gnu/h-x86_64-mingw32/bin/../lib/gcc/nios2-elf/5.3.0/../../../../../H-x86_64-mingw32/nios2-elf/lib\libsmallc.a(lib_a-impure.o)
 *fill*         0x000000000000656f        0x1 
 .data.impure_data
                0x0000000000006570       0xe0 c:/intelfpga_lite/18.0/nios2eds/bin/gnu/h-x86_64-mingw32/bin/../lib/gcc/nios2-elf/5.3.0/../../../../../H-x86_64-mingw32/nios2-elf/lib\libsmallc.a(lib_a-impure.o)
 .data          0x0000000000006650        0x0 c:/intelfpga_lite/18.0/nios2eds/bin/gnu/h-x86_64-mingw32/bin/../lib/gcc/nios2-elf/5.3.0/../../../../../H-x86_64-mingw32/nios2-elf/lib\libsmallc.a(lib_a-writer.o)
 .data          0x0000000000006650        0x0 c:/intelfpga_lite/18.0/nios2eds/bin/gnu/h-x86_64-mingw32/bin/../lib/gcc/nios2-elf/5.3.0/../../../../../H-x86_64-mingw32/nios2-elf/lib\libsmallc.a(lib_a-int_errno.o)
 .data          0x0000000000006650        0x0 ../test2_bsp/\libhal_bsp.a(alt_iic.o)
 .data          0x0000000000006650        0x0 ../test2_bsp/\libhal_bsp.a(alt_iic_isr_register.o)
 .data          0x0000000000006650        0x0 ../test2_bsp/\libhal_bsp.a(alt_irq_entry.o)
 .data          0x0000000000006650        0x0 ../test2_bsp/\libhal_bsp.a(alt_irq_handler.o)
 .data          0x0000000000006650        0x0 ../test2_bsp/\libhal_bsp.a(alt_irq_vars.o)
 .data          0x0000000000006650        0x0 ../test2_bsp/\libhal_bsp.a(alt_load.o)
 .data          0x0000000000006650        0x0 ../test2_bsp/\libhal_bsp.a(alt_main.o)
 .data          0x0000000000006650        0x0 ../test2_bsp/\libhal_bsp.a(alt_write.o)
 .data          0x0000000000006650       0x58 ../test2_bsp/\libhal_bsp.a(alt_sys_init.o)
 .data          0x00000000000066a8        0x0 ../test2_bsp/\libhal_bsp.a(altera_avalon_jtag_uart_fd.o)
 .data          0x00000000000066a8        0x0 ../test2_bsp/\libhal_bsp.a(altera_avalon_jtag_uart_read.o)
 .data          0x00000000000066a8        0x0 ../test2_bsp/\libhal_bsp.a(altera_avalon_jtag_uart_write.o)
 .data          0x00000000000066a8        0x0 ../test2_bsp/\libhal_bsp.a(altera_avalon_timer_sc.o)
 .data          0x00000000000066a8        0x0 ../test2_bsp/\libhal_bsp.a(altera_up_avalon_character_lcd.o)
 .data          0x00000000000066a8        0x0 ../test2_bsp/\libhal_bsp.a(alt_close.o)
 .data          0x00000000000066a8        0x0 ../test2_bsp/\libhal_bsp.a(alt_dcache_flush_all.o)
 .data          0x00000000000066a8      0x1a8 ../test2_bsp/\libhal_bsp.a(alt_dev.o)
                0x00000000000066a8                alt_dev_null
                0x00000000000066d0                alt_fd_list
 .data          0x0000000000006850        0x0 ../test2_bsp/\libhal_bsp.a(alt_dev_llist_insert.o)
 .data          0x0000000000006850        0x0 ../test2_bsp/\libhal_bsp.a(alt_do_ctors.o)
 .data          0x0000000000006850        0x0 ../test2_bsp/\libhal_bsp.a(alt_do_dtors.o)
 .data          0x0000000000006850        0x0 ../test2_bsp/\libhal_bsp.a(alt_errno.o)
 .data          0x0000000000006850        0x0 ../test2_bsp/\libhal_bsp.a(alt_exception_entry.o)
 .data          0x0000000000006850        0x0 ../test2_bsp/\libhal_bsp.a(alt_find_dev.o)
 .data          0x0000000000006850        0x0 ../test2_bsp/\libhal_bsp.a(alt_icache_flush_all.o)
 .data          0x0000000000006850        0x0 ../test2_bsp/\libhal_bsp.a(alt_instruction_exception_entry.o)
 .data          0x0000000000006850        0x0 ../test2_bsp/\libhal_bsp.a(alt_io_redirect.o)
 .data          0x0000000000006850        0x0 ../test2_bsp/\libhal_bsp.a(alt_open.o)
 .data          0x0000000000006850        0x0 ../test2_bsp/\libhal_bsp.a(alt_release_fd.o)
 .data          0x0000000000006850        0x0 ../test2_bsp/\libhal_bsp.a(alt_tick.o)
 .data          0x0000000000006850        0x0 ../test2_bsp/\libhal_bsp.a(altera_nios2_gen2_irq.o)
 .data          0x0000000000006850        0x0 ../test2_bsp/\libhal_bsp.a(alt_find_file.o)
 .data          0x0000000000006850        0x0 ../test2_bsp/\libhal_bsp.a(alt_get_fd.o)
 .data          0x0000000000006850        0x0 ../test2_bsp/\libhal_bsp.a(alt_icache_flush.o)
 .data          0x0000000000006850        0x0 c:/intelfpga_lite/18.0/nios2eds/bin/gnu/h-x86_64-mingw32/bin/../lib/gcc/nios2-elf/5.3.0/../../../../../H-x86_64-mingw32/nios2-elf/lib\libsmallc.a(lib_a-atexit.o)
 .data          0x0000000000006850        0x0 c:/intelfpga_lite/18.0/nios2eds/bin/gnu/h-x86_64-mingw32/bin/../lib/gcc/nios2-elf/5.3.0/../../../../../H-x86_64-mingw32/nios2-elf/lib\libsmallc.a(lib_a-exit.o)
 .data          0x0000000000006850        0x0 c:/intelfpga_lite/18.0/nios2eds/bin/gnu/h-x86_64-mingw32/bin/../lib/gcc/nios2-elf/5.3.0/../../../../../H-x86_64-mingw32/nios2-elf/lib\libsmallc.a(lib_a-memcmp.o)
 .data          0x0000000000006850        0x0 c:/intelfpga_lite/18.0/nios2eds/bin/gnu/h-x86_64-mingw32/bin/../lib/gcc/nios2-elf/5.3.0/../../../../../H-x86_64-mingw32/nios2-elf/lib\libsmallc.a(lib_a-__atexit.o)
 .data          0x0000000000006850        0x0 c:/intelfpga_lite/18.0/nios2eds/bin/gnu/h-x86_64-mingw32/bin/../lib/gcc/nios2-elf/5.3.0/../../../../../H-x86_64-mingw32/nios2-elf/lib\libsmallc.a(lib_a-__call_atexit.o)
 .data          0x0000000000006850        0x0 ../test2_bsp/\libhal_bsp.a(alt_exit.o)
                0x000000000000e850                _gp = ABSOLUTE ((. + 0x8000))
                [!provide]                        PROVIDE (gp, _gp)
 *(.rwdata .rwdata.*)
 *(.sdata .sdata.* .gnu.linkonce.s.*)
 .sdata         0x0000000000006850        0x4 obj/default/hello_world.o
                0x0000000000006850                count
 .sdata._global_impure_ptr
                0x0000000000006854        0x4 c:/intelfpga_lite/18.0/nios2eds/bin/gnu/h-x86_64-mingw32/bin/../lib/gcc/nios2-elf/5.3.0/../../../../../H-x86_64-mingw32/nios2-elf/lib\libsmallc.a(lib_a-impure.o)
                0x0000000000006854                _global_impure_ptr
 .sdata._impure_ptr
                0x0000000000006858        0x4 c:/intelfpga_lite/18.0/nios2eds/bin/gnu/h-x86_64-mingw32/bin/../lib/gcc/nios2-elf/5.3.0/../../../../../H-x86_64-mingw32/nios2-elf/lib\libsmallc.a(lib_a-impure.o)
                0x0000000000006858                _impure_ptr
 .sdata         0x000000000000685c        0x4 ../test2_bsp/\libhal_bsp.a(alt_irq_vars.o)
                0x000000000000685c                alt_priority_mask
 .sdata         0x0000000000006860       0x14 ../test2_bsp/\libhal_bsp.a(alt_dev.o)
                0x0000000000006860                alt_fs_list
                0x0000000000006868                alt_dev_list
                0x0000000000006870                alt_max_fd
 .sdata         0x0000000000006874        0x4 ../test2_bsp/\libhal_bsp.a(alt_errno.o)
                0x0000000000006874                alt_errno
 .sdata         0x0000000000006878        0x8 ../test2_bsp/\libhal_bsp.a(alt_tick.o)
                0x0000000000006878                alt_alarm_list
 *(.sdata2 .sdata2.* .gnu.linkonce.s2.*)
                0x0000000000006880                . = ALIGN (0x4)
                0x0000000000006880                _edata = ABSOLUTE (.)
                [!provide]                        PROVIDE (edata, ABSOLUTE (.))
                0x0000000000006880                PROVIDE (__ram_rwdata_end, ABSOLUTE (.))
                0x0000000000006880                PROVIDE (__flash_rwdata_start, LOADADDR (.rwdata))

.bss            0x0000000000006bb0      0x128
                0x0000000000006bb0                __bss_start = ABSOLUTE (.)
                [!provide]                        PROVIDE (__sbss_start, ABSOLUTE (.))
                [!provide]                        PROVIDE (___sbss_start, ABSOLUTE (.))
 *(.dynsbss)
 *(.sbss .sbss.* .gnu.linkonce.sb.*)
 .sbss          0x0000000000006bb0        0x4 obj/default/hello_world.o
                0x0000000000006bb0                edge_val
 .sbss          0x0000000000006bb4        0x2 obj/default/hello_world.o
                0x0000000000006bb4                key
                0x0000000000006bb5                sw
 *fill*         0x0000000000006bb6        0x2 
 .sbss          0x0000000000006bb8        0x4 c:/intelfpga_lite/18.0/nios2eds/bin/gnu/h-x86_64-mingw32/bin/../lib/gcc/nios2-elf/5.3.0/../../../../../H-x86_64-mingw32/nios2-elf/lib\libsmallc.a(lib_a-int_errno.o)
                0x0000000000006bb8                errno
 .sbss          0x0000000000006bbc        0x4 ../test2_bsp/\libhal_bsp.a(alt_irq_vars.o)
                0x0000000000006bbc                alt_irq_active
 .sbss          0x0000000000006bc0        0xc ../test2_bsp/\libhal_bsp.a(alt_main.o)
                0x0000000000006bc0                alt_argc
                0x0000000000006bc4                alt_argv
                0x0000000000006bc8                alt_envp
 .sbss          0x0000000000006bcc        0x4 ../test2_bsp/\libhal_bsp.a(alt_instruction_exception_entry.o)
                0x0000000000006bcc                alt_instruction_exception_handler
 .sbss          0x0000000000006bd0        0x8 ../test2_bsp/\libhal_bsp.a(alt_tick.o)
                0x0000000000006bd0                _alt_tick_rate
                0x0000000000006bd4                _alt_nticks
 *(.sbss2 .sbss2.* .gnu.linkonce.sb2.*)
 *(.scommon)
                [!provide]                        PROVIDE (__sbss_end, ABSOLUTE (.))
                [!provide]                        PROVIDE (___sbss_end, ABSOLUTE (.))
 *(.dynbss)
 *(.bss .bss.* .gnu.linkonce.b.*)
 .bss           0x0000000000006bd8        0x0 ../test2_bsp//obj/HAL/src/crt0.o
 .bss           0x0000000000006bd8        0x0 obj/default/hello_world.o
 .bss           0x0000000000006bd8        0x0 c:/intelfpga_lite/18.0/nios2eds/bin/gnu/h-x86_64-mingw32/bin/../lib/gcc/nios2-elf/5.3.0/../../../../../H-x86_64-mingw32/nios2-elf/lib\libsmallc.a(lib_a-puts.o)
 .bss           0x0000000000006bd8        0x0 c:/intelfpga_lite/18.0/nios2eds/bin/gnu/h-x86_64-mingw32/bin/../lib/gcc/nios2-elf/5.3.0/../../../../../H-x86_64-mingw32/nios2-elf/lib\libsmallc.a(lib_a-strlen.o)
 .bss           0x0000000000006bd8        0x0 c:/intelfpga_lite/18.0/nios2eds/bin/gnu/h-x86_64-mingw32/bin/../lib/gcc/nios2-elf/5.3.0/../../../../../H-x86_64-mingw32/nios2-elf/lib\libsmallc.a(lib_a-fvwrite_small_dev.o)
 .bss           0x0000000000006bd8        0x0 c:/intelfpga_lite/18.0/nios2eds/bin/gnu/h-x86_64-mingw32/bin/../lib/gcc/nios2-elf/5.3.0/../../../../../H-x86_64-mingw32/nios2-elf/lib\libsmallc.a(lib_a-impure.o)
 .bss           0x0000000000006bd8        0x0 c:/intelfpga_lite/18.0/nios2eds/bin/gnu/h-x86_64-mingw32/bin/../lib/gcc/nios2-elf/5.3.0/../../../../../H-x86_64-mingw32/nios2-elf/lib\libsmallc.a(lib_a-writer.o)
 .bss           0x0000000000006bd8        0x0 c:/intelfpga_lite/18.0/nios2eds/bin/gnu/h-x86_64-mingw32/bin/../lib/gcc/nios2-elf/5.3.0/../../../../../H-x86_64-mingw32/nios2-elf/lib\libsmallc.a(lib_a-int_errno.o)
 .bss           0x0000000000006bd8        0x0 ../test2_bsp/\libhal_bsp.a(alt_iic.o)
 .bss           0x0000000000006bd8        0x0 ../test2_bsp/\libhal_bsp.a(alt_iic_isr_register.o)
 .bss           0x0000000000006bd8        0x0 ../test2_bsp/\libhal_bsp.a(alt_irq_entry.o)
 .bss           0x0000000000006bd8        0x0 ../test2_bsp/\libhal_bsp.a(alt_irq_handler.o)
 .bss           0x0000000000006bd8        0x0 ../test2_bsp/\libhal_bsp.a(alt_irq_vars.o)
 .bss           0x0000000000006bd8        0x0 ../test2_bsp/\libhal_bsp.a(alt_load.o)
 .bss           0x0000000000006bd8        0x0 ../test2_bsp/\libhal_bsp.a(alt_main.o)
 .bss           0x0000000000006bd8        0x0 ../test2_bsp/\libhal_bsp.a(alt_write.o)
 .bss           0x0000000000006bd8        0x0 ../test2_bsp/\libhal_bsp.a(alt_sys_init.o)
 .bss           0x0000000000006bd8        0x0 ../test2_bsp/\libhal_bsp.a(altera_avalon_jtag_uart_fd.o)
 .bss           0x0000000000006bd8        0x0 ../test2_bsp/\libhal_bsp.a(altera_avalon_jtag_uart_read.o)
 .bss           0x0000000000006bd8        0x0 ../test2_bsp/\libhal_bsp.a(altera_avalon_jtag_uart_write.o)
 .bss           0x0000000000006bd8        0x0 ../test2_bsp/\libhal_bsp.a(altera_avalon_timer_sc.o)
 .bss           0x0000000000006bd8        0x0 ../test2_bsp/\libhal_bsp.a(altera_up_avalon_character_lcd.o)
 .bss           0x0000000000006bd8        0x0 ../test2_bsp/\libhal_bsp.a(alt_close.o)
 .bss           0x0000000000006bd8        0x0 ../test2_bsp/\libhal_bsp.a(alt_dcache_flush_all.o)
 .bss           0x0000000000006bd8        0x0 ../test2_bsp/\libhal_bsp.a(alt_dev.o)
 .bss           0x0000000000006bd8        0x0 ../test2_bsp/\libhal_bsp.a(alt_dev_llist_insert.o)
 .bss           0x0000000000006bd8        0x0 ../test2_bsp/\libhal_bsp.a(alt_do_ctors.o)
 .bss           0x0000000000006bd8        0x0 ../test2_bsp/\libhal_bsp.a(alt_do_dtors.o)
 .bss           0x0000000000006bd8        0x0 ../test2_bsp/\libhal_bsp.a(alt_errno.o)
 .bss           0x0000000000006bd8        0x0 ../test2_bsp/\libhal_bsp.a(alt_exception_entry.o)
 .bss           0x0000000000006bd8        0x0 ../test2_bsp/\libhal_bsp.a(alt_find_dev.o)
 .bss           0x0000000000006bd8        0x0 ../test2_bsp/\libhal_bsp.a(alt_icache_flush_all.o)
 .bss           0x0000000000006bd8        0x0 ../test2_bsp/\libhal_bsp.a(alt_instruction_exception_entry.o)
 .bss           0x0000000000006bd8        0x0 ../test2_bsp/\libhal_bsp.a(alt_io_redirect.o)
 .bss           0x0000000000006bd8        0x0 ../test2_bsp/\libhal_bsp.a(alt_open.o)
 .bss           0x0000000000006bd8        0x0 ../test2_bsp/\libhal_bsp.a(alt_release_fd.o)
 .bss           0x0000000000006bd8        0x0 ../test2_bsp/\libhal_bsp.a(alt_tick.o)
 .bss           0x0000000000006bd8        0x0 ../test2_bsp/\libhal_bsp.a(altera_nios2_gen2_irq.o)
 .bss           0x0000000000006bd8        0x0 ../test2_bsp/\libhal_bsp.a(alt_find_file.o)
 .bss           0x0000000000006bd8        0x0 ../test2_bsp/\libhal_bsp.a(alt_get_fd.o)
 .bss           0x0000000000006bd8        0x0 ../test2_bsp/\libhal_bsp.a(alt_icache_flush.o)
 .bss           0x0000000000006bd8        0x0 c:/intelfpga_lite/18.0/nios2eds/bin/gnu/h-x86_64-mingw32/bin/../lib/gcc/nios2-elf/5.3.0/../../../../../H-x86_64-mingw32/nios2-elf/lib\libsmallc.a(lib_a-atexit.o)
 .bss           0x0000000000006bd8        0x0 c:/intelfpga_lite/18.0/nios2eds/bin/gnu/h-x86_64-mingw32/bin/../lib/gcc/nios2-elf/5.3.0/../../../../../H-x86_64-mingw32/nios2-elf/lib\libsmallc.a(lib_a-exit.o)
 .bss           0x0000000000006bd8        0x0 c:/intelfpga_lite/18.0/nios2eds/bin/gnu/h-x86_64-mingw32/bin/../lib/gcc/nios2-elf/5.3.0/../../../../../H-x86_64-mingw32/nios2-elf/lib\libsmallc.a(lib_a-memcmp.o)
 .bss           0x0000000000006bd8        0x0 c:/intelfpga_lite/18.0/nios2eds/bin/gnu/h-x86_64-mingw32/bin/../lib/gcc/nios2-elf/5.3.0/../../../../../H-x86_64-mingw32/nios2-elf/lib\libsmallc.a(lib_a-__atexit.o)
 .bss           0x0000000000006bd8        0x0 c:/intelfpga_lite/18.0/nios2eds/bin/gnu/h-x86_64-mingw32/bin/../lib/gcc/nios2-elf/5.3.0/../../../../../H-x86_64-mingw32/nios2-elf/lib\libsmallc.a(lib_a-__call_atexit.o)
 .bss           0x0000000000006bd8        0x0 ../test2_bsp/\libhal_bsp.a(alt_exit.o)
 *(COMMON)
 COMMON         0x0000000000006bd8      0x100 ../test2_bsp/\libhal_bsp.a(alt_irq_handler.o)
                0x0000000000006bd8                alt_irq
                0x0000000000006cd8                . = ALIGN (0x4)
                0x0000000000006cd8                __bss_end = ABSOLUTE (.)

.onchip_memory2_0
                0x0000000000006cd8        0x0
                [!provide]                        PROVIDE (_alt_partition_onchip_memory2_0_start, ABSOLUTE (.))
 *(.onchip_memory2_0 .onchip_memory2_0. onchip_memory2_0.*)
                0x0000000000006cd8                . = ALIGN (0x4)
                [!provide]                        PROVIDE (_alt_partition_onchip_memory2_0_end, ABSOLUTE (.))
                0x0000000000006cd8                _end = ABSOLUTE (.)
                0x0000000000006cd8                end = ABSOLUTE (.)
                0x0000000000006cd8                __alt_stack_base = ABSOLUTE (.)
                [!provide]                        PROVIDE (_alt_partition_onchip_memory2_0_load_addr, LOADADDR (.onchip_memory2_0))

.stab
 *(.stab)

.stabstr
 *(.stabstr)

.stab.excl
 *(.stab.excl)

.stab.exclstr
 *(.stab.exclstr)

.stab.index
 *(.stab.index)

.stab.indexstr
 *(.stab.indexstr)

.comment        0x0000000000000000       0x23
 *(.comment)
 .comment       0x0000000000000000       0x23 obj/default/hello_world.o
                                         0x24 (size before relaxing)
 .comment       0x0000000000000023       0x24 c:/intelfpga_lite/18.0/nios2eds/bin/gnu/h-x86_64-mingw32/bin/../lib/gcc/nios2-elf/5.3.0/../../../../../H-x86_64-mingw32/nios2-elf/lib\libsmallc.a(lib_a-puts.o)
 .comment       0x0000000000000023       0x24 c:/intelfpga_lite/18.0/nios2eds/bin/gnu/h-x86_64-mingw32/bin/../lib/gcc/nios2-elf/5.3.0/../../../../../H-x86_64-mingw32/nios2-elf/lib\libsmallc.a(lib_a-strlen.o)
 .comment       0x0000000000000023       0x24 c:/intelfpga_lite/18.0/nios2eds/bin/gnu/h-x86_64-mingw32/bin/../lib/gcc/nios2-elf/5.3.0/../../../../../H-x86_64-mingw32/nios2-elf/lib\libsmallc.a(lib_a-fvwrite_small_dev.o)
 .comment       0x0000000000000023       0x24 c:/intelfpga_lite/18.0/nios2eds/bin/gnu/h-x86_64-mingw32/bin/../lib/gcc/nios2-elf/5.3.0/../../../../../H-x86_64-mingw32/nios2-elf/lib\libsmallc.a(lib_a-impure.o)
 .comment       0x0000000000000023       0x24 c:/intelfpga_lite/18.0/nios2eds/bin/gnu/h-x86_64-mingw32/bin/../lib/gcc/nios2-elf/5.3.0/../../../../../H-x86_64-mingw32/nios2-elf/lib\libsmallc.a(lib_a-writer.o)
 .comment       0x0000000000000023       0x24 c:/intelfpga_lite/18.0/nios2eds/bin/gnu/h-x86_64-mingw32/bin/../lib/gcc/nios2-elf/5.3.0/../../../../../H-x86_64-mingw32/nios2-elf/lib\libsmallc.a(lib_a-int_errno.o)
 .comment       0x0000000000000023       0x24 ../test2_bsp/\libhal_bsp.a(alt_iic.o)
 .comment       0x0000000000000023       0x24 ../test2_bsp/\libhal_bsp.a(alt_iic_isr_register.o)
 .comment       0x0000000000000023       0x24 ../test2_bsp/\libhal_bsp.a(alt_irq_handler.o)
 .comment       0x0000000000000023       0x24 ../test2_bsp/\libhal_bsp.a(alt_irq_vars.o)
 .comment       0x0000000000000023       0x24 ../test2_bsp/\libhal_bsp.a(alt_load.o)
 .comment       0x0000000000000023       0x24 ../test2_bsp/\libhal_bsp.a(alt_main.o)
 .comment       0x0000000000000023       0x24 ../test2_bsp/\libhal_bsp.a(alt_write.o)
 .comment       0x0000000000000023       0x24 ../test2_bsp/\libhal_bsp.a(alt_sys_init.o)
 .comment       0x0000000000000023       0x24 ../test2_bsp/\libhal_bsp.a(altera_avalon_jtag_uart_fd.o)
 .comment       0x0000000000000023       0x24 ../test2_bsp/\libhal_bsp.a(altera_avalon_jtag_uart_read.o)
 .comment       0x0000000000000023       0x24 ../test2_bsp/\libhal_bsp.a(altera_avalon_jtag_uart_write.o)
 .comment       0x0000000000000023       0x24 ../test2_bsp/\libhal_bsp.a(altera_avalon_timer_sc.o)
 .comment       0x0000000000000023       0x24 ../test2_bsp/\libhal_bsp.a(altera_up_avalon_character_lcd.o)
 .comment       0x0000000000000023       0x24 ../test2_bsp/\libhal_bsp.a(alt_close.o)
 .comment       0x0000000000000023       0x24 ../test2_bsp/\libhal_bsp.a(alt_dcache_flush_all.o)
 .comment       0x0000000000000023       0x24 ../test2_bsp/\libhal_bsp.a(alt_dev.o)
 .comment       0x0000000000000023       0x24 ../test2_bsp/\libhal_bsp.a(alt_dev_llist_insert.o)
 .comment       0x0000000000000023       0x24 ../test2_bsp/\libhal_bsp.a(alt_do_ctors.o)
 .comment       0x0000000000000023       0x24 ../test2_bsp/\libhal_bsp.a(alt_do_dtors.o)
 .comment       0x0000000000000023       0x24 ../test2_bsp/\libhal_bsp.a(alt_errno.o)
 .comment       0x0000000000000023       0x24 ../test2_bsp/\libhal_bsp.a(alt_find_dev.o)
 .comment       0x0000000000000023       0x24 ../test2_bsp/\libhal_bsp.a(alt_icache_flush_all.o)
 .comment       0x0000000000000023       0x24 ../test2_bsp/\libhal_bsp.a(alt_instruction_exception_entry.o)
 .comment       0x0000000000000023       0x24 ../test2_bsp/\libhal_bsp.a(alt_io_redirect.o)
 .comment       0x0000000000000023       0x24 ../test2_bsp/\libhal_bsp.a(alt_open.o)
 .comment       0x0000000000000023       0x24 ../test2_bsp/\libhal_bsp.a(alt_release_fd.o)
 .comment       0x0000000000000023       0x24 ../test2_bsp/\libhal_bsp.a(alt_tick.o)
 .comment       0x0000000000000023       0x24 ../test2_bsp/\libhal_bsp.a(altera_nios2_gen2_irq.o)
 .comment       0x0000000000000023       0x24 ../test2_bsp/\libhal_bsp.a(alt_find_file.o)
 .comment       0x0000000000000023       0x24 ../test2_bsp/\libhal_bsp.a(alt_get_fd.o)
 .comment       0x0000000000000023       0x24 ../test2_bsp/\libhal_bsp.a(alt_icache_flush.o)
 .comment       0x0000000000000023       0x24 c:/intelfpga_lite/18.0/nios2eds/bin/gnu/h-x86_64-mingw32/bin/../lib/gcc/nios2-elf/5.3.0/../../../../../H-x86_64-mingw32/nios2-elf/lib\libsmallc.a(lib_a-atexit.o)
 .comment       0x0000000000000023       0x24 c:/intelfpga_lite/18.0/nios2eds/bin/gnu/h-x86_64-mingw32/bin/../lib/gcc/nios2-elf/5.3.0/../../../../../H-x86_64-mingw32/nios2-elf/lib\libsmallc.a(lib_a-exit.o)
 .comment       0x0000000000000023       0x24 c:/intelfpga_lite/18.0/nios2eds/bin/gnu/h-x86_64-mingw32/bin/../lib/gcc/nios2-elf/5.3.0/../../../../../H-x86_64-mingw32/nios2-elf/lib\libsmallc.a(lib_a-memcmp.o)
 .comment       0x0000000000000023       0x24 c:/intelfpga_lite/18.0/nios2eds/bin/gnu/h-x86_64-mingw32/bin/../lib/gcc/nios2-elf/5.3.0/../../../../../H-x86_64-mingw32/nios2-elf/lib\libsmallc.a(lib_a-__atexit.o)
 .comment       0x0000000000000023       0x24 c:/intelfpga_lite/18.0/nios2eds/bin/gnu/h-x86_64-mingw32/bin/../lib/gcc/nios2-elf/5.3.0/../../../../../H-x86_64-mingw32/nios2-elf/lib\libsmallc.a(lib_a-__call_atexit.o)
 .comment       0x0000000000000023       0x24 ../test2_bsp/\libhal_bsp.a(alt_exit.o)

.debug
 *(.debug)

.line
 *(.line)

.debug_srcinfo
 *(.debug_srcinfo)

.debug_sfnames
 *(.debug_sfnames)

.debug_aranges  0x0000000000000000      0x600
 *(.debug_aranges)
 .debug_aranges
                0x0000000000000000       0x28 ../test2_bsp//obj/HAL/src/crt0.o
 .debug_aranges
                0x0000000000000028       0x20 obj/default/hello_world.o
 .debug_aranges
                0x0000000000000048       0x28 c:/intelfpga_lite/18.0/nios2eds/bin/gnu/h-x86_64-mingw32/bin/../lib/gcc/nios2-elf/5.3.0/../../../../../H-x86_64-mingw32/nios2-elf/lib\libsmallc.a(lib_a-puts.o)
 .debug_aranges
                0x0000000000000070       0x20 c:/intelfpga_lite/18.0/nios2eds/bin/gnu/h-x86_64-mingw32/bin/../lib/gcc/nios2-elf/5.3.0/../../../../../H-x86_64-mingw32/nios2-elf/lib\libsmallc.a(lib_a-strlen.o)
 .debug_aranges
                0x0000000000000090       0x20 c:/intelfpga_lite/18.0/nios2eds/bin/gnu/h-x86_64-mingw32/bin/../lib/gcc/nios2-elf/5.3.0/../../../../../H-x86_64-mingw32/nios2-elf/lib\libsmallc.a(lib_a-fvwrite_small_dev.o)
 .debug_aranges
                0x00000000000000b0       0x18 c:/intelfpga_lite/18.0/nios2eds/bin/gnu/h-x86_64-mingw32/bin/../lib/gcc/nios2-elf/5.3.0/../../../../../H-x86_64-mingw32/nios2-elf/lib\libsmallc.a(lib_a-impure.o)
 .debug_aranges
                0x00000000000000c8       0x20 c:/intelfpga_lite/18.0/nios2eds/bin/gnu/h-x86_64-mingw32/bin/../lib/gcc/nios2-elf/5.3.0/../../../../../H-x86_64-mingw32/nios2-elf/lib\libsmallc.a(lib_a-writer.o)
 .debug_aranges
                0x00000000000000e8       0x18 c:/intelfpga_lite/18.0/nios2eds/bin/gnu/h-x86_64-mingw32/bin/../lib/gcc/nios2-elf/5.3.0/../../../../../H-x86_64-mingw32/nios2-elf/lib\libsmallc.a(lib_a-int_errno.o)
 .debug_aranges
                0x0000000000000100       0x20 ../test2_bsp/\libhal_bsp.a(alt_iic.o)
 .debug_aranges
                0x0000000000000120       0x20 ../test2_bsp/\libhal_bsp.a(alt_iic_isr_register.o)
 .debug_aranges
                0x0000000000000140       0x30 ../test2_bsp/\libhal_bsp.a(alt_irq_entry.o)
 .debug_aranges
                0x0000000000000170       0x20 ../test2_bsp/\libhal_bsp.a(alt_irq_handler.o)
 .debug_aranges
                0x0000000000000190       0x18 ../test2_bsp/\libhal_bsp.a(alt_irq_vars.o)
 .debug_aranges
                0x00000000000001a8       0x20 ../test2_bsp/\libhal_bsp.a(alt_load.o)
 .debug_aranges
                0x00000000000001c8       0x20 ../test2_bsp/\libhal_bsp.a(alt_main.o)
 .debug_aranges
                0x00000000000001e8       0x20 ../test2_bsp/\libhal_bsp.a(alt_write.o)
 .debug_aranges
                0x0000000000000208       0x20 ../test2_bsp/\libhal_bsp.a(alt_sys_init.o)
 .debug_aranges
                0x0000000000000228       0x20 ../test2_bsp/\libhal_bsp.a(altera_avalon_jtag_uart_fd.o)
 .debug_aranges
                0x0000000000000248       0x20 ../test2_bsp/\libhal_bsp.a(altera_avalon_jtag_uart_read.o)
 .debug_aranges
                0x0000000000000268       0x20 ../test2_bsp/\libhal_bsp.a(altera_avalon_jtag_uart_write.o)
 .debug_aranges
                0x0000000000000288       0x20 ../test2_bsp/\libhal_bsp.a(altera_avalon_timer_sc.o)
 .debug_aranges
                0x00000000000002a8       0x20 ../test2_bsp/\libhal_bsp.a(altera_up_avalon_character_lcd.o)
 .debug_aranges
                0x00000000000002c8       0x20 ../test2_bsp/\libhal_bsp.a(alt_close.o)
 .debug_aranges
                0x00000000000002e8       0x20 ../test2_bsp/\libhal_bsp.a(alt_dcache_flush_all.o)
 .debug_aranges
                0x0000000000000308       0x20 ../test2_bsp/\libhal_bsp.a(alt_dev.o)
 .debug_aranges
                0x0000000000000328       0x20 ../test2_bsp/\libhal_bsp.a(alt_dev_llist_insert.o)
 .debug_aranges
                0x0000000000000348       0x20 ../test2_bsp/\libhal_bsp.a(alt_do_ctors.o)
 .debug_aranges
                0x0000000000000368       0x20 ../test2_bsp/\libhal_bsp.a(alt_do_dtors.o)
 .debug_aranges
                0x0000000000000388       0x18 ../test2_bsp/\libhal_bsp.a(alt_errno.o)
 .debug_aranges
                0x00000000000003a0       0x38 ../test2_bsp/\libhal_bsp.a(alt_exception_entry.o)
 .debug_aranges
                0x00000000000003d8       0x20 ../test2_bsp/\libhal_bsp.a(alt_find_dev.o)
 .debug_aranges
                0x00000000000003f8       0x20 ../test2_bsp/\libhal_bsp.a(alt_icache_flush_all.o)
 .debug_aranges
                0x0000000000000418       0x28 ../test2_bsp/\libhal_bsp.a(alt_instruction_exception_entry.o)
 .debug_aranges
                0x0000000000000440       0x20 ../test2_bsp/\libhal_bsp.a(alt_io_redirect.o)
 .debug_aranges
                0x0000000000000460       0x20 ../test2_bsp/\libhal_bsp.a(alt_open.o)
 .debug_aranges
                0x0000000000000480       0x20 ../test2_bsp/\libhal_bsp.a(alt_release_fd.o)
 .debug_aranges
                0x00000000000004a0       0x20 ../test2_bsp/\libhal_bsp.a(alt_tick.o)
 .debug_aranges
                0x00000000000004c0       0x20 ../test2_bsp/\libhal_bsp.a(altera_nios2_gen2_irq.o)
 .debug_aranges
                0x00000000000004e0       0x20 ../test2_bsp/\libhal_bsp.a(alt_find_file.o)
 .debug_aranges
                0x0000000000000500       0x20 ../test2_bsp/\libhal_bsp.a(alt_get_fd.o)
 .debug_aranges
                0x0000000000000520       0x20 ../test2_bsp/\libhal_bsp.a(alt_icache_flush.o)
 .debug_aranges
                0x0000000000000540       0x20 c:/intelfpga_lite/18.0/nios2eds/bin/gnu/h-x86_64-mingw32/bin/../lib/gcc/nios2-elf/5.3.0/../../../../../H-x86_64-mingw32/nios2-elf/lib\libsmallc.a(lib_a-atexit.o)
 .debug_aranges
                0x0000000000000560       0x20 c:/intelfpga_lite/18.0/nios2eds/bin/gnu/h-x86_64-mingw32/bin/../lib/gcc/nios2-elf/5.3.0/../../../../../H-x86_64-mingw32/nios2-elf/lib\libsmallc.a(lib_a-exit.o)
 .debug_aranges
                0x0000000000000580       0x20 c:/intelfpga_lite/18.0/nios2eds/bin/gnu/h-x86_64-mingw32/bin/../lib/gcc/nios2-elf/5.3.0/../../../../../H-x86_64-mingw32/nios2-elf/lib\libsmallc.a(lib_a-memcmp.o)
 .debug_aranges
                0x00000000000005a0       0x20 c:/intelfpga_lite/18.0/nios2eds/bin/gnu/h-x86_64-mingw32/bin/../lib/gcc/nios2-elf/5.3.0/../../../../../H-x86_64-mingw32/nios2-elf/lib\libsmallc.a(lib_a-__atexit.o)
 .debug_aranges
                0x00000000000005c0       0x20 c:/intelfpga_lite/18.0/nios2eds/bin/gnu/h-x86_64-mingw32/bin/../lib/gcc/nios2-elf/5.3.0/../../../../../H-x86_64-mingw32/nios2-elf/lib\libsmallc.a(lib_a-__call_atexit.o)
 .debug_aranges
                0x00000000000005e0       0x20 ../test2_bsp/\libhal_bsp.a(alt_exit.o)

.debug_pubnames
 *(.debug_pubnames)

.debug_info     0x0000000000000000     0x7803
 *(.debug_info .gnu.linkonce.wi.*)
 .debug_info    0x0000000000000000       0x6d ../test2_bsp//obj/HAL/src/crt0.o
 .debug_info    0x000000000000006d      0x482 obj/default/hello_world.o
 .debug_info    0x00000000000004ef      0x66d c:/intelfpga_lite/18.0/nios2eds/bin/gnu/h-x86_64-mingw32/bin/../lib/gcc/nios2-elf/5.3.0/../../../../../H-x86_64-mingw32/nios2-elf/lib\libsmallc.a(lib_a-puts.o)
 .debug_info    0x0000000000000b5c       0xc9 c:/intelfpga_lite/18.0/nios2eds/bin/gnu/h-x86_64-mingw32/bin/../lib/gcc/nios2-elf/5.3.0/../../../../../H-x86_64-mingw32/nios2-elf/lib\libsmallc.a(lib_a-strlen.o)
 .debug_info    0x0000000000000c25      0x62b c:/intelfpga_lite/18.0/nios2eds/bin/gnu/h-x86_64-mingw32/bin/../lib/gcc/nios2-elf/5.3.0/../../../../../H-x86_64-mingw32/nios2-elf/lib\libsmallc.a(lib_a-fvwrite_small_dev.o)
 .debug_info    0x0000000000001250      0x5a9 c:/intelfpga_lite/18.0/nios2eds/bin/gnu/h-x86_64-mingw32/bin/../lib/gcc/nios2-elf/5.3.0/../../../../../H-x86_64-mingw32/nios2-elf/lib\libsmallc.a(lib_a-impure.o)
 .debug_info    0x00000000000017f9      0x630 c:/intelfpga_lite/18.0/nios2eds/bin/gnu/h-x86_64-mingw32/bin/../lib/gcc/nios2-elf/5.3.0/../../../../../H-x86_64-mingw32/nios2-elf/lib\libsmallc.a(lib_a-writer.o)
 .debug_info    0x0000000000001e29       0x8a c:/intelfpga_lite/18.0/nios2eds/bin/gnu/h-x86_64-mingw32/bin/../lib/gcc/nios2-elf/5.3.0/../../../../../H-x86_64-mingw32/nios2-elf/lib\libsmallc.a(lib_a-int_errno.o)
 .debug_info    0x0000000000001eb3      0x350 ../test2_bsp/\libhal_bsp.a(alt_iic.o)
 .debug_info    0x0000000000002203      0x1ef ../test2_bsp/\libhal_bsp.a(alt_iic_isr_register.o)
 .debug_info    0x00000000000023f2       0x76 ../test2_bsp/\libhal_bsp.a(alt_irq_entry.o)
 .debug_info    0x0000000000002468      0x187 ../test2_bsp/\libhal_bsp.a(alt_irq_handler.o)
 .debug_info    0x00000000000025ef       0x88 ../test2_bsp/\libhal_bsp.a(alt_irq_vars.o)
 .debug_info    0x0000000000002677      0x145 ../test2_bsp/\libhal_bsp.a(alt_load.o)
 .debug_info    0x00000000000027bc      0x131 ../test2_bsp/\libhal_bsp.a(alt_main.o)
 .debug_info    0x00000000000028ed      0x4b7 ../test2_bsp/\libhal_bsp.a(alt_write.o)
 .debug_info    0x0000000000002da4      0x420 ../test2_bsp/\libhal_bsp.a(alt_sys_init.o)
 .debug_info    0x00000000000031c4      0x3a7 ../test2_bsp/\libhal_bsp.a(altera_avalon_jtag_uart_fd.o)
 .debug_info    0x000000000000356b      0x1b2 ../test2_bsp/\libhal_bsp.a(altera_avalon_jtag_uart_read.o)
 .debug_info    0x000000000000371d      0x195 ../test2_bsp/\libhal_bsp.a(altera_avalon_jtag_uart_write.o)
 .debug_info    0x00000000000038b2      0x226 ../test2_bsp/\libhal_bsp.a(altera_avalon_timer_sc.o)
 .debug_info    0x0000000000003ad8      0x601 ../test2_bsp/\libhal_bsp.a(altera_up_avalon_character_lcd.o)
 .debug_info    0x00000000000040d9      0x321 ../test2_bsp/\libhal_bsp.a(alt_close.o)
 .debug_info    0x00000000000043fa       0xa5 ../test2_bsp/\libhal_bsp.a(alt_dcache_flush_all.o)
 .debug_info    0x000000000000449f      0x49c ../test2_bsp/\libhal_bsp.a(alt_dev.o)
 .debug_info    0x000000000000493b      0x1a9 ../test2_bsp/\libhal_bsp.a(alt_dev_llist_insert.o)
 .debug_info    0x0000000000004ae4       0x83 ../test2_bsp/\libhal_bsp.a(alt_do_ctors.o)
 .debug_info    0x0000000000004b67       0x83 ../test2_bsp/\libhal_bsp.a(alt_do_dtors.o)
 .debug_info    0x0000000000004bea       0xa6 ../test2_bsp/\libhal_bsp.a(alt_errno.o)
 .debug_info    0x0000000000004c90       0x7c ../test2_bsp/\libhal_bsp.a(alt_exception_entry.o)
 .debug_info    0x0000000000004d0c      0x2e9 ../test2_bsp/\libhal_bsp.a(alt_find_dev.o)
 .debug_info    0x0000000000004ff5       0x92 ../test2_bsp/\libhal_bsp.a(alt_icache_flush_all.o)
 .debug_info    0x0000000000005087      0x1e7 ../test2_bsp/\libhal_bsp.a(alt_instruction_exception_entry.o)
 .debug_info    0x000000000000526e      0x4a5 ../test2_bsp/\libhal_bsp.a(alt_io_redirect.o)
 .debug_info    0x0000000000005713      0x3bb ../test2_bsp/\libhal_bsp.a(alt_open.o)
 .debug_info    0x0000000000005ace      0x2b0 ../test2_bsp/\libhal_bsp.a(alt_release_fd.o)
 .debug_info    0x0000000000005d7e      0x299 ../test2_bsp/\libhal_bsp.a(alt_tick.o)
 .debug_info    0x0000000000006017       0x92 ../test2_bsp/\libhal_bsp.a(altera_nios2_gen2_irq.o)
 .debug_info    0x00000000000060a9      0x2e6 ../test2_bsp/\libhal_bsp.a(alt_find_file.o)
 .debug_info    0x000000000000638f      0x310 ../test2_bsp/\libhal_bsp.a(alt_get_fd.o)
 .debug_info    0x000000000000669f       0xdc ../test2_bsp/\libhal_bsp.a(alt_icache_flush.o)
 .debug_info    0x000000000000677b       0xfe c:/intelfpga_lite/18.0/nios2eds/bin/gnu/h-x86_64-mingw32/bin/../lib/gcc/nios2-elf/5.3.0/../../../../../H-x86_64-mingw32/nios2-elf/lib\libsmallc.a(lib_a-atexit.o)
 .debug_info    0x0000000000006879       0xe5 c:/intelfpga_lite/18.0/nios2eds/bin/gnu/h-x86_64-mingw32/bin/../lib/gcc/nios2-elf/5.3.0/../../../../../H-x86_64-mingw32/nios2-elf/lib\libsmallc.a(lib_a-exit.o)
 .debug_info    0x000000000000695e       0xf4 c:/intelfpga_lite/18.0/nios2eds/bin/gnu/h-x86_64-mingw32/bin/../lib/gcc/nios2-elf/5.3.0/../../../../../H-x86_64-mingw32/nios2-elf/lib\libsmallc.a(lib_a-memcmp.o)
 .debug_info    0x0000000000006a52      0x64a c:/intelfpga_lite/18.0/nios2eds/bin/gnu/h-x86_64-mingw32/bin/../lib/gcc/nios2-elf/5.3.0/../../../../../H-x86_64-mingw32/nios2-elf/lib\libsmallc.a(lib_a-__atexit.o)
 .debug_info    0x000000000000709c      0x67b c:/intelfpga_lite/18.0/nios2eds/bin/gnu/h-x86_64-mingw32/bin/../lib/gcc/nios2-elf/5.3.0/../../../../../H-x86_64-mingw32/nios2-elf/lib\libsmallc.a(lib_a-__call_atexit.o)
 .debug_info    0x0000000000007717       0xec ../test2_bsp/\libhal_bsp.a(alt_exit.o)

.debug_abbrev   0x0000000000000000     0x2a98
 *(.debug_abbrev)
 .debug_abbrev  0x0000000000000000       0x12 ../test2_bsp//obj/HAL/src/crt0.o
 .debug_abbrev  0x0000000000000012      0x175 obj/default/hello_world.o
 .debug_abbrev  0x0000000000000187      0x1d6 c:/intelfpga_lite/18.0/nios2eds/bin/gnu/h-x86_64-mingw32/bin/../lib/gcc/nios2-elf/5.3.0/../../../../../H-x86_64-mingw32/nios2-elf/lib\libsmallc.a(lib_a-puts.o)
 .debug_abbrev  0x000000000000035d       0x7f c:/intelfpga_lite/18.0/nios2eds/bin/gnu/h-x86_64-mingw32/bin/../lib/gcc/nios2-elf/5.3.0/../../../../../H-x86_64-mingw32/nios2-elf/lib\libsmallc.a(lib_a-strlen.o)
 .debug_abbrev  0x00000000000003dc      0x1bc c:/intelfpga_lite/18.0/nios2eds/bin/gnu/h-x86_64-mingw32/bin/../lib/gcc/nios2-elf/5.3.0/../../../../../H-x86_64-mingw32/nios2-elf/lib\libsmallc.a(lib_a-fvwrite_small_dev.o)
 .debug_abbrev  0x0000000000000598      0x14a c:/intelfpga_lite/18.0/nios2eds/bin/gnu/h-x86_64-mingw32/bin/../lib/gcc/nios2-elf/5.3.0/../../../../../H-x86_64-mingw32/nios2-elf/lib\libsmallc.a(lib_a-impure.o)
 .debug_abbrev  0x00000000000006e2      0x1a6 c:/intelfpga_lite/18.0/nios2eds/bin/gnu/h-x86_64-mingw32/bin/../lib/gcc/nios2-elf/5.3.0/../../../../../H-x86_64-mingw32/nios2-elf/lib\libsmallc.a(lib_a-writer.o)
 .debug_abbrev  0x0000000000000888       0x37 c:/intelfpga_lite/18.0/nios2eds/bin/gnu/h-x86_64-mingw32/bin/../lib/gcc/nios2-elf/5.3.0/../../../../../H-x86_64-mingw32/nios2-elf/lib\libsmallc.a(lib_a-int_errno.o)
 .debug_abbrev  0x00000000000008bf      0x163 ../test2_bsp/\libhal_bsp.a(alt_iic.o)
 .debug_abbrev  0x0000000000000a22      0x169 ../test2_bsp/\libhal_bsp.a(alt_iic_isr_register.o)
 .debug_abbrev  0x0000000000000b8b       0x12 ../test2_bsp/\libhal_bsp.a(alt_irq_entry.o)
 .debug_abbrev  0x0000000000000b9d      0x122 ../test2_bsp/\libhal_bsp.a(alt_irq_handler.o)
 .debug_abbrev  0x0000000000000cbf       0x40 ../test2_bsp/\libhal_bsp.a(alt_irq_vars.o)
 .debug_abbrev  0x0000000000000cff       0x9f ../test2_bsp/\libhal_bsp.a(alt_load.o)
 .debug_abbrev  0x0000000000000d9e       0xba ../test2_bsp/\libhal_bsp.a(alt_main.o)
 .debug_abbrev  0x0000000000000e58      0x133 ../test2_bsp/\libhal_bsp.a(alt_write.o)
 .debug_abbrev  0x0000000000000f8b      0x157 ../test2_bsp/\libhal_bsp.a(alt_sys_init.o)
 .debug_abbrev  0x00000000000010e2       0xf7 ../test2_bsp/\libhal_bsp.a(altera_avalon_jtag_uart_fd.o)
 .debug_abbrev  0x00000000000011d9       0xd5 ../test2_bsp/\libhal_bsp.a(altera_avalon_jtag_uart_read.o)
 .debug_abbrev  0x00000000000012ae       0xd5 ../test2_bsp/\libhal_bsp.a(altera_avalon_jtag_uart_write.o)
 .debug_abbrev  0x0000000000001383      0x155 ../test2_bsp/\libhal_bsp.a(altera_avalon_timer_sc.o)
 .debug_abbrev  0x00000000000014d8      0x156 ../test2_bsp/\libhal_bsp.a(altera_up_avalon_character_lcd.o)
 .debug_abbrev  0x000000000000162e      0x11f ../test2_bsp/\libhal_bsp.a(alt_close.o)
 .debug_abbrev  0x000000000000174d       0x5a ../test2_bsp/\libhal_bsp.a(alt_dcache_flush_all.o)
 .debug_abbrev  0x00000000000017a7       0xd9 ../test2_bsp/\libhal_bsp.a(alt_dev.o)
 .debug_abbrev  0x0000000000001880      0x114 ../test2_bsp/\libhal_bsp.a(alt_dev_llist_insert.o)
 .debug_abbrev  0x0000000000001994       0x79 ../test2_bsp/\libhal_bsp.a(alt_do_ctors.o)
 .debug_abbrev  0x0000000000001a0d       0x79 ../test2_bsp/\libhal_bsp.a(alt_do_dtors.o)
 .debug_abbrev  0x0000000000001a86       0x5a ../test2_bsp/\libhal_bsp.a(alt_errno.o)
 .debug_abbrev  0x0000000000001ae0       0x12 ../test2_bsp/\libhal_bsp.a(alt_exception_entry.o)
 .debug_abbrev  0x0000000000001af2       0xf0 ../test2_bsp/\libhal_bsp.a(alt_find_dev.o)
 .debug_abbrev  0x0000000000001be2       0x42 ../test2_bsp/\libhal_bsp.a(alt_icache_flush_all.o)
 .debug_abbrev  0x0000000000001c24       0xdc ../test2_bsp/\libhal_bsp.a(alt_instruction_exception_entry.o)
 .debug_abbrev  0x0000000000001d00      0x114 ../test2_bsp/\libhal_bsp.a(alt_io_redirect.o)
 .debug_abbrev  0x0000000000001e14      0x148 ../test2_bsp/\libhal_bsp.a(alt_open.o)
 .debug_abbrev  0x0000000000001f5c       0xde ../test2_bsp/\libhal_bsp.a(alt_release_fd.o)
 .debug_abbrev  0x000000000000203a      0x15a ../test2_bsp/\libhal_bsp.a(alt_tick.o)
 .debug_abbrev  0x0000000000002194       0x42 ../test2_bsp/\libhal_bsp.a(altera_nios2_gen2_irq.o)
 .debug_abbrev  0x00000000000021d6       0xf0 ../test2_bsp/\libhal_bsp.a(alt_find_file.o)
 .debug_abbrev  0x00000000000022c6      0x10d ../test2_bsp/\libhal_bsp.a(alt_get_fd.o)
 .debug_abbrev  0x00000000000023d3       0x8c ../test2_bsp/\libhal_bsp.a(alt_icache_flush.o)
 .debug_abbrev  0x000000000000245f       0xaa c:/intelfpga_lite/18.0/nios2eds/bin/gnu/h-x86_64-mingw32/bin/../lib/gcc/nios2-elf/5.3.0/../../../../../H-x86_64-mingw32/nios2-elf/lib\libsmallc.a(lib_a-atexit.o)
 .debug_abbrev  0x0000000000002509       0x8b c:/intelfpga_lite/18.0/nios2eds/bin/gnu/h-x86_64-mingw32/bin/../lib/gcc/nios2-elf/5.3.0/../../../../../H-x86_64-mingw32/nios2-elf/lib\libsmallc.a(lib_a-exit.o)
 .debug_abbrev  0x0000000000002594       0x7f c:/intelfpga_lite/18.0/nios2eds/bin/gnu/h-x86_64-mingw32/bin/../lib/gcc/nios2-elf/5.3.0/../../../../../H-x86_64-mingw32/nios2-elf/lib\libsmallc.a(lib_a-memcmp.o)
 .debug_abbrev  0x0000000000002613      0x1e6 c:/intelfpga_lite/18.0/nios2eds/bin/gnu/h-x86_64-mingw32/bin/../lib/gcc/nios2-elf/5.3.0/../../../../../H-x86_64-mingw32/nios2-elf/lib\libsmallc.a(lib_a-__atexit.o)
 .debug_abbrev  0x00000000000027f9      0x1f6 c:/intelfpga_lite/18.0/nios2eds/bin/gnu/h-x86_64-mingw32/bin/../lib/gcc/nios2-elf/5.3.0/../../../../../H-x86_64-mingw32/nios2-elf/lib\libsmallc.a(lib_a-__call_atexit.o)
 .debug_abbrev  0x00000000000029ef       0xa9 ../test2_bsp/\libhal_bsp.a(alt_exit.o)

.debug_line     0x0000000000000000     0x2db4
 *(.debug_line)
 .debug_line    0x0000000000000000       0x72 ../test2_bsp//obj/HAL/src/crt0.o
 .debug_line    0x0000000000000072      0x13b obj/default/hello_world.o
 .debug_line    0x00000000000001ad      0x203 c:/intelfpga_lite/18.0/nios2eds/bin/gnu/h-x86_64-mingw32/bin/../lib/gcc/nios2-elf/5.3.0/../../../../../H-x86_64-mingw32/nios2-elf/lib\libsmallc.a(lib_a-puts.o)
 .debug_line    0x00000000000003b0      0x159 c:/intelfpga_lite/18.0/nios2eds/bin/gnu/h-x86_64-mingw32/bin/../lib/gcc/nios2-elf/5.3.0/../../../../../H-x86_64-mingw32/nios2-elf/lib\libsmallc.a(lib_a-strlen.o)
 .debug_line    0x0000000000000509      0x1ed c:/intelfpga_lite/18.0/nios2eds/bin/gnu/h-x86_64-mingw32/bin/../lib/gcc/nios2-elf/5.3.0/../../../../../H-x86_64-mingw32/nios2-elf/lib\libsmallc.a(lib_a-fvwrite_small_dev.o)
 .debug_line    0x00000000000006f6      0x153 c:/intelfpga_lite/18.0/nios2eds/bin/gnu/h-x86_64-mingw32/bin/../lib/gcc/nios2-elf/5.3.0/../../../../../H-x86_64-mingw32/nios2-elf/lib\libsmallc.a(lib_a-impure.o)
 .debug_line    0x0000000000000849      0x1ea c:/intelfpga_lite/18.0/nios2eds/bin/gnu/h-x86_64-mingw32/bin/../lib/gcc/nios2-elf/5.3.0/../../../../../H-x86_64-mingw32/nios2-elf/lib\libsmallc.a(lib_a-writer.o)
 .debug_line    0x0000000000000a33       0x5c c:/intelfpga_lite/18.0/nios2eds/bin/gnu/h-x86_64-mingw32/bin/../lib/gcc/nios2-elf/5.3.0/../../../../../H-x86_64-mingw32/nios2-elf/lib\libsmallc.a(lib_a-int_errno.o)
 .debug_line    0x0000000000000a8f       0xeb ../test2_bsp/\libhal_bsp.a(alt_iic.o)
 .debug_line    0x0000000000000b7a       0xdb ../test2_bsp/\libhal_bsp.a(alt_iic_isr_register.o)
 .debug_line    0x0000000000000c55       0x6b ../test2_bsp/\libhal_bsp.a(alt_irq_entry.o)
 .debug_line    0x0000000000000cc0       0xaa ../test2_bsp/\libhal_bsp.a(alt_irq_handler.o)
 .debug_line    0x0000000000000d6a       0x50 ../test2_bsp/\libhal_bsp.a(alt_irq_vars.o)
 .debug_line    0x0000000000000dba       0x8e ../test2_bsp/\libhal_bsp.a(alt_load.o)
 .debug_line    0x0000000000000e48       0xa4 ../test2_bsp/\libhal_bsp.a(alt_main.o)
 .debug_line    0x0000000000000eec      0x1db ../test2_bsp/\libhal_bsp.a(alt_write.o)
 .debug_line    0x00000000000010c7      0x168 ../test2_bsp/\libhal_bsp.a(alt_sys_init.o)
 .debug_line    0x000000000000122f      0x112 ../test2_bsp/\libhal_bsp.a(altera_avalon_jtag_uart_fd.o)
 .debug_line    0x0000000000001341       0xfd ../test2_bsp/\libhal_bsp.a(altera_avalon_jtag_uart_read.o)
 .debug_line    0x000000000000143e       0xf4 ../test2_bsp/\libhal_bsp.a(altera_avalon_jtag_uart_write.o)
 .debug_line    0x0000000000001532       0xfd ../test2_bsp/\libhal_bsp.a(altera_avalon_timer_sc.o)
 .debug_line    0x000000000000162f      0x1c3 ../test2_bsp/\libhal_bsp.a(altera_up_avalon_character_lcd.o)
 .debug_line    0x00000000000017f2      0x165 ../test2_bsp/\libhal_bsp.a(alt_close.o)
 .debug_line    0x0000000000001957       0x61 ../test2_bsp/\libhal_bsp.a(alt_dcache_flush_all.o)
 .debug_line    0x00000000000019b8       0xf8 ../test2_bsp/\libhal_bsp.a(alt_dev.o)
 .debug_line    0x0000000000001ab0       0xcf ../test2_bsp/\libhal_bsp.a(alt_dev_llist_insert.o)
 .debug_line    0x0000000000001b7f       0x59 ../test2_bsp/\libhal_bsp.a(alt_do_ctors.o)
 .debug_line    0x0000000000001bd8       0x59 ../test2_bsp/\libhal_bsp.a(alt_do_dtors.o)
 .debug_line    0x0000000000001c31       0x51 ../test2_bsp/\libhal_bsp.a(alt_errno.o)
 .debug_line    0x0000000000001c82       0xb3 ../test2_bsp/\libhal_bsp.a(alt_exception_entry.o)
 .debug_line    0x0000000000001d35       0xb5 ../test2_bsp/\libhal_bsp.a(alt_find_dev.o)
 .debug_line    0x0000000000001dea       0x50 ../test2_bsp/\libhal_bsp.a(alt_icache_flush_all.o)
 .debug_line    0x0000000000001e3a       0xba ../test2_bsp/\libhal_bsp.a(alt_instruction_exception_entry.o)
 .debug_line    0x0000000000001ef4      0x133 ../test2_bsp/\libhal_bsp.a(alt_io_redirect.o)
 .debug_line    0x0000000000002027      0x128 ../test2_bsp/\libhal_bsp.a(alt_open.o)
 .debug_line    0x000000000000214f       0xae ../test2_bsp/\libhal_bsp.a(alt_release_fd.o)
 .debug_line    0x00000000000021fd       0xff ../test2_bsp/\libhal_bsp.a(alt_tick.o)
 .debug_line    0x00000000000022fc       0x51 ../test2_bsp/\libhal_bsp.a(altera_nios2_gen2_irq.o)
 .debug_line    0x000000000000234d       0xd1 ../test2_bsp/\libhal_bsp.a(alt_find_file.o)
 .debug_line    0x000000000000241e       0xd4 ../test2_bsp/\libhal_bsp.a(alt_get_fd.o)
 .debug_line    0x00000000000024f2       0x81 ../test2_bsp/\libhal_bsp.a(alt_icache_flush.o)
 .debug_line    0x0000000000002573       0xe4 c:/intelfpga_lite/18.0/nios2eds/bin/gnu/h-x86_64-mingw32/bin/../lib/gcc/nios2-elf/5.3.0/../../../../../H-x86_64-mingw32/nios2-elf/lib\libsmallc.a(lib_a-atexit.o)
 .debug_line    0x0000000000002657      0x156 c:/intelfpga_lite/18.0/nios2eds/bin/gnu/h-x86_64-mingw32/bin/../lib/gcc/nios2-elf/5.3.0/../../../../../H-x86_64-mingw32/nios2-elf/lib\libsmallc.a(lib_a-exit.o)
 .debug_line    0x00000000000027ad      0x15d c:/intelfpga_lite/18.0/nios2eds/bin/gnu/h-x86_64-mingw32/bin/../lib/gcc/nios2-elf/5.3.0/../../../../../H-x86_64-mingw32/nios2-elf/lib\libsmallc.a(lib_a-memcmp.o)
 .debug_line    0x000000000000290a      0x20a c:/intelfpga_lite/18.0/nios2eds/bin/gnu/h-x86_64-mingw32/bin/../lib/gcc/nios2-elf/5.3.0/../../../../../H-x86_64-mingw32/nios2-elf/lib\libsmallc.a(lib_a-__atexit.o)
 .debug_line    0x0000000000002b14      0x22f c:/intelfpga_lite/18.0/nios2eds/bin/gnu/h-x86_64-mingw32/bin/../lib/gcc/nios2-elf/5.3.0/../../../../../H-x86_64-mingw32/nios2-elf/lib\libsmallc.a(lib_a-__call_atexit.o)
 .debug_line    0x0000000000002d43       0x71 ../test2_bsp/\libhal_bsp.a(alt_exit.o)

.debug_frame    0x0000000000000000      0xd68
 *(.debug_frame)
 .debug_frame   0x0000000000000000       0xe4 obj/default/hello_world.o
 .debug_frame   0x00000000000000e4       0x48 c:/intelfpga_lite/18.0/nios2eds/bin/gnu/h-x86_64-mingw32/bin/../lib/gcc/nios2-elf/5.3.0/../../../../../H-x86_64-mingw32/nios2-elf/lib\libsmallc.a(lib_a-puts.o)
 .debug_frame   0x000000000000012c       0x20 c:/intelfpga_lite/18.0/nios2eds/bin/gnu/h-x86_64-mingw32/bin/../lib/gcc/nios2-elf/5.3.0/../../../../../H-x86_64-mingw32/nios2-elf/lib\libsmallc.a(lib_a-strlen.o)
 .debug_frame   0x000000000000014c       0x58 c:/intelfpga_lite/18.0/nios2eds/bin/gnu/h-x86_64-mingw32/bin/../lib/gcc/nios2-elf/5.3.0/../../../../../H-x86_64-mingw32/nios2-elf/lib\libsmallc.a(lib_a-fvwrite_small_dev.o)
 .debug_frame   0x00000000000001a4       0x38 c:/intelfpga_lite/18.0/nios2eds/bin/gnu/h-x86_64-mingw32/bin/../lib/gcc/nios2-elf/5.3.0/../../../../../H-x86_64-mingw32/nios2-elf/lib\libsmallc.a(lib_a-writer.o)
 .debug_frame   0x00000000000001dc       0xa4 ../test2_bsp/\libhal_bsp.a(alt_iic.o)
 .debug_frame   0x0000000000000280       0x38 ../test2_bsp/\libhal_bsp.a(alt_iic_isr_register.o)
 .debug_frame   0x00000000000002b8       0x38 ../test2_bsp/\libhal_bsp.a(alt_irq_handler.o)
 .debug_frame   0x00000000000002f0       0x5c ../test2_bsp/\libhal_bsp.a(alt_load.o)
 .debug_frame   0x000000000000034c       0x2c ../test2_bsp/\libhal_bsp.a(alt_main.o)
 .debug_frame   0x0000000000000378       0x60 ../test2_bsp/\libhal_bsp.a(alt_write.o)
 .debug_frame   0x00000000000003d8       0x88 ../test2_bsp/\libhal_bsp.a(alt_sys_init.o)
 .debug_frame   0x0000000000000460       0x60 ../test2_bsp/\libhal_bsp.a(altera_avalon_jtag_uart_fd.o)
 .debug_frame   0x00000000000004c0       0x34 ../test2_bsp/\libhal_bsp.a(altera_avalon_jtag_uart_read.o)
 .debug_frame   0x00000000000004f4       0x34 ../test2_bsp/\libhal_bsp.a(altera_avalon_jtag_uart_write.o)
 .debug_frame   0x0000000000000528       0x60 ../test2_bsp/\libhal_bsp.a(altera_avalon_timer_sc.o)
 .debug_frame   0x0000000000000588      0x204 ../test2_bsp/\libhal_bsp.a(altera_up_avalon_character_lcd.o)
 .debug_frame   0x000000000000078c       0x60 ../test2_bsp/\libhal_bsp.a(alt_close.o)
 .debug_frame   0x00000000000007ec       0x34 ../test2_bsp/\libhal_bsp.a(alt_dcache_flush_all.o)
 .debug_frame   0x0000000000000820       0x34 ../test2_bsp/\libhal_bsp.a(alt_dev.o)
 .debug_frame   0x0000000000000854       0x60 ../test2_bsp/\libhal_bsp.a(alt_dev_llist_insert.o)
 .debug_frame   0x00000000000008b4       0x38 ../test2_bsp/\libhal_bsp.a(alt_do_ctors.o)
 .debug_frame   0x00000000000008ec       0x38 ../test2_bsp/\libhal_bsp.a(alt_do_dtors.o)
 .debug_frame   0x0000000000000924       0x38 ../test2_bsp/\libhal_bsp.a(alt_find_dev.o)
 .debug_frame   0x000000000000095c       0x38 ../test2_bsp/\libhal_bsp.a(alt_icache_flush_all.o)
 .debug_frame   0x0000000000000994       0x5c ../test2_bsp/\libhal_bsp.a(alt_instruction_exception_entry.o)
 .debug_frame   0x00000000000009f0       0x60 ../test2_bsp/\libhal_bsp.a(alt_io_redirect.o)
 .debug_frame   0x0000000000000a50       0x84 ../test2_bsp/\libhal_bsp.a(alt_open.o)
 .debug_frame   0x0000000000000ad4       0x34 ../test2_bsp/\libhal_bsp.a(alt_release_fd.o)
 .debug_frame   0x0000000000000b08       0x5c ../test2_bsp/\libhal_bsp.a(alt_tick.o)
 .debug_frame   0x0000000000000b64       0x34 ../test2_bsp/\libhal_bsp.a(altera_nios2_gen2_irq.o)
 .debug_frame   0x0000000000000b98       0x38 ../test2_bsp/\libhal_bsp.a(alt_find_file.o)
 .debug_frame   0x0000000000000bd0       0x34 ../test2_bsp/\libhal_bsp.a(alt_get_fd.o)
 .debug_frame   0x0000000000000c04       0x34 ../test2_bsp/\libhal_bsp.a(alt_icache_flush.o)
 .debug_frame   0x0000000000000c38       0x20 c:/intelfpga_lite/18.0/nios2eds/bin/gnu/h-x86_64-mingw32/bin/../lib/gcc/nios2-elf/5.3.0/../../../../../H-x86_64-mingw32/nios2-elf/lib\libsmallc.a(lib_a-atexit.o)
 .debug_frame   0x0000000000000c58       0x28 c:/intelfpga_lite/18.0/nios2eds/bin/gnu/h-x86_64-mingw32/bin/../lib/gcc/nios2-elf/5.3.0/../../../../../H-x86_64-mingw32/nios2-elf/lib\libsmallc.a(lib_a-exit.o)
 .debug_frame   0x0000000000000c80       0x20 c:/intelfpga_lite/18.0/nios2eds/bin/gnu/h-x86_64-mingw32/bin/../lib/gcc/nios2-elf/5.3.0/../../../../../H-x86_64-mingw32/nios2-elf/lib\libsmallc.a(lib_a-memcmp.o)
 .debug_frame   0x0000000000000ca0       0x48 c:/intelfpga_lite/18.0/nios2eds/bin/gnu/h-x86_64-mingw32/bin/../lib/gcc/nios2-elf/5.3.0/../../../../../H-x86_64-mingw32/nios2-elf/lib\libsmallc.a(lib_a-__atexit.o)
 .debug_frame   0x0000000000000ce8       0x54 c:/intelfpga_lite/18.0/nios2eds/bin/gnu/h-x86_64-mingw32/bin/../lib/gcc/nios2-elf/5.3.0/../../../../../H-x86_64-mingw32/nios2-elf/lib\libsmallc.a(lib_a-__call_atexit.o)
 .debug_frame   0x0000000000000d3c       0x2c ../test2_bsp/\libhal_bsp.a(alt_exit.o)

.debug_str      0x0000000000000000     0x1bc3
 *(.debug_str)
 .debug_str     0x0000000000000000      0x213 obj/default/hello_world.o
                                        0x296 (size before relaxing)
 .debug_str     0x0000000000000213      0x3d1 c:/intelfpga_lite/18.0/nios2eds/bin/gnu/h-x86_64-mingw32/bin/../lib/gcc/nios2-elf/5.3.0/../../../../../H-x86_64-mingw32/nios2-elf/lib\libsmallc.a(lib_a-puts.o)
                                        0x4b3 (size before relaxing)
 .debug_str     0x00000000000005e4       0xc4 c:/intelfpga_lite/18.0/nios2eds/bin/gnu/h-x86_64-mingw32/bin/../lib/gcc/nios2-elf/5.3.0/../../../../../H-x86_64-mingw32/nios2-elf/lib\libsmallc.a(lib_a-strlen.o)
                                        0x1cb (size before relaxing)
 .debug_str     0x00000000000006a8       0x60 c:/intelfpga_lite/18.0/nios2eds/bin/gnu/h-x86_64-mingw32/bin/../lib/gcc/nios2-elf/5.3.0/../../../../../H-x86_64-mingw32/nios2-elf/lib\libsmallc.a(lib_a-fvwrite_small_dev.o)
                                        0x4ba (size before relaxing)
 .debug_str     0x0000000000000708       0xe1 c:/intelfpga_lite/18.0/nios2eds/bin/gnu/h-x86_64-mingw32/bin/../lib/gcc/nios2-elf/5.3.0/../../../../../H-x86_64-mingw32/nios2-elf/lib\libsmallc.a(lib_a-impure.o)
                                        0x4a4 (size before relaxing)
 .debug_str     0x00000000000007e9       0x42 c:/intelfpga_lite/18.0/nios2eds/bin/gnu/h-x86_64-mingw32/bin/../lib/gcc/nios2-elf/5.3.0/../../../../../H-x86_64-mingw32/nios2-elf/lib\libsmallc.a(lib_a-writer.o)
                                        0x49e (size before relaxing)
 .debug_str     0x000000000000082b       0x3c c:/intelfpga_lite/18.0/nios2eds/bin/gnu/h-x86_64-mingw32/bin/../lib/gcc/nios2-elf/5.3.0/../../../../../H-x86_64-mingw32/nios2-elf/lib\libsmallc.a(lib_a-int_errno.o)
                                        0x1be (size before relaxing)
 .debug_str     0x0000000000000867      0x134 ../test2_bsp/\libhal_bsp.a(alt_iic.o)
                                        0x23a (size before relaxing)
 .debug_str     0x000000000000099b       0x4c ../test2_bsp/\libhal_bsp.a(alt_iic_isr_register.o)
                                        0x1e4 (size before relaxing)
 .debug_str     0x00000000000009e7       0x3a ../test2_bsp/\libhal_bsp.a(alt_irq_handler.o)
                                        0x193 (size before relaxing)
 .debug_str     0x0000000000000a21       0x17 ../test2_bsp/\libhal_bsp.a(alt_irq_vars.o)
                                        0x136 (size before relaxing)
 .debug_str     0x0000000000000a38       0xe9 ../test2_bsp/\libhal_bsp.a(alt_load.o)
                                        0x20e (size before relaxing)
 .debug_str     0x0000000000000b21       0x44 ../test2_bsp/\libhal_bsp.a(alt_main.o)
                                        0x199 (size before relaxing)
 .debug_str     0x0000000000000b65      0x10d ../test2_bsp/\libhal_bsp.a(alt_write.o)
                                        0x2f4 (size before relaxing)
 .debug_str     0x0000000000000c72      0x12d ../test2_bsp/\libhal_bsp.a(alt_sys_init.o)
                                        0x331 (size before relaxing)
 .debug_str     0x0000000000000d9f       0x77 ../test2_bsp/\libhal_bsp.a(altera_avalon_jtag_uart_fd.o)
                                        0x2d1 (size before relaxing)
 .debug_str     0x0000000000000e16       0x48 ../test2_bsp/\libhal_bsp.a(altera_avalon_jtag_uart_read.o)
                                        0x21b (size before relaxing)
 .debug_str     0x0000000000000e5e       0x4a ../test2_bsp/\libhal_bsp.a(altera_avalon_jtag_uart_write.o)
                                        0x211 (size before relaxing)
 .debug_str     0x0000000000000ea8       0x7f ../test2_bsp/\libhal_bsp.a(altera_avalon_timer_sc.o)
                                        0x247 (size before relaxing)
 .debug_str     0x0000000000000f27      0x1ea ../test2_bsp/\libhal_bsp.a(altera_up_avalon_character_lcd.o)
                                        0x3ed (size before relaxing)
 .debug_str     0x0000000000001111       0x1b ../test2_bsp/\libhal_bsp.a(alt_close.o)
                                        0x207 (size before relaxing)
 .debug_str     0x000000000000112c       0x34 ../test2_bsp/\libhal_bsp.a(alt_dcache_flush_all.o)
                                        0x151 (size before relaxing)
 .debug_str     0x0000000000001160       0x50 ../test2_bsp/\libhal_bsp.a(alt_dev.o)
                                        0x301 (size before relaxing)
 .debug_str     0x00000000000011b0       0x45 ../test2_bsp/\libhal_bsp.a(alt_dev_llist_insert.o)
                                        0x1c8 (size before relaxing)
 .debug_str     0x00000000000011f5       0x48 ../test2_bsp/\libhal_bsp.a(alt_do_ctors.o)
                                         0xcc (size before relaxing)
 .debug_str     0x000000000000123d       0x4c ../test2_bsp/\libhal_bsp.a(alt_do_dtors.o)
                                         0xcb (size before relaxing)
 .debug_str     0x0000000000001289       0x14 ../test2_bsp/\libhal_bsp.a(alt_errno.o)
                                        0x141 (size before relaxing)
 .debug_str     0x000000000000129d       0x24 ../test2_bsp/\libhal_bsp.a(alt_find_dev.o)
                                        0x1e8 (size before relaxing)
 .debug_str     0x00000000000012c1       0x34 ../test2_bsp/\libhal_bsp.a(alt_icache_flush_all.o)
                                        0x151 (size before relaxing)
 .debug_str     0x00000000000012f5      0x48b ../test2_bsp/\libhal_bsp.a(alt_instruction_exception_entry.o)
                                        0x59c (size before relaxing)
 .debug_str     0x0000000000001780       0x56 ../test2_bsp/\libhal_bsp.a(alt_io_redirect.o)
                                        0x312 (size before relaxing)
 .debug_str     0x00000000000017d6       0x2f ../test2_bsp/\libhal_bsp.a(alt_open.o)
                                        0x247 (size before relaxing)
 .debug_str     0x0000000000001805       0x28 ../test2_bsp/\libhal_bsp.a(alt_release_fd.o)
                                        0x1cf (size before relaxing)
 .debug_str     0x000000000000182d       0x78 ../test2_bsp/\libhal_bsp.a(alt_tick.o)
                                        0x24e (size before relaxing)
 .debug_str     0x00000000000018a5       0x3b ../test2_bsp/\libhal_bsp.a(altera_nios2_gen2_irq.o)
                                        0x158 (size before relaxing)
 .debug_str     0x00000000000018e0       0x26 ../test2_bsp/\libhal_bsp.a(alt_find_file.o)
                                        0x1f6 (size before relaxing)
 .debug_str     0x0000000000001906       0x30 ../test2_bsp/\libhal_bsp.a(alt_get_fd.o)
                                        0x218 (size before relaxing)
 .debug_str     0x0000000000001936       0x2c ../test2_bsp/\libhal_bsp.a(alt_icache_flush.o)
                                        0x157 (size before relaxing)
 .debug_str     0x0000000000001962      0x108 c:/intelfpga_lite/18.0/nios2eds/bin/gnu/h-x86_64-mingw32/bin/../lib/gcc/nios2-elf/5.3.0/../../../../../H-x86_64-mingw32/nios2-elf/lib\libsmallc.a(lib_a-atexit.o)
                                        0x202 (size before relaxing)
 .debug_str     0x0000000000001a6a       0x49 c:/intelfpga_lite/18.0/nios2eds/bin/gnu/h-x86_64-mingw32/bin/../lib/gcc/nios2-elf/5.3.0/../../../../../H-x86_64-mingw32/nios2-elf/lib\libsmallc.a(lib_a-exit.o)
                                        0x1d6 (size before relaxing)
 .debug_str     0x0000000000001ab3       0x41 c:/intelfpga_lite/18.0/nios2eds/bin/gnu/h-x86_64-mingw32/bin/../lib/gcc/nios2-elf/5.3.0/../../../../../H-x86_64-mingw32/nios2-elf/lib\libsmallc.a(lib_a-memcmp.o)
                                        0x1c5 (size before relaxing)
 .debug_str     0x0000000000001af4       0x43 c:/intelfpga_lite/18.0/nios2eds/bin/gnu/h-x86_64-mingw32/bin/../lib/gcc/nios2-elf/5.3.0/../../../../../H-x86_64-mingw32/nios2-elf/lib\libsmallc.a(lib_a-__atexit.o)
                                        0x4e5 (size before relaxing)
 .debug_str     0x0000000000001b37       0x62 c:/intelfpga_lite/18.0/nios2eds/bin/gnu/h-x86_64-mingw32/bin/../lib/gcc/nios2-elf/5.3.0/../../../../../H-x86_64-mingw32/nios2-elf/lib\libsmallc.a(lib_a-__call_atexit.o)
                                        0x4d1 (size before relaxing)
 .debug_str     0x0000000000001b99       0x2a ../test2_bsp/\libhal_bsp.a(alt_exit.o)
                                        0x14d (size before relaxing)

.debug_loc      0x0000000000000000      0x65f
 *(.debug_loc)
 .debug_loc     0x0000000000000000       0x97 c:/intelfpga_lite/18.0/nios2eds/bin/gnu/h-x86_64-mingw32/bin/../lib/gcc/nios2-elf/5.3.0/../../../../../H-x86_64-mingw32/nios2-elf/lib\libsmallc.a(lib_a-puts.o)
 .debug_loc     0x0000000000000097       0x1e c:/intelfpga_lite/18.0/nios2eds/bin/gnu/h-x86_64-mingw32/bin/../lib/gcc/nios2-elf/5.3.0/../../../../../H-x86_64-mingw32/nios2-elf/lib\libsmallc.a(lib_a-strlen.o)
 .debug_loc     0x00000000000000b5      0x110 c:/intelfpga_lite/18.0/nios2eds/bin/gnu/h-x86_64-mingw32/bin/../lib/gcc/nios2-elf/5.3.0/../../../../../H-x86_64-mingw32/nios2-elf/lib\libsmallc.a(lib_a-fvwrite_small_dev.o)
 .debug_loc     0x00000000000001c5       0xa5 c:/intelfpga_lite/18.0/nios2eds/bin/gnu/h-x86_64-mingw32/bin/../lib/gcc/nios2-elf/5.3.0/../../../../../H-x86_64-mingw32/nios2-elf/lib\libsmallc.a(lib_a-writer.o)
 .debug_loc     0x000000000000026a       0x2c c:/intelfpga_lite/18.0/nios2eds/bin/gnu/h-x86_64-mingw32/bin/../lib/gcc/nios2-elf/5.3.0/../../../../../H-x86_64-mingw32/nios2-elf/lib\libsmallc.a(lib_a-atexit.o)
 .debug_loc     0x0000000000000296       0x1e c:/intelfpga_lite/18.0/nios2eds/bin/gnu/h-x86_64-mingw32/bin/../lib/gcc/nios2-elf/5.3.0/../../../../../H-x86_64-mingw32/nios2-elf/lib\libsmallc.a(lib_a-exit.o)
 .debug_loc     0x00000000000002b4       0x94 c:/intelfpga_lite/18.0/nios2eds/bin/gnu/h-x86_64-mingw32/bin/../lib/gcc/nios2-elf/5.3.0/../../../../../H-x86_64-mingw32/nios2-elf/lib\libsmallc.a(lib_a-memcmp.o)
 .debug_loc     0x0000000000000348      0x1c0 c:/intelfpga_lite/18.0/nios2eds/bin/gnu/h-x86_64-mingw32/bin/../lib/gcc/nios2-elf/5.3.0/../../../../../H-x86_64-mingw32/nios2-elf/lib\libsmallc.a(lib_a-__atexit.o)
 .debug_loc     0x0000000000000508      0x157 c:/intelfpga_lite/18.0/nios2eds/bin/gnu/h-x86_64-mingw32/bin/../lib/gcc/nios2-elf/5.3.0/../../../../../H-x86_64-mingw32/nios2-elf/lib\libsmallc.a(lib_a-__call_atexit.o)

.debug_macinfo
 *(.debug_macinfo)

.debug_weaknames
 *(.debug_weaknames)

.debug_funcnames
 *(.debug_funcnames)

.debug_typenames
 *(.debug_typenames)

.debug_varnames
 *(.debug_varnames)

.debug_alt_sim_info
                0x0000000000000000       0x30
 *(.debug_alt_sim_info)
 .debug_alt_sim_info
                0x0000000000000000       0x30 ../test2_bsp//obj/HAL/src/crt0.o
                0x0000000000006ee0                __alt_data_end = 0x6ee0
                0x0000000000006ee0                PROVIDE (__alt_stack_pointer, __alt_data_end)
                [!provide]                        PROVIDE (__alt_stack_limit, __alt_stack_base)
                [!provide]                        PROVIDE (__alt_heap_start, end)
                [!provide]                        PROVIDE (__alt_heap_limit, 0x6ee0)
OUTPUT(test2.elf elf32-littlenios2)

.debug_ranges   0x0000000000000000      0x180
 .debug_ranges  0x0000000000000000       0x20 ../test2_bsp//obj/HAL/src/crt0.o
 .debug_ranges  0x0000000000000020       0x18 c:/intelfpga_lite/18.0/nios2eds/bin/gnu/h-x86_64-mingw32/bin/../lib/gcc/nios2-elf/5.3.0/../../../../../H-x86_64-mingw32/nios2-elf/lib\libsmallc.a(lib_a-puts.o)
 .debug_ranges  0x0000000000000038       0x10 c:/intelfpga_lite/18.0/nios2eds/bin/gnu/h-x86_64-mingw32/bin/../lib/gcc/nios2-elf/5.3.0/../../../../../H-x86_64-mingw32/nios2-elf/lib\libsmallc.a(lib_a-strlen.o)
 .debug_ranges  0x0000000000000048       0x28 c:/intelfpga_lite/18.0/nios2eds/bin/gnu/h-x86_64-mingw32/bin/../lib/gcc/nios2-elf/5.3.0/../../../../../H-x86_64-mingw32/nios2-elf/lib\libsmallc.a(lib_a-fvwrite_small_dev.o)
 .debug_ranges  0x0000000000000070       0x10 c:/intelfpga_lite/18.0/nios2eds/bin/gnu/h-x86_64-mingw32/bin/../lib/gcc/nios2-elf/5.3.0/../../../../../H-x86_64-mingw32/nios2-elf/lib\libsmallc.a(lib_a-writer.o)
 .debug_ranges  0x0000000000000080       0x28 ../test2_bsp/\libhal_bsp.a(alt_irq_entry.o)
 .debug_ranges  0x00000000000000a8       0x10 ../test2_bsp/\libhal_bsp.a(alt_irq_handler.o)
 .debug_ranges  0x00000000000000b8       0x18 ../test2_bsp/\libhal_bsp.a(altera_avalon_jtag_uart_read.o)
 .debug_ranges  0x00000000000000d0       0x30 ../test2_bsp/\libhal_bsp.a(alt_exception_entry.o)
 .debug_ranges  0x0000000000000100       0x18 ../test2_bsp/\libhal_bsp.a(alt_instruction_exception_entry.o)
 .debug_ranges  0x0000000000000118       0x10 c:/intelfpga_lite/18.0/nios2eds/bin/gnu/h-x86_64-mingw32/bin/../lib/gcc/nios2-elf/5.3.0/../../../../../H-x86_64-mingw32/nios2-elf/lib\libsmallc.a(lib_a-atexit.o)
 .debug_ranges  0x0000000000000128       0x10 c:/intelfpga_lite/18.0/nios2eds/bin/gnu/h-x86_64-mingw32/bin/../lib/gcc/nios2-elf/5.3.0/../../../../../H-x86_64-mingw32/nios2-elf/lib\libsmallc.a(lib_a-exit.o)
 .debug_ranges  0x0000000000000138       0x10 c:/intelfpga_lite/18.0/nios2eds/bin/gnu/h-x86_64-mingw32/bin/../lib/gcc/nios2-elf/5.3.0/../../../../../H-x86_64-mingw32/nios2-elf/lib\libsmallc.a(lib_a-memcmp.o)
 .debug_ranges  0x0000000000000148       0x10 c:/intelfpga_lite/18.0/nios2eds/bin/gnu/h-x86_64-mingw32/bin/../lib/gcc/nios2-elf/5.3.0/../../../../../H-x86_64-mingw32/nios2-elf/lib\libsmallc.a(lib_a-__atexit.o)
 .debug_ranges  0x0000000000000158       0x28 c:/intelfpga_lite/18.0/nios2eds/bin/gnu/h-x86_64-mingw32/bin/../lib/gcc/nios2-elf/5.3.0/../../../../../H-x86_64-mingw32/nios2-elf/lib\libsmallc.a(lib_a-__call_atexit.o)
