Archive member included to satisfy reference by file (symbol)

c:/intelfpga_lite/18.0/nios2eds/bin/gnu/h-x86_64-mingw32/bin/../lib/gcc/nios2-elf/5.3.0/../../../../../H-x86_64-mingw32/nios2-elf/lib\libsmallc.a(lib_a-puts.o)
                              obj/default/box.o (puts)
c:/intelfpga_lite/18.0/nios2eds/bin/gnu/h-x86_64-mingw32/bin/../lib/gcc/nios2-elf/5.3.0/../../../../../H-x86_64-mingw32/nios2-elf/lib\libsmallc.a(lib_a-strlen.o)
                              c:/intelfpga_lite/18.0/nios2eds/bin/gnu/h-x86_64-mingw32/bin/../lib/gcc/nios2-elf/5.3.0/../../../../../H-x86_64-mingw32/nios2-elf/lib\libsmallc.a(lib_a-puts.o) (strlen)
c:/intelfpga_lite/18.0/nios2eds/bin/gnu/h-x86_64-mingw32/bin/../lib/gcc/nios2-elf/5.3.0/../../../../../H-x86_64-mingw32/nios2-elf/lib\libsmallc.a(lib_a-fvwrite_small_dev.o)
                              c:/intelfpga_lite/18.0/nios2eds/bin/gnu/h-x86_64-mingw32/bin/../lib/gcc/nios2-elf/5.3.0/../../../../../H-x86_64-mingw32/nios2-elf/lib\libsmallc.a(lib_a-puts.o) (__sfvwrite_small_dev)
c:/intelfpga_lite/18.0/nios2eds/bin/gnu/h-x86_64-mingw32/bin/../lib/gcc/nios2-elf/5.3.0/../../../../../H-x86_64-mingw32/nios2-elf/lib\libsmallc.a(lib_a-impure.o)
                              c:/intelfpga_lite/18.0/nios2eds/bin/gnu/h-x86_64-mingw32/bin/../lib/gcc/nios2-elf/5.3.0/../../../../../H-x86_64-mingw32/nios2-elf/lib\libsmallc.a(lib_a-puts.o) (_impure_ptr)
c:/intelfpga_lite/18.0/nios2eds/bin/gnu/h-x86_64-mingw32/bin/../lib/gcc/nios2-elf/5.3.0/../../../../../H-x86_64-mingw32/nios2-elf/lib\libsmallc.a(lib_a-writer.o)
                              c:/intelfpga_lite/18.0/nios2eds/bin/gnu/h-x86_64-mingw32/bin/../lib/gcc/nios2-elf/5.3.0/../../../../../H-x86_64-mingw32/nios2-elf/lib\libsmallc.a(lib_a-fvwrite_small_dev.o) (_write_r)
c:/intelfpga_lite/18.0/nios2eds/bin/gnu/h-x86_64-mingw32/bin/../lib/gcc/nios2-elf/5.3.0/../../../../../H-x86_64-mingw32/nios2-elf/lib\libsmallc.a(lib_a-int_errno.o)
                              c:/intelfpga_lite/18.0/nios2eds/bin/gnu/h-x86_64-mingw32/bin/../lib/gcc/nios2-elf/5.3.0/../../../../../H-x86_64-mingw32/nios2-elf/lib\libsmallc.a(lib_a-writer.o) (errno)
../lab5_pixel_bsp/\libhal_bsp.a(alt_load.o)
                              ../lab5_pixel_bsp//obj/HAL/src/crt0.o (alt_load)
../lab5_pixel_bsp/\libhal_bsp.a(alt_main.o)
                              ../lab5_pixel_bsp//obj/HAL/src/crt0.o (alt_main)
../lab5_pixel_bsp/\libhal_bsp.a(alt_usleep.o)
                              obj/default/box.o (usleep)
../lab5_pixel_bsp/\libhal_bsp.a(alt_write.o)
                              c:/intelfpga_lite/18.0/nios2eds/bin/gnu/h-x86_64-mingw32/bin/../lib/gcc/nios2-elf/5.3.0/../../../../../H-x86_64-mingw32/nios2-elf/lib\libsmallc.a(lib_a-writer.o) (write)
../lab5_pixel_bsp/\libhal_bsp.a(alt_sys_init.o)
                              ../lab5_pixel_bsp/\libhal_bsp.a(alt_main.o) (alt_irq_init)
../lab5_pixel_bsp/\libhal_bsp.a(altera_avalon_jtag_uart_fd.o)
                              ../lab5_pixel_bsp/\libhal_bsp.a(alt_sys_init.o) (altera_avalon_jtag_uart_read_fd)
../lab5_pixel_bsp/\libhal_bsp.a(altera_avalon_jtag_uart_read.o)
                              ../lab5_pixel_bsp/\libhal_bsp.a(altera_avalon_jtag_uart_fd.o) (altera_avalon_jtag_uart_read)
../lab5_pixel_bsp/\libhal_bsp.a(altera_avalon_jtag_uart_write.o)
                              ../lab5_pixel_bsp/\libhal_bsp.a(altera_avalon_jtag_uart_fd.o) (altera_avalon_jtag_uart_write)
../lab5_pixel_bsp/\libhal_bsp.a(altera_avalon_timer_sc.o)
                              ../lab5_pixel_bsp/\libhal_bsp.a(alt_sys_init.o) (alt_avalon_timer_sc_init)
../lab5_pixel_bsp/\libhal_bsp.a(altera_up_avalon_video_pixel_buffer_dma.o)
                              obj/default/box.o (alt_up_pixel_buffer_dma_open_dev)
../lab5_pixel_bsp/\libhal_bsp.a(alt_busy_sleep.o)
                              ../lab5_pixel_bsp/\libhal_bsp.a(alt_usleep.o) (alt_busy_sleep)
../lab5_pixel_bsp/\libhal_bsp.a(alt_close.o)
                              ../lab5_pixel_bsp/\libhal_bsp.a(alt_main.o) (close)
../lab5_pixel_bsp/\libhal_bsp.a(alt_dcache_flush_all.o)
                              ../lab5_pixel_bsp/\libhal_bsp.a(alt_load.o) (alt_dcache_flush_all)
../lab5_pixel_bsp/\libhal_bsp.a(alt_dev.o)
                              ../lab5_pixel_bsp/\libhal_bsp.a(alt_sys_init.o) (alt_dev_list)
../lab5_pixel_bsp/\libhal_bsp.a(alt_dev_llist_insert.o)
                              ../lab5_pixel_bsp/\libhal_bsp.a(alt_sys_init.o) (alt_dev_llist_insert)
../lab5_pixel_bsp/\libhal_bsp.a(alt_do_ctors.o)
                              ../lab5_pixel_bsp/\libhal_bsp.a(alt_main.o) (_do_ctors)
../lab5_pixel_bsp/\libhal_bsp.a(alt_do_dtors.o)
                              ../lab5_pixel_bsp/\libhal_bsp.a(alt_main.o) (_do_dtors)
../lab5_pixel_bsp/\libhal_bsp.a(alt_errno.o)
                              ../lab5_pixel_bsp/\libhal_bsp.a(alt_write.o) (alt_errno)
../lab5_pixel_bsp/\libhal_bsp.a(alt_find_dev.o)
[...]
Memory Configuration

Name             Origin             Length             Attributes
new_sdram_controller_0 0x0000000000000000 0x0000000004000000
reset            0x0000000004020000 0x0000000000000020
onchip_memory2_0 0x0000000004020020 0x0000000000018680
*default*        0x0000000000000000 0xffffffffffffffff

Linker script and memory map

LOAD ../lab5_pixel_bsp//obj/HAL/src/crt0.o
LOAD obj/default/box.o
LOAD c:/intelfpga_lite/18.0/nios2eds/bin/gnu/h-x86_64-mingw32/bin/../lib/gcc/nios2-elf/5.3.0/../../../../../H-x86_64-mingw32/nios2-elf/lib\libstdc++.a
LOAD c:/intelfpga_lite/18.0/nios2eds/bin/gnu/h-x86_64-mingw32/bin/../lib/gcc/nios2-elf/5.3.0/../../../../../H-x86_64-mingw32/nios2-elf/lib\libm.a
LOAD c:/intelfpga_lite/18.0/nios2eds/bin/gnu/h-x86_64-mingw32/bin/../lib/gcc/nios2-elf/5.3.0\libgcc.a
START GROUP
LOAD c:/intelfpga_lite/18.0/nios2eds/bin/gnu/h-x86_64-mingw32/bin/../lib/gcc/nios2-elf/5.3.0/../../../../../H-x86_64-mingw32/nios2-elf/lib\libsmallc.a
LOAD c:/intelfpga_lite/18.0/nios2eds/bin/gnu/h-x86_64-mingw32/bin/../lib/gcc/nios2-elf/5.3.0\libgcc.a
LOAD ../lab5_pixel_bsp/\libhal_bsp.a
LOAD c:/intelfpga_lite/18.0/nios2eds/bin/gnu/h-x86_64-mingw32/bin/../lib/gcc/nios2-elf/5.3.0/../../../../../H-x86_64-mingw32/nios2-elf/lib\libm.a
END GROUP
LOAD c:/intelfpga_lite/18.0/nios2eds/bin/gnu/h-x86_64-mingw32/bin/../lib/gcc/nios2-elf/5.3.0\libgcc.a
                0x0000000000000000                __alt_mem_new_sdram_controller_0 = 0x0
                0x0000000004020000                __alt_mem_onchip_memory2_0 = 0x4020000

.entry          0x0000000004020000       0x20
 *(.entry)
 .entry         0x0000000004020000       0x20 ../lab5_pixel_bsp//obj/HAL/src/crt0.o
                0x0000000004020000                __reset

.exceptions     0x0000000004020020      0x224
                0x0000000004020020                PROVIDE (__ram_exceptions_start, ABSOLUTE (.))
                0x0000000004020020                . = ALIGN (0x20)
 *(.irq)
 *(.exceptions.entry.label)
 .exceptions.entry.label
                0x0000000004020020        0x0 ../lab5_pixel_bsp/\libhal_bsp.a(alt_irq_entry.o)
                0x0000000004020020                alt_irq_entry
 .exceptions.entry.label
                0x0000000004020020        0x0 ../lab5_pixel_bsp/\libhal_bsp.a(alt_exception_entry.o)
                0x0000000004020020                alt_exception
 *(.exceptions.entry.user)
 *(.exceptions.entry.ecc_fatal)
 *(.exceptions.entry)
 .exceptions.entry
                0x0000000004020020       0x54 ../lab5_pixel_bsp/\libhal_bsp.a(alt_exception_entry.o)
 *(.exceptions.irqtest.user)
 *(.exceptions.irqtest)
 .exceptions.irqtest
                0x0000000004020074       0x10 ../lab5_pixel_bsp/\libhal_bsp.a(alt_irq_entry.o)
 *(.exceptions.irqhandler.user)
 *(.exceptions.irqhandler)
 .exceptions.irqhandler
                0x0000000004020084        0x4 ../lab5_pixel_bsp/\libhal_bsp.a(alt_irq_entry.o)
 *(.exceptions.irqreturn.user)
 *(.exceptions.irqreturn)
 .exceptions.irqreturn
                0x0000000004020088        0x4 ../lab5_pixel_bsp/\libhal_bsp.a(alt_irq_entry.o)
 *(.exceptions.notirq.label)
 .exceptions.notirq.label
                0x000000000402008c        0x0 ../lab5_pixel_bsp/\libhal_bsp.a(alt_irq_entry.o)
 *(.exceptions.notirq.user)
 *(.exceptions.notirq)
 .exceptions.notirq
                0x000000000402008c        0x8 ../lab5_pixel_bsp/\libhal_bsp.a(alt_exception_entry.o)
 *(.exceptions.soft.user)
 *(.exceptions.soft)
 *(.exceptions.unknown.user)
 *(.exceptions.unknown)
 .exceptions.unknown
                0x0000000004020094       0x14 ../lab5_pixel_bsp/\libhal_bsp.a(alt_exception_entry.o)
 *(.exceptions.exit.label)
 .exceptions.exit.label
                0x00000000040200a8        0x0 ../lab5_pixel_bsp/\libhal_bsp.a(alt_irq_entry.o)
 .exceptions.exit.label
                0x00000000040200a8        0x0 ../lab5_pixel_bsp/\libhal_bsp.a(alt_exception_entry.o)
 *(.exceptions.exit.user)
 *(.exceptions.exit)
 .exceptions.exit
                0x00000000040200a8       0x54 ../lab5_pixel_bsp/\libhal_bsp.a(alt_exception_entry.o)
 *(.exceptions)
 .exceptions    0x00000000040200fc       0xd4 ../lab5_pixel_bsp/\libhal_bsp.a(alt_irq_handler.o)
                0x00000000040200fc                alt_irq_handler
 .exceptions    0x00000000040201d0       0x74 ../lab5_pixel_bsp/\libhal_bsp.a(alt_instruction_exception_entry.o)
                0x00000000040201d0                alt_instruction_exception_entry
                0x0000000004020244                PROVIDE (__ram_exceptions_end, ABSOLUTE (.))
                0x0000000004020020                PROVIDE (__flash_exceptions_start, LOADADDR (.exceptions))

.text           0x0000000004020244     0x31f0
                [!provide]                        PROVIDE (stext, ABSOLUTE (.))
 *(.interp)
 *(.hash)
 *(.dynsym)
 *(.dynstr)
 *(.gnu.version)
 *(.gnu.version_d)
 *(.gnu.version_r)
 *(.rel.init)
 *(.rela.init)
 *(.rel.text .rel.text.* .rel.gnu.linkonce.t.*)
 *(.rela.text .rela.text.* .rela.gnu.linkonce.t.*)
 *(.rel.fini)
 *(.rela.fini)
 *(.rel.rodata .rel.rodata.* .rel.gnu.linkonce.r.*)
 *(.rela.rodata .rela.rodata.* .rela.gnu.linkonce.r.*)
 *(.rel.data .rel.data.* .rel.gnu.linkonce.d.*)
 *(.rela.data .rela.data.* .rela.gnu.linkonce.d.*)
 *(.rel.tdata .rel.tdata.* .rel.gnu.linkonce.td.*)
 *(.rela.tdata .rela.tdata.* .rela.gnu.linkonce.td.*)
 *(.rel.tbss .rel.tbss.* .rel.gnu.linkonce.tb.*)
 *(.rela.tbss .rela.tbss.* .rela.gnu.linkonce.tb.*)
 *(.rel.ctors)
 *(.rela.ctors)
 *(.rel.dtors)
 *(.rela.dtors)
 *(.rel.got)
 *(.rela.got)
 *(.rel.sdata .rel.sdata.* .rel.gnu.linkonce.s.*)
 *(.rela.sdata .rela.sdata.* .rela.gnu.linkonce.s.*)
 *(.rel.sbss .rel.sbss.* .rel.gnu.linkonce.sb.*)
 *(.rela.sbss .rela.sbss.* .rela.gnu.linkonce.sb.*)
 *(.rel.sdata2 .rel.sdata2.* .rel.gnu.linkonce.s2.*)
 *(.rela.sdata2 .rela.sdata2.* .rela.gnu.linkonce.s2.*)
 *(.rel.sbss2 .rel.sbss2.* .rel.gnu.linkonce.sb2.*)
 *(.rela.sbss2 .rela.sbss2.* .rela.gnu.linkonce.sb2.*)
 *(.rel.bss .rel.bss.* .rel.gnu.linkonce.b.*)
 *(.rela.bss .rela.bss.* .rela.gnu.linkonce.b.*)
 *(.rel.plt)
 *(.rela.plt)
 *(.rel.dyn)
 *(.init)
 *(.plt)
 *(.text .stub .text.* .gnu.linkonce.t.*)
 .text          0x0000000004020244       0x4c ../lab5_pixel_bsp//obj/HAL/src/crt0.o
                0x0000000004020244                _start
 .text          0x0000000004020290      0x210 obj/default/box.o
                0x0000000004020290                main
 .text          0x00000000040204a0        0x0 c:/intelfpga_lite/18.0/nios2eds/bin/gnu/h-x86_64-mingw32/bin/../lib/gcc/nios2-elf/5.3.0/../../../../../H-x86_64-mingw32/nios2-elf/lib\libsmallc.a(lib_a-puts.o)
 .text._puts_r  0x00000000040204a0       0x80 c:/intelfpga_lite/18.0/nios2eds/bin/gnu/h-x86_64-mingw32/bin/../lib/gcc/nios2-elf/5.3.0/../../../../../H-x86_64-mingw32/nios2-elf/lib\libsmallc.a(lib_a-puts.o)
                0x00000000040204a0                _puts_r
 .text.puts     0x0000000004020520       0x14 c:/intelfpga_lite/18.0/nios2eds/bin/gnu/h-x86_64-mingw32/bin/../lib/gcc/nios2-elf/5.3.0/../../../../../H-x86_64-mingw32/nios2-elf/lib\libsmallc.a(lib_a-puts.o)
                0x0000000004020520                puts
 .text          0x0000000004020534        0x0 c:/intelfpga_lite/18.0/nios2eds/bin/gnu/h-x86_64-mingw32/bin/../lib/gcc/nios2-elf/5.3.0/../../../../../H-x86_64-mingw32/nios2-elf/lib\libsmallc.a(lib_a-strlen.o)
 .text.strlen   0x0000000004020534       0x1c c:/intelfpga_lite/18.0/nios2eds/bin/gnu/h-x86_64-mingw32/bin/../lib/gcc/nios2-elf/5.3.0/../../../../../H-x86_64-mingw32/nios2-elf/lib\libsmallc.a(lib_a-strlen.o)
                0x0000000004020534                strlen
 .text          0x0000000004020550        0x0 c:/intelfpga_lite/18.0/nios2eds/bin/gnu/h-x86_64-mingw32/bin/../lib/gcc/nios2-elf/5.3.0/../../../../../H-x86_64-mingw32/nios2-elf/lib\libsmallc.a(lib_a-fvwrite_small_dev.o)
 .text.__sfvwrite_small_dev
                0x0000000004020550       0xb8 c:/intelfpga_lite/18.0/nios2eds/bin/gnu/h-x86_64-mingw32/bin/../lib/gcc/nios2-elf/5.3.0/../../../../../H-x86_64-mingw32/nios2-elf/lib\libsmallc.a(lib_a-fvwrite_small_dev.o)
                0x0000000004020550                __sfvwrite_small_dev
 .text          0x0000000004020608        0x0 c:/intelfpga_lite/18.0/nios2eds/bin/gnu/h-x86_64-mingw32/bin/../lib/gcc/nios2-elf/5.3.0/../../../../../H-x86_64-mingw32/nios2-elf/lib\libsmallc.a(lib_a-impure.o)
 .text          0x0000000004020608        0x0 c:/intelfpga_lite/18.0/nios2eds/bin/gnu/h-x86_64-mingw32/bin/../lib/gcc/nios2-elf/5.3.0/../../../../../H-x86_64-mingw32/nios2-elf/lib\libsmallc.a(lib_a-writer.o)
 .text._write_r
                0x0000000004020608       0x58 c:/intelfpga_lite/18.0/nios2eds/bin/gnu/h-x86_64-mingw32/bin/../lib/gcc/nios2-elf/5.3.0/../../../../../H-x86_64-mingw32/nios2-elf/lib\libsmallc.a(lib_a-writer.o)
                0x0000000004020608                _write_r
 .text          0x0000000004020660        0x0 c:/intelfpga_lite/18.0/nios2eds/bin/gnu/h-x86_64-mingw32/bin/../lib/gcc/nios2-elf/5.3.0/../../../../../H-x86_64-mingw32/nios2-elf/lib\libsmallc.a(lib_a-int_errno.o)
 .text          0x0000000004020660       0xec ../lab5_pixel_bsp/\libhal_bsp.a(alt_load.o)
                0x00000000040206c8                alt_load
 .text          0x000000000402074c       0x7c ../lab5_pixel_bsp/\libhal_bsp.a(alt_main.o)
                0x000000000402074c                alt_main
 .text          0x00000000040207c8       0x30 ../lab5_pixel_bsp/\libhal_bsp.a(alt_usleep.o)
                0x00000000040207c8                usleep
 .text          0x00000000040207f8      0x134 ../lab5_pixel_bsp/\libhal_bsp.a(alt_write.o)
                0x0000000004020834                write
 .text          0x000000000402092c      0x378 ../lab5_pixel_bsp/\libhal_bsp.a(alt_sys_init.o)
                0x0000000004020960                alt_irq_init
                0x0000000004020998                alt_sys_init
 .text          0x0000000004020ca4       0xc0 ../lab5_pixel_bsp/\libhal_bsp.a(altera_avalon_jtag_uart_fd.o)
                0x0000000004020ca4                altera_avalon_jtag_uart_read_fd
                0x0000000004020d04                altera_avalon_jtag_uart_write_fd
 .text          0x0000000004020d64       0xec ../lab5_pixel_bsp/\libhal_bsp.a(altera_avalon_jtag_uart_read.o)
                0x0000000004020d64                altera_avalon_jtag_uart_read
 .text          0x0000000004020e50       0x94 ../lab5_pixel_bsp/\libhal_bsp.a(altera_avalon_jtag_uart_write.o)
                0x0000000004020e50                altera_avalon_jtag_uart_write
 .text          0x0000000004020ee4       0xf4 ../lab5_pixel_bsp/\libhal_bsp.a(altera_avalon_timer_sc.o)
                0x0000000004020f5c                alt_avalon_timer_sc_init
 .text          0x0000000004020fd8      0xeb4 ../lab5_pixel_bsp/\libhal_bsp.a(altera_up_avalon_video_pixel_buffer_dma.o)
                0x0000000004020fd8                alt_up_pixel_buffer_dma_open_dev
                0x0000000004021014                alt_up_pixel_buffer_dma_draw
                0x00000000040211a8                alt_up_pixel_buffer_dma_change_back_buffer_address
                0x0000000004021204                alt_up_pixel_buffer_dma_swap_buffers
                0x0000000004021264                alt_up_pixel_buffer_dma_check_swap_buffers_status
                0x0000000004021298                alt_up_pixel_buffer_dma_clear_screen
                0x00000000040213c0                alt_up_pixel_buffer_dma_draw_box
                0x000000000402169c                alt_up_pixel_buffer_dma_draw_hline
                0x00000000040218ac                alt_up_pixel_buffer_dma_draw_vline
                0x0000000004021af8                alt_up_pixel_buffer_dma_draw_rectangle
                0x0000000004021bc0                helper_plot_pixel
                0x0000000004021c44                alt_up_pixel_buffer_dma_draw_line
 .text          0x0000000004021e8c      0x158 ../lab5_pixel_bsp/\libhal_bsp.a(alt_busy_sleep.o)
                0x0000000004021e8c                alt_busy_sleep
 .text          0x0000000004021fe4      0x10c ../lab5_pixel_bsp/\libhal_bsp.a(alt_close.o)
                0x0000000004022020                close
 .text          0x00000000040220f0       0x48 ../lab5_pixel_bsp/\libhal_bsp.a(alt_dcache_flush_all.o)
                0x00000000040220f0                alt_dcache_flush_all
 .text          0x0000000004022138       0x2c ../lab5_pixel_bsp/\libhal_bsp.a(alt_dev.o)
 .text          0x0000000004022164       0xe0 ../lab5_pixel_bsp/\libhal_bsp.a(alt_dev_llist_insert.o)
                0x00000000040221a0                alt_dev_llist_insert
 .text          0x0000000004022244       0x60 ../lab5_pixel_bsp/\libhal_bsp.a(alt_do_ctors.o)
                0x0000000004022244                _do_ctors
 .text          0x00000000040222a4       0x60 ../lab5_pixel_bsp/\libhal_bsp.a(alt_do_dtors.o)
                0x00000000040222a4                _do_dtors
 .text          0x0000000004022304        0x0 ../lab5_pixel_bsp/\libhal_bsp.a(alt_errno.o)
 .text          0x0000000004022304       0x90 ../lab5_pixel_bsp/\libhal_bsp.a(alt_find_dev.o)
                0x0000000004022304                alt_find_dev
 .text          0x0000000004022394       0x34 ../lab5_pixel_bsp/\libhal_bsp.a(alt_icache_flush_all.o)
                0x0000000004022394                alt_icache_flush_all
 .text          0x00000000040223c8      0x1b0 ../lab5_pixel_bsp/\libhal_bsp.a(alt_iic.o)
                0x00000000040223c8                alt_ic_isr_register
                0x0000000004022418                alt_ic_irq_enable
                0x00000000040224a0                alt_ic_irq_disable
                0x000000000402252c                alt_ic_irq_enabled
 .text          0x0000000004022578       0xf0 ../lab5_pixel_bsp/\libhal_bsp.a(alt_iic_isr_register.o)
                0x0000000004022578                alt_iic_isr_register
 .text          0x0000000004022668      0x140 ../lab5_pixel_bsp/\libhal_bsp.a(alt_io_redirect.o)
                0x000000000402272c                alt_io_redirect
 .text          0x00000000040227a8        0x0 ../lab5_pixel_bsp/\libhal_bsp.a(alt_irq_entry.o)
 .text          0x00000000040227a8        0x0 ../lab5_pixel_bsp/\libhal_bsp.a(alt_irq_handler.o)
 .text          0x00000000040227a8        0x0 ../lab5_pixel_bsp/\libhal_bsp.a(alt_irq_vars.o)
 .text          0x00000000040227a8      0x254 ../lab5_pixel_bsp/\libhal_bsp.a(alt_open.o)
                0x00000000040228a8                open
 .text          0x00000000040229fc       0x64 ../lab5_pixel_bsp/\libhal_bsp.a(alt_release_fd.o)
                0x00000000040229fc                alt_release_fd
 .text          0x0000000004022a60      0x1a4 ../lab5_pixel_bsp/\libhal_bsp.a(alt_tick.o)
                0x0000000004022a60                alt_alarm_stop
                0x0000000004022afc                alt_tick
 .text          0x0000000004022c04       0x24 ../lab5_pixel_bsp/\libhal_bsp.a(altera_nios2_gen2_irq.o)
                0x0000000004022c04                altera_nios2_gen2_irq_init
 .text          0x0000000004022c28        0x0 ../lab5_pixel_bsp/\libhal_bsp.a(alt_exception_entry.o)
 .text          0x0000000004022c28      0x108 ../lab5_pixel_bsp/\libhal_bsp.a(alt_find_file.o)
                0x0000000004022c28                alt_find_file
 .text          0x0000000004022d30       0xa4 ../lab5_pixel_bsp/\libhal_bsp.a(alt_get_fd.o)
                0x0000000004022d30                alt_get_fd
 .text          0x0000000004022dd4       0x90 ../lab5_pixel_bsp/\libhal_bsp.a(alt_icache_flush.o)
                0x0000000004022dd4                alt_icache_flush
 .text          0x0000000004022e64       0x9c ../lab5_pixel_bsp/\libhal_bsp.a(alt_instruction_exception_entry.o)
                0x0000000004022e64                alt_exception_cause_generated_bad_addr
 .text          0x0000000004022f00        0x0 c:/intelfpga_lite/18.0/nios2eds/bin/gnu/h-x86_64-mingw32/bin/../lib/gcc/nios2-elf/5.3.0/../../../../../H-x86_64-mingw32/nios2-elf/lib\libsmallc.a(lib_a-atexit.o)
 .text.atexit   0x0000000004022f00       0x14 c:/intelfpga_lite/18.0/nios2eds/bin/gnu/h-x86_64-mingw32/bin/../lib/gcc/nios2-elf/5.3.0/../../../../../H-x86_64-mingw32/nios2-elf/lib\libsmallc.a(lib_a-atexit.o)
                0x0000000004022f00                atexit
 .text          0x0000000004022f14        0x0 c:/intelfpga_lite/18.0/nios2eds/bin/gnu/h-x86_64-mingw32/bin/../lib/gcc/nios2-elf/5.3.0/../../../../../H-x86_64-mingw32/nios2-elf/lib\libsmallc.a(lib_a-exit.o)
 .text.exit     0x0000000004022f14       0x20 c:/intelfpga_lite/18.0/nios2eds/bin/gnu/h-x86_64-mingw32/bin/../lib/gcc/nios2-elf/5.3.0/../../../../../H-x86_64-mingw32/nios2-elf/lib\libsmallc.a(lib_a-exit.o)
                0x0000000004022f14                exit
 .text          0x0000000004022f34        0x0 c:/intelfpga_lite/18.0/nios2eds/bin/gnu/h-x86_64-mingw32/bin/../lib/gcc/nios2-elf/5.3.0/../../../../../H-x86_64-mingw32/nios2-elf/lib\libsmallc.a(lib_a-memcmp.o)
 .text.memcmp   0x0000000004022f34       0x30 c:/intelfpga_lite/18.0/nios2eds/bin/gnu/h-x86_64-mingw32/bin/../lib/gcc/nios2-elf/5.3.0/../../../../../H-x86_64-mingw32/nios2-elf/lib\libsmallc.a(lib_a-memcmp.o)
                0x0000000004022f34                memcmp
 .text          0x0000000004022f64        0x0 c:/intelfpga_lite/18.0/nios2eds/bin/gnu/h-x86_64-mingw32/bin/../lib/gcc/nios2-elf/5.3.0/../../../../../H-x86_64-mingw32/nios2-elf/lib\libsmallc.a(lib_a-__atexit.o)
 .text.__register_exitproc
                0x0000000004022f64      0x158 c:/intelfpga_lite/18.0/nios2eds/bin/gnu/h-x86_64-mingw32/bin/../lib/gcc/nios2-elf/5.3.0/../../../../../H-x86_64-mingw32/nios2-elf/lib\libsmallc.a(lib_a-__atexit.o)
                0x0000000004022f64                __register_exitproc
 .text          0x00000000040230bc        0x0 c:/intelfpga_lite/18.0/nios2eds/bin/gnu/h-x86_64-mingw32/bin/../lib/gcc/nios2-elf/5.3.0/../../../../../H-x86_64-mingw32/nios2-elf/lib\libsmallc.a(lib_a-__call_atexit.o)
 .text.__call_exitprocs
                0x00000000040230bc      0x190 c:/intelfpga_lite/18.0/nios2eds/bin/gnu/h-x86_64-mingw32/bin/../lib/gcc/nios2-elf/5.3.0/../../../../../H-x86_64-mingw32/nios2-elf/lib\libsmallc.a(lib_a-__call_atexit.o)
                0x00000000040230bc                __call_exitprocs
 .text          0x000000000402324c      0x1b4 c:/intelfpga_lite/18.0/nios2eds/bin/gnu/h-x86_64-mingw32/bin/../lib/gcc/nios2-elf/5.3.0\libgcc.a(lib2-divmod.o)
                0x000000000402324c                __divsi3
                0x00000000040232d0                __modsi3
                0x0000000004023344                __udivsi3
                0x00000000040233a8                __umodsi3
 .text          0x0000000004023400       0x34 ../lab5_pixel_bsp/\libhal_bsp.a(alt_exit.o)
                0x0000000004023400                _exit
 *(.gnu.warning.*)
 *(.fini)
                [!provide]                        PROVIDE (__etext, ABSOLUTE (.))
                [!provide]                        PROVIDE (_etext, ABSOLUTE (.))
                [!provide]                        PROVIDE (etext, ABSOLUTE (.))
 *(.eh_frame_hdr)
                0x0000000004023434                . = ALIGN (0x4)
                [!provide]                        PROVIDE (__preinit_array_start, ABSOLUTE (.))
 *(.preinit_array)
                [!provide]                        PROVIDE (__preinit_array_end, ABSOLUTE (.))
                [!provide]                        PROVIDE (__init_array_start, ABSOLUTE (.))
 *(.init_array)
                [!provide]                        PROVIDE (__init_array_end, ABSOLUTE (.))
                [!provide]                        PROVIDE (__fini_array_start, ABSOLUTE (.))
 *(.fini_array)
                [!provide]                        PROVIDE (__fini_array_end, ABSOLUTE (.))
 *(.eh_frame)
 *(.gcc_except_table .gcc_except_table.*)
 *(.dynamic)
                0x0000000004023434                PROVIDE (__CTOR_LIST__, ABSOLUTE (.))
 *(.ctors)
 *(SORT(.ctors.*))
                0x0000000004023434                PROVIDE (__CTOR_END__, ABSOLUTE (.))
                0x0000000004023434                PROVIDE (__DTOR_LIST__, ABSOLUTE (.))
 *(.dtors)
 *(SORT(.dtors.*))
                0x0000000004023434                PROVIDE (__DTOR_END__, ABSOLUTE (.))
 *(.jcr)
                0x0000000004023434                . = ALIGN (0x4)

.rodata         0x0000000000000000       0xd0 load address 0x0000000004023434
                0x0000000000000000                PROVIDE (__ram_rodata_start, ABSOLUTE (.))
                0x0000000000000000                . = ALIGN (0x4)
 *(.rodata .rodata.* .gnu.linkonce.r.*)
 .rodata        0x0000000000000000       0x5a obj/default/box.o
 *fill*         0x000000000000005a        0x2 
 .rodata.str1.4
                0x000000000000005c        0x4 c:/intelfpga_lite/18.0/nios2eds/bin/gnu/h-x86_64-mingw32/bin/../lib/gcc/nios2-elf/5.3.0/../../../../../H-x86_64-mingw32/nios2-elf/lib\libsmallc.a(lib_a-puts.o)
                                          0x2 (size before relaxing)
 .rodata        0x0000000000000060       0x11 ../lab5_pixel_bsp/\libhal_bsp.a(alt_main.o)
 *fill*         0x0000000000000071        0x3 
 .rodata        0x0000000000000074       0x4f ../lab5_pixel_bsp/\libhal_bsp.a(alt_sys_init.o)
 *fill*         0x00000000000000c3        0x1 
 .rodata        0x00000000000000c4        0xa ../lab5_pixel_bsp/\libhal_bsp.a(alt_dev.o)
 *(.rodata1)
                0x00000000000000d0                . = ALIGN (0x4)
 *fill*         0x00000000000000ce        0x2 
                0x00000000000000d0                PROVIDE (__ram_rodata_end, ABSOLUTE (.))
                0x0000000004023434                PROVIDE (__flash_rodata_start, LOADADDR (.rodata))

.rwdata         0x00000000000000d0      0x378 load address 0x0000000004023504
                0x00000000000000d0                PROVIDE (__ram_rwdata_start, ABSOLUTE (.))
                0x00000000000000d0                . = ALIGN (0x4)
 *(.got.plt)
 *(.got)
 *(.data1)
 *(.data .data.* .gnu.linkonce.d.*)
 .data          0x00000000000000d0        0x0 ../lab5_pixel_bsp//obj/HAL/src/crt0.o
 .data          0x00000000000000d0        0x0 obj/default/box.o
 .data          0x00000000000000d0        0x0 c:/intelfpga_lite/18.0/nios2eds/bin/gnu/h-x86_64-mingw32/bin/../lib/gcc/nios2-elf/5.3.0/../../../../../H-x86_64-mingw32/nios2-elf/lib\libsmallc.a(lib_a-puts.o)
 .data          0x00000000000000d0        0x0 c:/intelfpga_lite/18.0/nios2eds/bin/gnu/h-x86_64-mingw32/bin/../lib/gcc/nios2-elf/5.3.0/../../../../../H-x86_64-mingw32/nios2-elf/lib\libsmallc.a(lib_a-strlen.o)
 .data          0x00000000000000d0        0x0 c:/intelfpga_lite/18.0/nios2eds/bin/gnu/h-x86_64-mingw32/bin/../lib/gcc/nios2-elf/5.3.0/../../../../../H-x86_64-mingw32/nios2-elf/lib\libsmallc.a(lib_a-fvwrite_small_dev.o)
 .data          0x00000000000000d0        0x0 c:/intelfpga_lite/18.0/nios2eds/bin/gnu/h-x86_64-mingw32/bin/../lib/gcc/nios2-elf/5.3.0/../../../../../H-x86_64-mingw32/nios2-elf/lib\libsmallc.a(lib_a-impure.o)
 .data.impure_data
                0x00000000000000d0       0xe0 c:/intelfpga_lite/18.0/nios2eds/bin/gnu/h-x86_64-mingw32/bin/../lib/gcc/nios2-elf/5.3.0/../../../../../H-x86_64-mingw32/nios2-elf/lib\libsmallc.a(lib_a-impure.o)
 .data          0x00000000000001b0        0x0 c:/intelfpga_lite/18.0/nios2eds/bin/gnu/h-x86_64-mingw32/bin/../lib/gcc/nios2-elf/5.3.0/../../../../../H-x86_64-mingw32/nios2-elf/lib\libsmallc.a(lib_a-writer.o)
 .data          0x00000000000001b0        0x0 c:/intelfpga_lite/18.0/nios2eds/bin/gnu/h-x86_64-mingw32/bin/../lib/gcc/nios2-elf/5.3.0/../../../../../H-x86_64-mingw32/nios2-elf/lib\libsmallc.a(lib_a-int_errno.o)
 .data          0x00000000000001b0        0x0 ../lab5_pixel_bsp/\libhal_bsp.a(alt_load.o)
 .data          0x00000000000001b0        0x0 ../lab5_pixel_bsp/\libhal_bsp.a(alt_main.o)
 .data          0x00000000000001b0        0x0 ../lab5_pixel_bsp/\libhal_bsp.a(alt_usleep.o)
 .data          0x00000000000001b0        0x0 ../lab5_pixel_bsp/\libhal_bsp.a(alt_write.o)
 .data          0x00000000000001b0       0xc4 ../lab5_pixel_bsp/\libhal_bsp.a(alt_sys_init.o)
 .data          0x0000000000000274        0x0 ../lab5_pixel_bsp/\libhal_bsp.a(altera_avalon_jtag_uart_fd.o)
 .data          0x0000000000000274        0x0 ../lab5_pixel_bsp/\libhal_bsp.a(altera_avalon_jtag_uart_read.o)
 .data          0x0000000000000274        0x0 ../lab5_pixel_bsp/\libhal_bsp.a(altera_avalon_jtag_uart_write.o)
 .data          0x0000000000000274        0x0 ../lab5_pixel_bsp/\libhal_bsp.a(altera_avalon_timer_sc.o)
 .data          0x0000000000000274        0x0 ../lab5_pixel_bsp/\libhal_bsp.a(altera_up_avalon_video_pixel_buffer_dma.o)
 .data          0x0000000000000274        0x0 ../lab5_pixel_bsp/\libhal_bsp.a(alt_busy_sleep.o)
 .data          0x0000000000000274        0x0 ../lab5_pixel_bsp/\libhal_bsp.a(alt_close.o)
 .data          0x0000000000000274        0x0 ../lab5_pixel_bsp/\libhal_bsp.a(alt_dcache_flush_all.o)
 .data          0x0000000000000274      0x1a8 ../lab5_pixel_bsp/\libhal_bsp.a(alt_dev.o)
                0x0000000000000274                alt_dev_null
                0x000000000000029c                alt_fd_list
 .data          0x000000000000041c        0x0 ../lab5_pixel_bsp/\libhal_bsp.a(alt_dev_llist_insert.o)
 .data          0x000000000000041c        0x0 ../lab5_pixel_bsp/\libhal_bsp.a(alt_do_ctors.o)
 .data          0x000000000000041c        0x0 ../lab5_pixel_bsp/\libhal_bsp.a(alt_do_dtors.o)
 .data          0x000000000000041c        0x0 ../lab5_pixel_bsp/\libhal_bsp.a(alt_errno.o)
 .data          0x000000000000041c        0x0 ../lab5_pixel_bsp/\libhal_bsp.a(alt_find_dev.o)
 .data          0x000000000000041c        0x0 ../lab5_pixel_bsp/\libhal_bsp.a(alt_icache_flush_all.o)
 .data          0x000000000000041c        0x0 ../lab5_pixel_bsp/\libhal_bsp.a(alt_iic.o)
 .data          0x000000000000041c        0x0 ../lab5_pixel_bsp/\libhal_bsp.a(alt_iic_isr_register.o)
 .data          0x000000000000041c        0x0 ../lab5_pixel_bsp/\libhal_bsp.a(alt_io_redirect.o)
 .data          0x000000000000041c        0x0 ../lab5_pixel_bsp/\libhal_bsp.a(alt_irq_entry.o)
 .data          0x000000000000041c        0x0 ../lab5_pixel_bsp/\libhal_bsp.a(alt_irq_handler.o)
 .data          0x000000000000041c        0x0 ../lab5_pixel_bsp/\libhal_bsp.a(alt_irq_vars.o)
 .data          0x000000000000041c        0x0 ../lab5_pixel_bsp/\libhal_bsp.a(alt_open.o)
 .data          0x000000000000041c        0x0 ../lab5_pixel_bsp/\libhal_bsp.a(alt_release_fd.o)
 .data          0x000000000000041c        0x0 ../lab5_pixel_bsp/\libhal_bsp.a(alt_tick.o)
 .data          0x000000000000041c        0x0 ../lab5_pixel_bsp/\libhal_bsp.a(altera_nios2_gen2_irq.o)
 .data          0x000000000000041c        0x0 ../lab5_pixel_bsp/\libhal_bsp.a(alt_exception_entry.o)
 .data          0x000000000000041c        0x0 ../lab5_pixel_bsp/\libhal_bsp.a(alt_find_file.o)
 .data          0x000000000000041c        0x0 ../lab5_pixel_bsp/\libhal_bsp.a(alt_get_fd.o)
 .data          0x000000000000041c        0x0 ../lab5_pixel_bsp/\libhal_bsp.a(alt_icache_flush.o)
 .data          0x000000000000041c        0x0 ../lab5_pixel_bsp/\libhal_bsp.a(alt_instruction_exception_entry.o)
 .data          0x000000000000041c        0x0 c:/intelfpga_lite/18.0/nios2eds/bin/gnu/h-x86_64-mingw32/bin/../lib/gcc/nios2-elf/5.3.0/../../../../../H-x86_64-mingw32/nios2-elf/lib\libsmallc.a(lib_a-atexit.o)
 .data          0x000000000000041c        0x0 c:/intelfpga_lite/18.0/nios2eds/bin/gnu/h-x86_64-mingw32/bin/../lib/gcc/nios2-elf/5.3.0/../../../../../H-x86_64-mingw32/nios2-elf/lib\libsmallc.a(lib_a-exit.o)
 .data          0x000000000000041c        0x0 c:/intelfpga_lite/18.0/nios2eds/bin/gnu/h-x86_64-mingw32/bin/../lib/gcc/nios2-elf/5.3.0/../../../../../H-x86_64-mingw32/nios2-elf/lib\libsmallc.a(lib_a-memcmp.o)
 .data          0x000000000000041c        0x0 c:/intelfpga_lite/18.0/nios2eds/bin/gnu/h-x86_64-mingw32/bin/../lib/gcc/nios2-elf/5.3.0/../../../../../H-x86_64-mingw32/nios2-elf/lib\libsmallc.a(lib_a-__atexit.o)
 .data          0x000000000000041c        0x0 c:/intelfpga_lite/18.0/nios2eds/bin/gnu/h-x86_64-mingw32/bin/../lib/gcc/nios2-elf/5.3.0/../../../../../H-x86_64-mingw32/nios2-elf/lib\libsmallc.a(lib_a-__call_atexit.o)
 .data          0x000000000000041c        0x0 c:/intelfpga_lite/18.0/nios2eds/bin/gnu/h-x86_64-mingw32/bin/../lib/gcc/nios2-elf/5.3.0\libgcc.a(lib2-divmod.o)
 .data          0x000000000000041c        0x0 ../lab5_pixel_bsp/\libhal_bsp.a(alt_exit.o)
                0x000000000000841c                _gp = ABSOLUTE ((. + 0x8000))
                [!provide]                        PROVIDE (gp, _gp)
 *(.rwdata .rwdata.*)
 *(.sdata .sdata.* .gnu.linkonce.s.*)
 .sdata._global_impure_ptr
                0x000000000000041c        0x4 c:/intelfpga_lite/18.0/nios2eds/bin/gnu/h-x86_64-mingw32/bin/../lib/gcc/nios2-elf/5.3.0/../../../../../H-x86_64-mingw32/nios2-elf/lib\libsmallc.a(lib_a-impure.o)
                0x000000000000041c                _global_impure_ptr
 .sdata._impure_ptr
                0x0000000000000420        0x4 c:/intelfpga_lite/18.0/nios2eds/bin/gnu/h-x86_64-mingw32/bin/../lib/gcc/nios2-elf/5.3.0/../../../../../H-x86_64-mingw32/nios2-elf/lib\libsmallc.a(lib_a-impure.o)
                0x0000000000000420                _impure_ptr
 .sdata         0x0000000000000424       0x14 ../lab5_pixel_bsp/\libhal_bsp.a(alt_dev.o)
                0x0000000000000424                alt_fs_list
                0x000000000000042c                alt_dev_list
                0x0000000000000434                alt_max_fd
 .sdata         0x0000000000000438        0x4 ../lab5_pixel_bsp/\libhal_bsp.a(alt_errno.o)
                0x0000000000000438                alt_errno
 .sdata         0x000000000000043c        0x4 ../lab5_pixel_bsp/\libhal_bsp.a(alt_irq_vars.o)
                0x000000000000043c                alt_priority_mask
 .sdata         0x0000000000000440        0x8 ../lab5_pixel_bsp/\libhal_bsp.a(alt_tick.o)
                0x0000000000000440                alt_alarm_list
 *(.sdata2 .sdata2.* .gnu.linkonce.s2.*)
                0x0000000000000448                . = ALIGN (0x4)
                0x0000000000000448                _edata = ABSOLUTE (.)
                [!provide]                        PROVIDE (edata, ABSOLUTE (.))
                0x0000000000000448                PROVIDE (__ram_rwdata_end, ABSOLUTE (.))
                0x0000000004023504                PROVIDE (__flash_rwdata_start, LOADADDR (.rwdata))

.bss            0x0000000000000448      0x120 load address 0x000000000402387c
                0x0000000000000448                __bss_start = ABSOLUTE (.)
                [!provide]                        PROVIDE (__sbss_start, ABSOLUTE (.))
                [!provide]                        PROVIDE (___sbss_start, ABSOLUTE (.))
 *(.dynsbss)
 *(.sbss .sbss.* .gnu.linkonce.sb.*)
 .sbss          0x0000000000000448        0x4 c:/intelfpga_lite/18.0/nios2eds/bin/gnu/h-x86_64-mingw32/bin/../lib/gcc/nios2-elf/5.3.0/../../../../../H-x86_64-mingw32/nios2-elf/lib\libsmallc.a(lib_a-int_errno.o)
                0x0000000000000448                errno
 .sbss          0x000000000000044c        0xc ../lab5_pixel_bsp/\libhal_bsp.a(alt_main.o)
                0x000000000000044c                alt_argc
                0x0000000000000450                alt_argv
                0x0000000000000454                alt_envp
 .sbss          0x0000000000000458        0x4 ../lab5_pixel_bsp/\libhal_bsp.a(alt_irq_vars.o)
                0x0000000000000458                alt_irq_active
 .sbss          0x000000000000045c        0x8 ../lab5_pixel_bsp/\libhal_bsp.a(alt_tick.o)
                0x000000000000045c                _alt_tick_rate
                0x0000000000000460                _alt_nticks
 .sbss          0x0000000000000464        0x4 ../lab5_pixel_bsp/\libhal_bsp.a(alt_instruction_exception_entry.o)
                0x0000000000000464                alt_instruction_exception_handler
 *(.sbss2 .sbss2.* .gnu.linkonce.sb2.*)
 *(.scommon)
                [!provide]                        PROVIDE (__sbss_end, ABSOLUTE (.))
                [!provide]                        PROVIDE (___sbss_end, ABSOLUTE (.))
 *(.dynbss)
 *(.bss .bss.* .gnu.linkonce.b.*)
 .bss           0x0000000000000468        0x0 ../lab5_pixel_bsp//obj/HAL/src/crt0.o
 .bss           0x0000000000000468        0x0 obj/default/box.o
 .bss           0x0000000000000468        0x0 c:/intelfpga_lite/18.0/nios2eds/bin/gnu/h-x86_64-mingw32/bin/../lib/gcc/nios2-elf/5.3.0/../../../../../H-x86_64-mingw32/nios2-elf/lib\libsmallc.a(lib_a-puts.o)
 .bss           0x0000000000000468        0x0 c:/intelfpga_lite/18.0/nios2eds/bin/gnu/h-x86_64-mingw32/bin/../lib/gcc/nios2-elf/5.3.0/../../../../../H-x86_64-mingw32/nios2-elf/lib\libsmallc.a(lib_a-strlen.o)
 .bss           0x0000000000000468        0x0 c:/intelfpga_lite/18.0/nios2eds/bin/gnu/h-x86_64-mingw32/bin/../lib/gcc/nios2-elf/5.3.0/../../../../../H-x86_64-mingw32/nios2-elf/lib\libsmallc.a(lib_a-fvwrite_small_dev.o)
 .bss           0x0000000000000468        0x0 c:/intelfpga_lite/18.0/nios2eds/bin/gnu/h-x86_64-mingw32/bin/../lib/gcc/nios2-elf/5.3.0/../../../../../H-x86_64-mingw32/nios2-elf/lib\libsmallc.a(lib_a-impure.o)
 .bss           0x0000000000000468        0x0 c:/intelfpga_lite/18.0/nios2eds/bin/gnu/h-x86_64-mingw32/bin/../lib/gcc/nios2-elf/5.3.0/../../../../../H-x86_64-mingw32/nios2-elf/lib\libsmallc.a(lib_a-writer.o)
 .bss           0x0000000000000468        0x0 c:/intelfpga_lite/18.0/nios2eds/bin/gnu/h-x86_64-mingw32/bin/../lib/gcc/nios2-elf/5.3.0/../../../../../H-x86_64-mingw32/nios2-elf/lib\libsmallc.a(lib_a-int_errno.o)
 .bss           0x0000000000000468        0x0 ../lab5_pixel_bsp/\libhal_bsp.a(alt_load.o)
 .bss           0x0000000000000468        0x0 ../lab5_pixel_bsp/\libhal_bsp.a(alt_main.o)
 .bss           0x0000000000000468        0x0 ../lab5_pixel_bsp/\libhal_bsp.a(alt_usleep.o)
 .bss           0x0000000000000468        0x0 ../lab5_pixel_bsp/\libhal_bsp.a(alt_write.o)
 .bss           0x0000000000000468        0x0 ../lab5_pixel_bsp/\libhal_bsp.a(alt_sys_init.o)
 .bss           0x0000000000000468        0x0 ../lab5_pixel_bsp/\libhal_bsp.a(altera_avalon_jtag_uart_fd.o)
 .bss           0x0000000000000468        0x0 ../lab5_pixel_bsp/\libhal_bsp.a(altera_avalon_jtag_uart_read.o)
 .bss           0x0000000000000468        0x0 ../lab5_pixel_bsp/\libhal_bsp.a(altera_avalon_jtag_uart_write.o)
 .bss           0x0000000000000468        0x0 ../lab5_pixel_bsp/\libhal_bsp.a(altera_avalon_timer_sc.o)
 .bss           0x0000000000000468        0x0 ../lab5_pixel_bsp/\libhal_bsp.a(altera_up_avalon_video_pixel_buffer_dma.o)
 .bss           0x0000000000000468        0x0 ../lab5_pixel_bsp/\libhal_bsp.a(alt_busy_sleep.o)
 .bss           0x0000000000000468        0x0 ../lab5_pixel_bsp/\libhal_bsp.a(alt_close.o)
 .bss           0x0000000000000468        0x0 ../lab5_pixel_bsp/\libhal_bsp.a(alt_dcache_flush_all.o)
 .bss           0x0000000000000468        0x0 ../lab5_pixel_bsp/\libhal_bsp.a(alt_dev.o)
 .bss           0x0000000000000468        0x0 ../lab5_pixel_bsp/\libhal_bsp.a(alt_dev_llist_insert.o)
 .bss           0x0000000000000468        0x0 ../lab5_pixel_bsp/\libhal_bsp.a(alt_do_ctors.o)
 .bss           0x0000000000000468        0x0 ../lab5_pixel_bsp/\libhal_bsp.a(alt_do_dtors.o)
 .bss           0x0000000000000468        0x0 ../lab5_pixel_bsp/\libhal_bsp.a(alt_errno.o)
 .bss           0x0000000000000468        0x0 ../lab5_pixel_bsp/\libhal_bsp.a(alt_find_dev.o)
 .bss           0x0000000000000468        0x0 ../lab5_pixel_bsp/\libhal_bsp.a(alt_icache_flush_all.o)
 .bss           0x0000000000000468        0x0 ../lab5_pixel_bsp/\libhal_bsp.a(alt_iic.o)
 .bss           0x0000000000000468        0x0 ../lab5_pixel_bsp/\libhal_bsp.a(alt_iic_isr_register.o)
 .bss           0x0000000000000468        0x0 ../lab5_pixel_bsp/\libhal_bsp.a(alt_io_redirect.o)
 .bss           0x0000000000000468        0x0 ../lab5_pixel_bsp/\libhal_bsp.a(alt_irq_entry.o)
 .bss           0x0000000000000468        0x0 ../lab5_pixel_bsp/\libhal_bsp.a(alt_irq_handler.o)
 .bss           0x0000000000000468        0x0 ../lab5_pixel_bsp/\libhal_bsp.a(alt_irq_vars.o)
 .bss           0x0000000000000468        0x0 ../lab5_pixel_bsp/\libhal_bsp.a(alt_open.o)
 .bss           0x0000000000000468        0x0 ../lab5_pixel_bsp/\libhal_bsp.a(alt_release_fd.o)
 .bss           0x0000000000000468        0x0 ../lab5_pixel_bsp/\libhal_bsp.a(alt_tick.o)
 .bss           0x0000000000000468        0x0 ../lab5_pixel_bsp/\libhal_bsp.a(altera_nios2_gen2_irq.o)
 .bss           0x0000000000000468        0x0 ../lab5_pixel_bsp/\libhal_bsp.a(alt_exception_entry.o)
 .bss           0x0000000000000468        0x0 ../lab5_pixel_bsp/\libhal_bsp.a(alt_find_file.o)
 .bss           0x0000000000000468        0x0 ../lab5_pixel_bsp/\libhal_bsp.a(alt_get_fd.o)
 .bss           0x0000000000000468        0x0 ../lab5_pixel_bsp/\libhal_bsp.a(alt_icache_flush.o)
 .bss           0x0000000000000468        0x0 ../lab5_pixel_bsp/\libhal_bsp.a(alt_instruction_exception_entry.o)
 .bss           0x0000000000000468        0x0 c:/intelfpga_lite/18.0/nios2eds/bin/gnu/h-x86_64-mingw32/bin/../lib/gcc/nios2-elf/5.3.0/../../../../../H-x86_64-mingw32/nios2-elf/lib\libsmallc.a(lib_a-atexit.o)
 .bss           0x0000000000000468        0x0 c:/intelfpga_lite/18.0/nios2eds/bin/gnu/h-x86_64-mingw32/bin/../lib/gcc/nios2-elf/5.3.0/../../../../../H-x86_64-mingw32/nios2-elf/lib\libsmallc.a(lib_a-exit.o)
 .bss           0x0000000000000468        0x0 c:/intelfpga_lite/18.0/nios2eds/bin/gnu/h-x86_64-mingw32/bin/../lib/gcc/nios2-elf/5.3.0/../../../../../H-x86_64-mingw32/nios2-elf/lib\libsmallc.a(lib_a-memcmp.o)
 .bss           0x0000000000000468        0x0 c:/intelfpga_lite/18.0/nios2eds/bin/gnu/h-x86_64-mingw32/bin/../lib/gcc/nios2-elf/5.3.0/../../../../../H-x86_64-mingw32/nios2-elf/lib\libsmallc.a(lib_a-__atexit.o)
 .bss           0x0000000000000468        0x0 c:/intelfpga_lite/18.0/nios2eds/bin/gnu/h-x86_64-mingw32/bin/../lib/gcc/nios2-elf/5.3.0/../../../../../H-x86_64-mingw32/nios2-elf/lib\libsmallc.a(lib_a-__call_atexit.o)
 .bss           0x0000000000000468        0x0 c:/intelfpga_lite/18.0/nios2eds/bin/gnu/h-x86_64-mingw32/bin/../lib/gcc/nios2-elf/5.3.0\libgcc.a(lib2-divmod.o)
 .bss           0x0000000000000468        0x0 ../lab5_pixel_bsp/\libhal_bsp.a(alt_exit.o)
 *(COMMON)
 COMMON         0x0000000000000468      0x100 ../lab5_pixel_bsp/\libhal_bsp.a(alt_irq_handler.o)
                0x0000000000000468                alt_irq
                0x0000000000000568                . = ALIGN (0x4)
                0x0000000000000568                __bss_end = ABSOLUTE (.)

.new_sdram_controller_0
                0x0000000000000568        0x0 load address 0x000000000402387c
                [!provide]                        PROVIDE (_alt_partition_new_sdram_controller_0_start, ABSOLUTE (.))
 *(.new_sdram_controller_0 .new_sdram_controller_0. new_sdram_controller_0.*)
                0x0000000000000568                . = ALIGN (0x4)
                [!provide]                        PROVIDE (_alt_partition_new_sdram_controller_0_end, ABSOLUTE (.))
                0x0000000000000568                _end = ABSOLUTE (.)
                0x0000000000000568                end = ABSOLUTE (.)
                0x0000000000000568                __alt_stack_base = ABSOLUTE (.)
                [!provide]                        PROVIDE (_alt_partition_new_sdram_controller_0_load_addr, LOADADDR (.new_sdram_controller_0))

.onchip_memory2_0
                0x000000000402387c        0x0
                [!provide]                        PROVIDE (_alt_partition_onchip_memory2_0_start, ABSOLUTE (.))
 *(.onchip_memory2_0 .onchip_memory2_0. onchip_memory2_0.*)
                0x000000000402387c                . = ALIGN (0x4)
                [!provide]                        PROVIDE (_alt_partition_onchip_memory2_0_end, ABSOLUTE (.))
                [!provide]                        PROVIDE (_alt_partition_onchip_memory2_0_load_addr, LOADADDR (.onchip_memory2_0))

.stab
 *(.stab)

.stabstr
 *(.stabstr)

.stab.excl
 *(.stab.excl)

.stab.exclstr
 *(.stab.exclstr)

.stab.index
 *(.stab.index)

.stab.indexstr
 *(.stab.indexstr)

.comment        0x0000000000000000       0x23
 *(.comment)
 .comment       0x0000000000000000       0x23 obj/default/box.o
                                         0x24 (size before relaxing)
 .comment       0x0000000000000023       0x24 c:/intelfpga_lite/18.0/nios2eds/bin/gnu/h-x86_64-mingw32/bin/../lib/gcc/nios2-elf/5.3.0/../../../../../H-x86_64-mingw32/nios2-elf/lib\libsmallc.a(lib_a-puts.o)
 .comment       0x0000000000000023       0x24 c:/intelfpga_lite/18.0/nios2eds/bin/gnu/h-x86_64-mingw32/bin/../lib/gcc/nios2-elf/5.3.0/../../../../../H-x86_64-mingw32/nios2-elf/lib\libsmallc.a(lib_a-strlen.o)
 .comment       0x0000000000000023       0x24 c:/intelfpga_lite/18.0/nios2eds/bin/gnu/h-x86_64-mingw32/bin/../lib/gcc/nios2-elf/5.3.0/../../../../../H-x86_64-mingw32/nios2-elf/lib\libsmallc.a(lib_a-fvwrite_small_dev.o)
 .comment       0x0000000000000023       0x24 c:/intelfpga_lite/18.0/nios2eds/bin/gnu/h-x86_64-mingw32/bin/../lib/gcc/nios2-elf/5.3.0/../../../../../H-x86_64-mingw32/nios2-elf/lib\libsmallc.a(lib_a-impure.o)
 .comment       0x0000000000000023       0x24 c:/intelfpga_lite/18.0/nios2eds/bin/gnu/h-x86_64-mingw32/bin/../lib/gcc/nios2-elf/5.3.0/../../../../../H-x86_64-mingw32/nios2-elf/lib\libsmallc.a(lib_a-writer.o)
 .comment       0x0000000000000023       0x24 c:/intelfpga_lite/18.0/nios2eds/bin/gnu/h-x86_64-mingw32/bin/../lib/gcc/nios2-elf/5.3.0/../../../../../H-x86_64-mingw32/nios2-elf/lib\libsmallc.a(lib_a-int_errno.o)
 .comment       0x0000000000000023       0x24 ../lab5_pixel_bsp/\libhal_bsp.a(alt_load.o)
 .comment       0x0000000000000023       0x24 ../lab5_pixel_bsp/\libhal_bsp.a(alt_main.o)
 .comment       0x0000000000000023       0x24 ../lab5_pixel_bsp/\libhal_bsp.a(alt_usleep.o)
 .comment       0x0000000000000023       0x24 ../lab5_pixel_bsp/\libhal_bsp.a(alt_write.o)
 .comment       0x0000000000000023       0x24 ../lab5_pixel_bsp/\libhal_bsp.a(alt_sys_init.o)
 .comment       0x0000000000000023       0x24 ../lab5_pixel_bsp/\libhal_bsp.a(altera_avalon_jtag_uart_fd.o)
 .comment       0x0000000000000023       0x24 ../lab5_pixel_bsp/\libhal_bsp.a(altera_avalon_jtag_uart_read.o)
 .comment       0x0000000000000023       0x24 ../lab5_pixel_bsp/\libhal_bsp.a(altera_avalon_jtag_uart_write.o)
 .comment       0x0000000000000023       0x24 ../lab5_pixel_bsp/\libhal_bsp.a(altera_avalon_timer_sc.o)
 .comment       0x0000000000000023       0x24 ../lab5_pixel_bsp/\libhal_bsp.a(altera_up_avalon_video_pixel_buffer_dma.o)
 .comment       0x0000000000000023       0x24 ../lab5_pixel_bsp/\libhal_bsp.a(alt_busy_sleep.o)
 .comment       0x0000000000000023       0x24 ../lab5_pixel_bsp/\libhal_bsp.a(alt_close.o)
 .comment       0x0000000000000023       0x24 ../lab5_pixel_bsp/\libhal_bsp.a(alt_dcache_flush_all.o)
 .comment       0x0000000000000023       0x24 ../lab5_pixel_bsp/\libhal_bsp.a(alt_dev.o)
 .comment       0x0000000000000023       0x24 ../lab5_pixel_bsp/\libhal_bsp.a(alt_dev_llist_insert.o)
 .comment       0x0000000000000023       0x24 ../lab5_pixel_bsp/\libhal_bsp.a(alt_do_ctors.o)
 .comment       0x0000000000000023       0x24 ../lab5_pixel_bsp/\libhal_bsp.a(alt_do_dtors.o)
 .comment       0x0000000000000023       0x24 ../lab5_pixel_bsp/\libhal_bsp.a(alt_errno.o)
 .comment       0x0000000000000023       0x24 ../lab5_pixel_bsp/\libhal_bsp.a(alt_find_dev.o)
 .comment       0x0000000000000023       0x24 ../lab5_pixel_bsp/\libhal_bsp.a(alt_icache_flush_all.o)
 .comment       0x0000000000000023       0x24 ../lab5_pixel_bsp/\libhal_bsp.a(alt_iic.o)
 .comment       0x0000000000000023       0x24 ../lab5_pixel_bsp/\libhal_bsp.a(alt_iic_isr_register.o)
 .comment       0x0000000000000023       0x24 ../lab5_pixel_bsp/\libhal_bsp.a(alt_io_redirect.o)
 .comment       0x0000000000000023       0x24 ../lab5_pixel_bsp/\libhal_bsp.a(alt_irq_handler.o)
 .comment       0x0000000000000023       0x24 ../lab5_pixel_bsp/\libhal_bsp.a(alt_irq_vars.o)
 .comment       0x0000000000000023       0x24 ../lab5_pixel_bsp/\libhal_bsp.a(alt_open.o)
 .comment       0x0000000000000023       0x24 ../lab5_pixel_bsp/\libhal_bsp.a(alt_release_fd.o)
 .comment       0x0000000000000023       0x24 ../lab5_pixel_bsp/\libhal_bsp.a(alt_tick.o)
 .comment       0x0000000000000023       0x24 ../lab5_pixel_bsp/\libhal_bsp.a(altera_nios2_gen2_irq.o)
 .comment       0x0000000000000023       0x24 ../lab5_pixel_bsp/\libhal_bsp.a(alt_find_file.o)
 .comment       0x0000000000000023       0x24 ../lab5_pixel_bsp/\libhal_bsp.a(alt_get_fd.o)
 .comment       0x0000000000000023       0x24 ../lab5_pixel_bsp/\libhal_bsp.a(alt_icache_flush.o)
 .comment       0x0000000000000023       0x24 ../lab5_pixel_bsp/\libhal_bsp.a(alt_instruction_exception_entry.o)
 .comment       0x0000000000000023       0x24 c:/intelfpga_lite/18.0/nios2eds/bin/gnu/h-x86_64-mingw32/bin/../lib/gcc/nios2-elf/5.3.0/../../../../../H-x86_64-mingw32/nios2-elf/lib\libsmallc.a(lib_a-atexit.o)
 .comment       0x0000000000000023       0x24 c:/intelfpga_lite/18.0/nios2eds/bin/gnu/h-x86_64-mingw32/bin/../lib/gcc/nios2-elf/5.3.0/../../../../../H-x86_64-mingw32/nios2-elf/lib\libsmallc.a(lib_a-exit.o)
 .comment       0x0000000000000023       0x24 c:/intelfpga_lite/18.0/nios2eds/bin/gnu/h-x86_64-mingw32/bin/../lib/gcc/nios2-elf/5.3.0/../../../../../H-x86_64-mingw32/nios2-elf/lib\libsmallc.a(lib_a-memcmp.o)
 .comment       0x0000000000000023       0x24 c:/intelfpga_lite/18.0/nios2eds/bin/gnu/h-x86_64-mingw32/bin/../lib/gcc/nios2-elf/5.3.0/../../../../../H-x86_64-mingw32/nios2-elf/lib\libsmallc.a(lib_a-__atexit.o)
 .comment       0x0000000000000023       0x24 c:/intelfpga_lite/18.0/nios2eds/bin/gnu/h-x86_64-mingw32/bin/../lib/gcc/nios2-elf/5.3.0/../../../../../H-x86_64-mingw32/nios2-elf/lib\libsmallc.a(lib_a-__call_atexit.o)
 .comment       0x0000000000000023       0x24 c:/intelfpga_lite/18.0/nios2eds/bin/gnu/h-x86_64-mingw32/bin/../lib/gcc/nios2-elf/5.3.0\libgcc.a(lib2-divmod.o)
 .comment       0x0000000000000023       0x24 ../lab5_pixel_bsp/\libhal_bsp.a(alt_exit.o)

.debug
 *(.debug)

.line
 *(.line)

.debug_srcinfo
 *(.debug_srcinfo)

.debug_sfnames
 *(.debug_sfnames)

.debug_aranges  0x0000000000000000      0x660
 *(.debug_aranges)
 .debug_aranges
                0x0000000000000000       0x28 ../lab5_pixel_bsp//obj/HAL/src/crt0.o
 .debug_aranges
                0x0000000000000028       0x20 obj/default/box.o
 .debug_aranges
                0x0000000000000048       0x28 c:/intelfpga_lite/18.0/nios2eds/bin/gnu/h-x86_64-mingw32/bin/../lib/gcc/nios2-elf/5.3.0/../../../../../H-x86_64-mingw32/nios2-elf/lib\libsmallc.a(lib_a-puts.o)
 .debug_aranges
                0x0000000000000070       0x20 c:/intelfpga_lite/18.0/nios2eds/bin/gnu/h-x86_64-mingw32/bin/../lib/gcc/nios2-elf/5.3.0/../../../../../H-x86_64-mingw32/nios2-elf/lib\libsmallc.a(lib_a-strlen.o)
 .debug_aranges
                0x0000000000000090       0x20 c:/intelfpga_lite/18.0/nios2eds/bin/gnu/h-x86_64-mingw32/bin/../lib/gcc/nios2-elf/5.3.0/../../../../../H-x86_64-mingw32/nios2-elf/lib\libsmallc.a(lib_a-fvwrite_small_dev.o)
 .debug_aranges
                0x00000000000000b0       0x18 c:/intelfpga_lite/18.0/nios2eds/bin/gnu/h-x86_64-mingw32/bin/../lib/gcc/nios2-elf/5.3.0/../../../../../H-x86_64-mingw32/nios2-elf/lib\libsmallc.a(lib_a-impure.o)
 .debug_aranges
                0x00000000000000c8       0x20 c:/intelfpga_lite/18.0/nios2eds/bin/gnu/h-x86_64-mingw32/bin/../lib/gcc/nios2-elf/5.3.0/../../../../../H-x86_64-mingw32/nios2-elf/lib\libsmallc.a(lib_a-writer.o)
 .debug_aranges
                0x00000000000000e8       0x18 c:/intelfpga_lite/18.0/nios2eds/bin/gnu/h-x86_64-mingw32/bin/../lib/gcc/nios2-elf/5.3.0/../../../../../H-x86_64-mingw32/nios2-elf/lib\libsmallc.a(lib_a-int_errno.o)
 .debug_aranges
                0x0000000000000100       0x20 ../lab5_pixel_bsp/\libhal_bsp.a(alt_load.o)
 .debug_aranges
                0x0000000000000120       0x20 ../lab5_pixel_bsp/\libhal_bsp.a(alt_main.o)
 .debug_aranges
                0x0000000000000140       0x20 ../lab5_pixel_bsp/\libhal_bsp.a(alt_usleep.o)
 .debug_aranges
                0x0000000000000160       0x20 ../lab5_pixel_bsp/\libhal_bsp.a(alt_write.o)
 .debug_aranges
                0x0000000000000180       0x20 ../lab5_pixel_bsp/\libhal_bsp.a(alt_sys_init.o)
 .debug_aranges
                0x00000000000001a0       0x20 ../lab5_pixel_bsp/\libhal_bsp.a(altera_avalon_jtag_uart_fd.o)
 .debug_aranges
                0x00000000000001c0       0x20 ../lab5_pixel_bsp/\libhal_bsp.a(altera_avalon_jtag_uart_read.o)
 .debug_aranges
                0x00000000000001e0       0x20 ../lab5_pixel_bsp/\libhal_bsp.a(altera_avalon_jtag_uart_write.o)
 .debug_aranges
                0x0000000000000200       0x20 ../lab5_pixel_bsp/\libhal_bsp.a(altera_avalon_timer_sc.o)
 .debug_aranges
                0x0000000000000220       0x20 ../lab5_pixel_bsp/\libhal_bsp.a(altera_up_avalon_video_pixel_buffer_dma.o)
 .debug_aranges
                0x0000000000000240       0x20 ../lab5_pixel_bsp/\libhal_bsp.a(alt_busy_sleep.o)
 .debug_aranges
                0x0000000000000260       0x20 ../lab5_pixel_bsp/\libhal_bsp.a(alt_close.o)
 .debug_aranges
                0x0000000000000280       0x20 ../lab5_pixel_bsp/\libhal_bsp.a(alt_dcache_flush_all.o)
 .debug_aranges
                0x00000000000002a0       0x20 ../lab5_pixel_bsp/\libhal_bsp.a(alt_dev.o)
 .debug_aranges
                0x00000000000002c0       0x20 ../lab5_pixel_bsp/\libhal_bsp.a(alt_dev_llist_insert.o)
 .debug_aranges
                0x00000000000002e0       0x20 ../lab5_pixel_bsp/\libhal_bsp.a(alt_do_ctors.o)
 .debug_aranges
                0x0000000000000300       0x20 ../lab5_pixel_bsp/\libhal_bsp.a(alt_do_dtors.o)
 .debug_aranges
                0x0000000000000320       0x18 ../lab5_pixel_bsp/\libhal_bsp.a(alt_errno.o)
 .debug_aranges
                0x0000000000000338       0x20 ../lab5_pixel_bsp/\libhal_bsp.a(alt_find_dev.o)
 .debug_aranges
                0x0000000000000358       0x20 ../lab5_pixel_bsp/\libhal_bsp.a(alt_icache_flush_all.o)
 .debug_aranges
                0x0000000000000378       0x20 ../lab5_pixel_bsp/\libhal_bsp.a(alt_iic.o)
 .debug_aranges
                0x0000000000000398       0x20 ../lab5_pixel_bsp/\libhal_bsp.a(alt_iic_isr_register.o)
 .debug_aranges
                0x00000000000003b8       0x20 ../lab5_pixel_bsp/\libhal_bsp.a(alt_io_redirect.o)
 .debug_aranges
                0x00000000000003d8       0x30 ../lab5_pixel_bsp/\libhal_bsp.a(alt_irq_entry.o)
 .debug_aranges
                0x0000000000000408       0x20 ../lab5_pixel_bsp/\libhal_bsp.a(alt_irq_handler.o)
 .debug_aranges
                0x0000000000000428       0x18 ../lab5_pixel_bsp/\libhal_bsp.a(alt_irq_vars.o)
 .debug_aranges
                0x0000000000000440       0x20 ../lab5_pixel_bsp/\libhal_bsp.a(alt_open.o)
 .debug_aranges
                0x0000000000000460       0x20 ../lab5_pixel_bsp/\libhal_bsp.a(alt_release_fd.o)
 .debug_aranges
                0x0000000000000480       0x20 ../lab5_pixel_bsp/\libhal_bsp.a(alt_tick.o)
 .debug_aranges
                0x00000000000004a0       0x20 ../lab5_pixel_bsp/\libhal_bsp.a(altera_nios2_gen2_irq.o)
 .debug_aranges
                0x00000000000004c0       0x38 ../lab5_pixel_bsp/\libhal_bsp.a(alt_exception_entry.o)
 .debug_aranges
                0x00000000000004f8       0x20 ../lab5_pixel_bsp/\libhal_bsp.a(alt_find_file.o)
 .debug_aranges
                0x0000000000000518       0x20 ../lab5_pixel_bsp/\libhal_bsp.a(alt_get_fd.o)
 .debug_aranges
                0x0000000000000538       0x20 ../lab5_pixel_bsp/\libhal_bsp.a(alt_icache_flush.o)
 .debug_aranges
                0x0000000000000558       0x28 ../lab5_pixel_bsp/\libhal_bsp.a(alt_instruction_exception_entry.o)
 .debug_aranges
                0x0000000000000580       0x20 c:/intelfpga_lite/18.0/nios2eds/bin/gnu/h-x86_64-mingw32/bin/../lib/gcc/nios2-elf/5.3.0/../../../../../H-x86_64-mingw32/nios2-elf/lib\libsmallc.a(lib_a-atexit.o)
 .debug_aranges
                0x00000000000005a0       0x20 c:/intelfpga_lite/18.0/nios2eds/bin/gnu/h-x86_64-mingw32/bin/../lib/gcc/nios2-elf/5.3.0/../../../../../H-x86_64-mingw32/nios2-elf/lib\libsmallc.a(lib_a-exit.o)
 .debug_aranges
                0x00000000000005c0       0x20 c:/intelfpga_lite/18.0/nios2eds/bin/gnu/h-x86_64-mingw32/bin/../lib/gcc/nios2-elf/5.3.0/../../../../../H-x86_64-mingw32/nios2-elf/lib\libsmallc.a(lib_a-memcmp.o)
 .debug_aranges
                0x00000000000005e0       0x20 c:/intelfpga_lite/18.0/nios2eds/bin/gnu/h-x86_64-mingw32/bin/../lib/gcc/nios2-elf/5.3.0/../../../../../H-x86_64-mingw32/nios2-elf/lib\libsmallc.a(lib_a-__atexit.o)
 .debug_aranges
                0x0000000000000600       0x20 c:/intelfpga_lite/18.0/nios2eds/bin/gnu/h-x86_64-mingw32/bin/../lib/gcc/nios2-elf/5.3.0/../../../../../H-x86_64-mingw32/nios2-elf/lib\libsmallc.a(lib_a-__call_atexit.o)
 .debug_aranges
                0x0000000000000620       0x20 c:/intelfpga_lite/18.0/nios2eds/bin/gnu/h-x86_64-mingw32/bin/../lib/gcc/nios2-elf/5.3.0\libgcc.a(lib2-divmod.o)
 .debug_aranges
                0x0000000000000640       0x20 ../lab5_pixel_bsp/\libhal_bsp.a(alt_exit.o)

.debug_pubnames
 *(.debug_pubnames)

.debug_info     0x0000000000000000     0x81db
 *(.debug_info .gnu.linkonce.wi.*)
 .debug_info    0x0000000000000000       0x8c ../lab5_pixel_bsp//obj/HAL/src/crt0.o
 .debug_info    0x000000000000008c      0x3e2 obj/default/box.o
 .debug_info    0x000000000000046e      0x66d c:/intelfpga_lite/18.0/nios2eds/bin/gnu/h-x86_64-mingw32/bin/../lib/gcc/nios2-elf/5.3.0/../../../../../H-x86_64-mingw32/nios2-elf/lib\libsmallc.a(lib_a-puts.o)
 .debug_info    0x0000000000000adb       0xc9 c:/intelfpga_lite/18.0/nios2eds/bin/gnu/h-x86_64-mingw32/bin/../lib/gcc/nios2-elf/5.3.0/../../../../../H-x86_64-mingw32/nios2-elf/lib\libsmallc.a(lib_a-strlen.o)
 .debug_info    0x0000000000000ba4      0x62b c:/intelfpga_lite/18.0/nios2eds/bin/gnu/h-x86_64-mingw32/bin/../lib/gcc/nios2-elf/5.3.0/../../../../../H-x86_64-mingw32/nios2-elf/lib\libsmallc.a(lib_a-fvwrite_small_dev.o)
 .debug_info    0x00000000000011cf      0x5a9 c:/intelfpga_lite/18.0/nios2eds/bin/gnu/h-x86_64-mingw32/bin/../lib/gcc/nios2-elf/5.3.0/../../../../../H-x86_64-mingw32/nios2-elf/lib\libsmallc.a(lib_a-impure.o)
 .debug_info    0x0000000000001778      0x630 c:/intelfpga_lite/18.0/nios2eds/bin/gnu/h-x86_64-mingw32/bin/../lib/gcc/nios2-elf/5.3.0/../../../../../H-x86_64-mingw32/nios2-elf/lib\libsmallc.a(lib_a-writer.o)
 .debug_info    0x0000000000001da8       0x8a c:/intelfpga_lite/18.0/nios2eds/bin/gnu/h-x86_64-mingw32/bin/../lib/gcc/nios2-elf/5.3.0/../../../../../H-x86_64-mingw32/nios2-elf/lib\libsmallc.a(lib_a-int_errno.o)
 .debug_info    0x0000000000001e32      0x145 ../lab5_pixel_bsp/\libhal_bsp.a(alt_load.o)
 .debug_info    0x0000000000001f77      0x131 ../lab5_pixel_bsp/\libhal_bsp.a(alt_main.o)
 .debug_info    0x00000000000020a8       0xb0 ../lab5_pixel_bsp/\libhal_bsp.a(alt_usleep.o)
 .debug_info    0x0000000000002158      0x4b7 ../lab5_pixel_bsp/\libhal_bsp.a(alt_write.o)
 .debug_info    0x000000000000260f      0x54c ../lab5_pixel_bsp/\libhal_bsp.a(alt_sys_init.o)
 .debug_info    0x0000000000002b5b      0x3a7 ../lab5_pixel_bsp/\libhal_bsp.a(altera_avalon_jtag_uart_fd.o)
 .debug_info    0x0000000000002f02      0x1b2 ../lab5_pixel_bsp/\libhal_bsp.a(altera_avalon_jtag_uart_read.o)
 .debug_info    0x00000000000030b4      0x195 ../lab5_pixel_bsp/\libhal_bsp.a(altera_avalon_jtag_uart_write.o)
 .debug_info    0x0000000000003249      0x226 ../lab5_pixel_bsp/\libhal_bsp.a(altera_avalon_timer_sc.o)
 .debug_info    0x000000000000346f      0xaa3 ../lab5_pixel_bsp/\libhal_bsp.a(altera_up_avalon_video_pixel_buffer_dma.o)
 .debug_info    0x0000000000003f12       0xd7 ../lab5_pixel_bsp/\libhal_bsp.a(alt_busy_sleep.o)
 .debug_info    0x0000000000003fe9      0x321 ../lab5_pixel_bsp/\libhal_bsp.a(alt_close.o)
 .debug_info    0x000000000000430a       0xa5 ../lab5_pixel_bsp/\libhal_bsp.a(alt_dcache_flush_all.o)
 .debug_info    0x00000000000043af      0x49c ../lab5_pixel_bsp/\libhal_bsp.a(alt_dev.o)
 .debug_info    0x000000000000484b      0x1a9 ../lab5_pixel_bsp/\libhal_bsp.a(alt_dev_llist_insert.o)
 .debug_info    0x00000000000049f4       0x83 ../lab5_pixel_bsp/\libhal_bsp.a(alt_do_ctors.o)
 .debug_info    0x0000000000004a77       0x83 ../lab5_pixel_bsp/\libhal_bsp.a(alt_do_dtors.o)
 .debug_info    0x0000000000004afa       0xa6 ../lab5_pixel_bsp/\libhal_bsp.a(alt_errno.o)
 .debug_info    0x0000000000004ba0      0x2e9 ../lab5_pixel_bsp/\libhal_bsp.a(alt_find_dev.o)
 .debug_info    0x0000000000004e89       0x92 ../lab5_pixel_bsp/\libhal_bsp.a(alt_icache_flush_all.o)
 .debug_info    0x0000000000004f1b      0x350 ../lab5_pixel_bsp/\libhal_bsp.a(alt_iic.o)
 .debug_info    0x000000000000526b      0x1ef ../lab5_pixel_bsp/\libhal_bsp.a(alt_iic_isr_register.o)
 .debug_info    0x000000000000545a      0x4a5 ../lab5_pixel_bsp/\libhal_bsp.a(alt_io_redirect.o)
 .debug_info    0x00000000000058ff       0x95 ../lab5_pixel_bsp/\libhal_bsp.a(alt_irq_entry.o)
 .debug_info    0x0000000000005994      0x187 ../lab5_pixel_bsp/\libhal_bsp.a(alt_irq_handler.o)
 .debug_info    0x0000000000005b1b       0x88 ../lab5_pixel_bsp/\libhal_bsp.a(alt_irq_vars.o)
 .debug_info    0x0000000000005ba3      0x3bb ../lab5_pixel_bsp/\libhal_bsp.a(alt_open.o)
 .debug_info    0x0000000000005f5e      0x2b0 ../lab5_pixel_bsp/\libhal_bsp.a(alt_release_fd.o)
 .debug_info    0x000000000000620e      0x299 ../lab5_pixel_bsp/\libhal_bsp.a(alt_tick.o)
 .debug_info    0x00000000000064a7       0x92 ../lab5_pixel_bsp/\libhal_bsp.a(altera_nios2_gen2_irq.o)
 .debug_info    0x0000000000006539       0x9b ../lab5_pixel_bsp/\libhal_bsp.a(alt_exception_entry.o)
 .debug_info    0x00000000000065d4      0x2e6 ../lab5_pixel_bsp/\libhal_bsp.a(alt_find_file.o)
 .debug_info    0x00000000000068ba      0x310 ../lab5_pixel_bsp/\libhal_bsp.a(alt_get_fd.o)
 .debug_info    0x0000000000006bca       0xdc ../lab5_pixel_bsp/\libhal_bsp.a(alt_icache_flush.o)
 .debug_info    0x0000000000006ca6      0x1e7 ../lab5_pixel_bsp/\libhal_bsp.a(alt_instruction_exception_entry.o)
 .debug_info    0x0000000000006e8d       0xfe c:/intelfpga_lite/18.0/nios2eds/bin/gnu/h-x86_64-mingw32/bin/../lib/gcc/nios2-elf/5.3.0/../../../../../H-x86_64-mingw32/nios2-elf/lib\libsmallc.a(lib_a-atexit.o)
 .debug_info    0x0000000000006f8b       0xe5 c:/intelfpga_lite/18.0/nios2eds/bin/gnu/h-x86_64-mingw32/bin/../lib/gcc/nios2-elf/5.3.0/../../../../../H-x86_64-mingw32/nios2-elf/lib\libsmallc.a(lib_a-exit.o)
 .debug_info    0x0000000000007070       0xf4 c:/intelfpga_lite/18.0/nios2eds/bin/gnu/h-x86_64-mingw32/bin/../lib/gcc/nios2-elf/5.3.0/../../../../../H-x86_64-mingw32/nios2-elf/lib\libsmallc.a(lib_a-memcmp.o)
 .debug_info    0x0000000000007164      0x64a c:/intelfpga_lite/18.0/nios2eds/bin/gnu/h-x86_64-mingw32/bin/../lib/gcc/nios2-elf/5.3.0/../../../../../H-x86_64-mingw32/nios2-elf/lib\libsmallc.a(lib_a-__atexit.o)
 .debug_info    0x00000000000077ae      0x67b c:/intelfpga_lite/18.0/nios2eds/bin/gnu/h-x86_64-mingw32/bin/../lib/gcc/nios2-elf/5.3.0/../../../../../H-x86_64-mingw32/nios2-elf/lib\libsmallc.a(lib_a-__call_atexit.o)
 .debug_info    0x0000000000007e29      0x2c6 c:/intelfpga_lite/18.0/nios2eds/bin/gnu/h-x86_64-mingw32/bin/../lib/gcc/nios2-elf/5.3.0\libgcc.a(lib2-divmod.o)
 .debug_info    0x00000000000080ef       0xec ../lab5_pixel_bsp/\libhal_bsp.a(alt_exit.o)

.debug_abbrev   0x0000000000000000     0x2c42
 *(.debug_abbrev)
 .debug_abbrev  0x0000000000000000       0x12 ../lab5_pixel_bsp//obj/HAL/src/crt0.o
 .debug_abbrev  0x0000000000000012       0xdf obj/default/box.o
 .debug_abbrev  0x00000000000000f1      0x1d6 c:/intelfpga_lite/18.0/nios2eds/bin/gnu/h-x86_64-mingw32/bin/../lib/gcc/nios2-elf/5.3.0/../../../../../H-x86_64-mingw32/nios2-elf/lib\libsmallc.a(lib_a-puts.o)
 .debug_abbrev  0x00000000000002c7       0x7f c:/intelfpga_lite/18.0/nios2eds/bin/gnu/h-x86_64-mingw32/bin/../lib/gcc/nios2-elf/5.3.0/../../../../../H-x86_64-mingw32/nios2-elf/lib\libsmallc.a(lib_a-strlen.o)
 .debug_abbrev  0x0000000000000346      0x1bc c:/intelfpga_lite/18.0/nios2eds/bin/gnu/h-x86_64-mingw32/bin/../lib/gcc/nios2-elf/5.3.0/../../../../../H-x86_64-mingw32/nios2-elf/lib\libsmallc.a(lib_a-fvwrite_small_dev.o)
 .debug_abbrev  0x0000000000000502      0x14a c:/intelfpga_lite/18.0/nios2eds/bin/gnu/h-x86_64-mingw32/bin/../lib/gcc/nios2-elf/5.3.0/../../../../../H-x86_64-mingw32/nios2-elf/lib\libsmallc.a(lib_a-impure.o)
 .debug_abbrev  0x000000000000064c      0x1a6 c:/intelfpga_lite/18.0/nios2eds/bin/gnu/h-x86_64-mingw32/bin/../lib/gcc/nios2-elf/5.3.0/../../../../../H-x86_64-mingw32/nios2-elf/lib\libsmallc.a(lib_a-writer.o)
 .debug_abbrev  0x00000000000007f2       0x37 c:/intelfpga_lite/18.0/nios2eds/bin/gnu/h-x86_64-mingw32/bin/../lib/gcc/nios2-elf/5.3.0/../../../../../H-x86_64-mingw32/nios2-elf/lib\libsmallc.a(lib_a-int_errno.o)
 .debug_abbrev  0x0000000000000829       0x9f ../lab5_pixel_bsp/\libhal_bsp.a(alt_load.o)
 .debug_abbrev  0x00000000000008c8       0xba ../lab5_pixel_bsp/\libhal_bsp.a(alt_main.o)
 .debug_abbrev  0x0000000000000982       0x60 ../lab5_pixel_bsp/\libhal_bsp.a(alt_usleep.o)
 .debug_abbrev  0x00000000000009e2      0x133 ../lab5_pixel_bsp/\libhal_bsp.a(alt_write.o)
 .debug_abbrev  0x0000000000000b15      0x148 ../lab5_pixel_bsp/\libhal_bsp.a(alt_sys_init.o)
 .debug_abbrev  0x0000000000000c5d       0xf7 ../lab5_pixel_bsp/\libhal_bsp.a(altera_avalon_jtag_uart_fd.o)
 .debug_abbrev  0x0000000000000d54       0xd5 ../lab5_pixel_bsp/\libhal_bsp.a(altera_avalon_jtag_uart_read.o)
 .debug_abbrev  0x0000000000000e29       0xd5 ../lab5_pixel_bsp/\libhal_bsp.a(altera_avalon_jtag_uart_write.o)
 .debug_abbrev  0x0000000000000efe      0x155 ../lab5_pixel_bsp/\libhal_bsp.a(altera_avalon_timer_sc.o)
 .debug_abbrev  0x0000000000001053      0x1b9 ../lab5_pixel_bsp/\libhal_bsp.a(altera_up_avalon_video_pixel_buffer_dma.o)
 .debug_abbrev  0x000000000000120c       0x7e ../lab5_pixel_bsp/\libhal_bsp.a(alt_busy_sleep.o)
 .debug_abbrev  0x000000000000128a      0x11f ../lab5_pixel_bsp/\libhal_bsp.a(alt_close.o)
 .debug_abbrev  0x00000000000013a9       0x5a ../lab5_pixel_bsp/\libhal_bsp.a(alt_dcache_flush_all.o)
 .debug_abbrev  0x0000000000001403       0xd9 ../lab5_pixel_bsp/\libhal_bsp.a(alt_dev.o)
 .debug_abbrev  0x00000000000014dc      0x114 ../lab5_pixel_bsp/\libhal_bsp.a(alt_dev_llist_insert.o)
 .debug_abbrev  0x00000000000015f0       0x79 ../lab5_pixel_bsp/\libhal_bsp.a(alt_do_ctors.o)
 .debug_abbrev  0x0000000000001669       0x79 ../lab5_pixel_bsp/\libhal_bsp.a(alt_do_dtors.o)
 .debug_abbrev  0x00000000000016e2       0x5a ../lab5_pixel_bsp/\libhal_bsp.a(alt_errno.o)
 .debug_abbrev  0x000000000000173c       0xf0 ../lab5_pixel_bsp/\libhal_bsp.a(alt_find_dev.o)
 .debug_abbrev  0x000000000000182c       0x42 ../lab5_pixel_bsp/\libhal_bsp.a(alt_icache_flush_all.o)
 .debug_abbrev  0x000000000000186e      0x163 ../lab5_pixel_bsp/\libhal_bsp.a(alt_iic.o)
 .debug_abbrev  0x00000000000019d1      0x169 ../lab5_pixel_bsp/\libhal_bsp.a(alt_iic_isr_register.o)
 .debug_abbrev  0x0000000000001b3a      0x114 ../lab5_pixel_bsp/\libhal_bsp.a(alt_io_redirect.o)
 .debug_abbrev  0x0000000000001c4e       0x12 ../lab5_pixel_bsp/\libhal_bsp.a(alt_irq_entry.o)
 .debug_abbrev  0x0000000000001c60      0x122 ../lab5_pixel_bsp/\libhal_bsp.a(alt_irq_handler.o)
 .debug_abbrev  0x0000000000001d82       0x40 ../lab5_pixel_bsp/\libhal_bsp.a(alt_irq_vars.o)
 .debug_abbrev  0x0000000000001dc2      0x148 ../lab5_pixel_bsp/\libhal_bsp.a(alt_open.o)
 .debug_abbrev  0x0000000000001f0a       0xde ../lab5_pixel_bsp/\libhal_bsp.a(alt_release_fd.o)
 .debug_abbrev  0x0000000000001fe8      0x15a ../lab5_pixel_bsp/\libhal_bsp.a(alt_tick.o)
 .debug_abbrev  0x0000000000002142       0x42 ../lab5_pixel_bsp/\libhal_bsp.a(altera_nios2_gen2_irq.o)
 .debug_abbrev  0x0000000000002184       0x12 ../lab5_pixel_bsp/\libhal_bsp.a(alt_exception_entry.o)
 .debug_abbrev  0x0000000000002196       0xf0 ../lab5_pixel_bsp/\libhal_bsp.a(alt_find_file.o)
 .debug_abbrev  0x0000000000002286      0x10d ../lab5_pixel_bsp/\libhal_bsp.a(alt_get_fd.o)
 .debug_abbrev  0x0000000000002393       0x8c ../lab5_pixel_bsp/\libhal_bsp.a(alt_icache_flush.o)
 .debug_abbrev  0x000000000000241f       0xdc ../lab5_pixel_bsp/\libhal_bsp.a(alt_instruction_exception_entry.o)
 .debug_abbrev  0x00000000000024fb       0xaa c:/intelfpga_lite/18.0/nios2eds/bin/gnu/h-x86_64-mingw32/bin/../lib/gcc/nios2-elf/5.3.0/../../../../../H-x86_64-mingw32/nios2-elf/lib\libsmallc.a(lib_a-atexit.o)
 .debug_abbrev  0x00000000000025a5       0x8b c:/intelfpga_lite/18.0/nios2eds/bin/gnu/h-x86_64-mingw32/bin/../lib/gcc/nios2-elf/5.3.0/../../../../../H-x86_64-mingw32/nios2-elf/lib\libsmallc.a(lib_a-exit.o)
 .debug_abbrev  0x0000000000002630       0x7f c:/intelfpga_lite/18.0/nios2eds/bin/gnu/h-x86_64-mingw32/bin/../lib/gcc/nios2-elf/5.3.0/../../../../../H-x86_64-mingw32/nios2-elf/lib\libsmallc.a(lib_a-memcmp.o)
 .debug_abbrev  0x00000000000026af      0x1e6 c:/intelfpga_lite/18.0/nios2eds/bin/gnu/h-x86_64-mingw32/bin/../lib/gcc/nios2-elf/5.3.0/../../../../../H-x86_64-mingw32/nios2-elf/lib\libsmallc.a(lib_a-__atexit.o)
 .debug_abbrev  0x0000000000002895      0x1f6 c:/intelfpga_lite/18.0/nios2eds/bin/gnu/h-x86_64-mingw32/bin/../lib/gcc/nios2-elf/5.3.0/../../../../../H-x86_64-mingw32/nios2-elf/lib\libsmallc.a(lib_a-__call_atexit.o)
 .debug_abbrev  0x0000000000002a8b      0x10e c:/intelfpga_lite/18.0/nios2eds/bin/gnu/h-x86_64-mingw32/bin/../lib/gcc/nios2-elf/5.3.0\libgcc.a(lib2-divmod.o)
 .debug_abbrev  0x0000000000002b99       0xa9 ../lab5_pixel_bsp/\libhal_bsp.a(alt_exit.o)

.debug_line     0x0000000000000000     0x3333
 *(.debug_line)
 .debug_line    0x0000000000000000       0x72 ../lab5_pixel_bsp//obj/HAL/src/crt0.o
 .debug_line    0x0000000000000072      0x110 obj/default/box.o
 .debug_line    0x0000000000000182      0x203 c:/intelfpga_lite/18.0/nios2eds/bin/gnu/h-x86_64-mingw32/bin/../lib/gcc/nios2-elf/5.3.0/../../../../../H-x86_64-mingw32/nios2-elf/lib\libsmallc.a(lib_a-puts.o)
 .debug_line    0x0000000000000385      0x159 c:/intelfpga_lite/18.0/nios2eds/bin/gnu/h-x86_64-mingw32/bin/../lib/gcc/nios2-elf/5.3.0/../../../../../H-x86_64-mingw32/nios2-elf/lib\libsmallc.a(lib_a-strlen.o)
 .debug_line    0x00000000000004de      0x1ed c:/intelfpga_lite/18.0/nios2eds/bin/gnu/h-x86_64-mingw32/bin/../lib/gcc/nios2-elf/5.3.0/../../../../../H-x86_64-mingw32/nios2-elf/lib\libsmallc.a(lib_a-fvwrite_small_dev.o)
 .debug_line    0x00000000000006cb      0x153 c:/intelfpga_lite/18.0/nios2eds/bin/gnu/h-x86_64-mingw32/bin/../lib/gcc/nios2-elf/5.3.0/../../../../../H-x86_64-mingw32/nios2-elf/lib\libsmallc.a(lib_a-impure.o)
 .debug_line    0x000000000000081e      0x1ea c:/intelfpga_lite/18.0/nios2eds/bin/gnu/h-x86_64-mingw32/bin/../lib/gcc/nios2-elf/5.3.0/../../../../../H-x86_64-mingw32/nios2-elf/lib\libsmallc.a(lib_a-writer.o)
 .debug_line    0x0000000000000a08       0x5c c:/intelfpga_lite/18.0/nios2eds/bin/gnu/h-x86_64-mingw32/bin/../lib/gcc/nios2-elf/5.3.0/../../../../../H-x86_64-mingw32/nios2-elf/lib\libsmallc.a(lib_a-int_errno.o)
 .debug_line    0x0000000000000a64       0x8e ../lab5_pixel_bsp/\libhal_bsp.a(alt_load.o)
 .debug_line    0x0000000000000af2       0xa4 ../lab5_pixel_bsp/\libhal_bsp.a(alt_main.o)
 .debug_line    0x0000000000000b96       0xad ../lab5_pixel_bsp/\libhal_bsp.a(alt_usleep.o)
 .debug_line    0x0000000000000c43      0x1db ../lab5_pixel_bsp/\libhal_bsp.a(alt_write.o)
 .debug_line    0x0000000000000e1e      0x1c8 ../lab5_pixel_bsp/\libhal_bsp.a(alt_sys_init.o)
 .debug_line    0x0000000000000fe6      0x112 ../lab5_pixel_bsp/\libhal_bsp.a(altera_avalon_jtag_uart_fd.o)
 .debug_line    0x00000000000010f8       0xfd ../lab5_pixel_bsp/\libhal_bsp.a(altera_avalon_jtag_uart_read.o)
 .debug_line    0x00000000000011f5       0xf4 ../lab5_pixel_bsp/\libhal_bsp.a(altera_avalon_jtag_uart_write.o)
 .debug_line    0x00000000000012e9       0xfd ../lab5_pixel_bsp/\libhal_bsp.a(altera_avalon_timer_sc.o)
 .debug_line    0x00000000000013e6      0x4be ../lab5_pixel_bsp/\libhal_bsp.a(altera_up_avalon_video_pixel_buffer_dma.o)
 .debug_line    0x00000000000018a4       0xa0 ../lab5_pixel_bsp/\libhal_bsp.a(alt_busy_sleep.o)
 .debug_line    0x0000000000001944      0x165 ../lab5_pixel_bsp/\libhal_bsp.a(alt_close.o)
 .debug_line    0x0000000000001aa9       0x61 ../lab5_pixel_bsp/\libhal_bsp.a(alt_dcache_flush_all.o)
 .debug_line    0x0000000000001b0a       0xf8 ../lab5_pixel_bsp/\libhal_bsp.a(alt_dev.o)
 .debug_line    0x0000000000001c02       0xcf ../lab5_pixel_bsp/\libhal_bsp.a(alt_dev_llist_insert.o)
 .debug_line    0x0000000000001cd1       0x59 ../lab5_pixel_bsp/\libhal_bsp.a(alt_do_ctors.o)
 .debug_line    0x0000000000001d2a       0x59 ../lab5_pixel_bsp/\libhal_bsp.a(alt_do_dtors.o)
 .debug_line    0x0000000000001d83       0x51 ../lab5_pixel_bsp/\libhal_bsp.a(alt_errno.o)
 .debug_line    0x0000000000001dd4       0xb5 ../lab5_pixel_bsp/\libhal_bsp.a(alt_find_dev.o)
 .debug_line    0x0000000000001e89       0x50 ../lab5_pixel_bsp/\libhal_bsp.a(alt_icache_flush_all.o)
 .debug_line    0x0000000000001ed9       0xeb ../lab5_pixel_bsp/\libhal_bsp.a(alt_iic.o)
 .debug_line    0x0000000000001fc4       0xdb ../lab5_pixel_bsp/\libhal_bsp.a(alt_iic_isr_register.o)
 .debug_line    0x000000000000209f      0x133 ../lab5_pixel_bsp/\libhal_bsp.a(alt_io_redirect.o)
 .debug_line    0x00000000000021d2       0x6b ../lab5_pixel_bsp/\libhal_bsp.a(alt_irq_entry.o)
 .debug_line    0x000000000000223d       0xaa ../lab5_pixel_bsp/\libhal_bsp.a(alt_irq_handler.o)
 .debug_line    0x00000000000022e7       0x50 ../lab5_pixel_bsp/\libhal_bsp.a(alt_irq_vars.o)
 .debug_line    0x0000000000002337      0x128 ../lab5_pixel_bsp/\libhal_bsp.a(alt_open.o)
 .debug_line    0x000000000000245f       0xae ../lab5_pixel_bsp/\libhal_bsp.a(alt_release_fd.o)
 .debug_line    0x000000000000250d       0xff ../lab5_pixel_bsp/\libhal_bsp.a(alt_tick.o)
 .debug_line    0x000000000000260c       0x51 ../lab5_pixel_bsp/\libhal_bsp.a(altera_nios2_gen2_irq.o)
 .debug_line    0x000000000000265d       0xb3 ../lab5_pixel_bsp/\libhal_bsp.a(alt_exception_entry.o)
 .debug_line    0x0000000000002710       0xd1 ../lab5_pixel_bsp/\libhal_bsp.a(alt_find_file.o)
 .debug_line    0x00000000000027e1       0xd4 ../lab5_pixel_bsp/\libhal_bsp.a(alt_get_fd.o)
 .debug_line    0x00000000000028b5       0x81 ../lab5_pixel_bsp/\libhal_bsp.a(alt_icache_flush.o)
 .debug_line    0x0000000000002936       0xba ../lab5_pixel_bsp/\libhal_bsp.a(alt_instruction_exception_entry.o)
 .debug_line    0x00000000000029f0       0xe4 c:/intelfpga_lite/18.0/nios2eds/bin/gnu/h-x86_64-mingw32/bin/../lib/gcc/nios2-elf/5.3.0/../../../../../H-x86_64-mingw32/nios2-elf/lib\libsmallc.a(lib_a-atexit.o)
 .debug_line    0x0000000000002ad4      0x156 c:/intelfpga_lite/18.0/nios2eds/bin/gnu/h-x86_64-mingw32/bin/../lib/gcc/nios2-elf/5.3.0/../../../../../H-x86_64-mingw32/nios2-elf/lib\libsmallc.a(lib_a-exit.o)
 .debug_line    0x0000000000002c2a      0x15d c:/intelfpga_lite/18.0/nios2eds/bin/gnu/h-x86_64-mingw32/bin/../lib/gcc/nios2-elf/5.3.0/../../../../../H-x86_64-mingw32/nios2-elf/lib\libsmallc.a(lib_a-memcmp.o)
 .debug_line    0x0000000000002d87      0x20a c:/intelfpga_lite/18.0/nios2eds/bin/gnu/h-x86_64-mingw32/bin/../lib/gcc/nios2-elf/5.3.0/../../../../../H-x86_64-mingw32/nios2-elf/lib\libsmallc.a(lib_a-__atexit.o)
 .debug_line    0x0000000000002f91      0x22f c:/intelfpga_lite/18.0/nios2eds/bin/gnu/h-x86_64-mingw32/bin/../lib/gcc/nios2-elf/5.3.0/../../../../../H-x86_64-mingw32/nios2-elf/lib\libsmallc.a(lib_a-__call_atexit.o)
 .debug_line    0x00000000000031c0      0x102 c:/intelfpga_lite/18.0/nios2eds/bin/gnu/h-x86_64-mingw32/bin/../lib/gcc/nios2-elf/5.3.0\libgcc.a(lib2-divmod.o)
 .debug_line    0x00000000000032c2       0x71 ../lab5_pixel_bsp/\libhal_bsp.a(alt_exit.o)

.debug_frame    0x0000000000000000      0xddc
 *(.debug_frame)
 .debug_frame   0x0000000000000000       0x2c obj/default/box.o
 .debug_frame   0x000000000000002c       0x48 c:/intelfpga_lite/18.0/nios2eds/bin/gnu/h-x86_64-mingw32/bin/../lib/gcc/nios2-elf/5.3.0/../../../../../H-x86_64-mingw32/nios2-elf/lib\libsmallc.a(lib_a-puts.o)
 .debug_frame   0x0000000000000074       0x20 c:/intelfpga_lite/18.0/nios2eds/bin/gnu/h-x86_64-mingw32/bin/../lib/gcc/nios2-elf/5.3.0/../../../../../H-x86_64-mingw32/nios2-elf/lib\libsmallc.a(lib_a-strlen.o)
 .debug_frame   0x0000000000000094       0x58 c:/intelfpga_lite/18.0/nios2eds/bin/gnu/h-x86_64-mingw32/bin/../lib/gcc/nios2-elf/5.3.0/../../../../../H-x86_64-mingw32/nios2-elf/lib\libsmallc.a(lib_a-fvwrite_small_dev.o)
 .debug_frame   0x00000000000000ec       0x38 c:/intelfpga_lite/18.0/nios2eds/bin/gnu/h-x86_64-mingw32/bin/../lib/gcc/nios2-elf/5.3.0/../../../../../H-x86_64-mingw32/nios2-elf/lib\libsmallc.a(lib_a-writer.o)
 .debug_frame   0x0000000000000124       0x5c ../lab5_pixel_bsp/\libhal_bsp.a(alt_load.o)
 .debug_frame   0x0000000000000180       0x2c ../lab5_pixel_bsp/\libhal_bsp.a(alt_main.o)
 .debug_frame   0x00000000000001ac       0x38 ../lab5_pixel_bsp/\libhal_bsp.a(alt_usleep.o)
 .debug_frame   0x00000000000001e4       0x60 ../lab5_pixel_bsp/\libhal_bsp.a(alt_write.o)
 .debug_frame   0x0000000000000244       0x88 ../lab5_pixel_bsp/\libhal_bsp.a(alt_sys_init.o)
 .debug_frame   0x00000000000002cc       0x60 ../lab5_pixel_bsp/\libhal_bsp.a(altera_avalon_jtag_uart_fd.o)
 .debug_frame   0x000000000000032c       0x34 ../lab5_pixel_bsp/\libhal_bsp.a(altera_avalon_jtag_uart_read.o)
 .debug_frame   0x0000000000000360       0x34 ../lab5_pixel_bsp/\libhal_bsp.a(altera_avalon_jtag_uart_write.o)
 .debug_frame   0x0000000000000394       0x60 ../lab5_pixel_bsp/\libhal_bsp.a(altera_avalon_timer_sc.o)
 .debug_frame   0x00000000000003f4      0x270 ../lab5_pixel_bsp/\libhal_bsp.a(altera_up_avalon_video_pixel_buffer_dma.o)
 .debug_frame   0x0000000000000664       0x38 ../lab5_pixel_bsp/\libhal_bsp.a(alt_busy_sleep.o)
 .debug_frame   0x000000000000069c       0x60 ../lab5_pixel_bsp/\libhal_bsp.a(alt_close.o)
 .debug_frame   0x00000000000006fc       0x34 ../lab5_pixel_bsp/\libhal_bsp.a(alt_dcache_flush_all.o)
 .debug_frame   0x0000000000000730       0x34 ../lab5_pixel_bsp/\libhal_bsp.a(alt_dev.o)
 .debug_frame   0x0000000000000764       0x60 ../lab5_pixel_bsp/\libhal_bsp.a(alt_dev_llist_insert.o)
 .debug_frame   0x00000000000007c4       0x38 ../lab5_pixel_bsp/\libhal_bsp.a(alt_do_ctors.o)
 .debug_frame   0x00000000000007fc       0x38 ../lab5_pixel_bsp/\libhal_bsp.a(alt_do_dtors.o)
 .debug_frame   0x0000000000000834       0x38 ../lab5_pixel_bsp/\libhal_bsp.a(alt_find_dev.o)
 .debug_frame   0x000000000000086c       0x38 ../lab5_pixel_bsp/\libhal_bsp.a(alt_icache_flush_all.o)
 .debug_frame   0x00000000000008a4       0xa4 ../lab5_pixel_bsp/\libhal_bsp.a(alt_iic.o)
 .debug_frame   0x0000000000000948       0x38 ../lab5_pixel_bsp/\libhal_bsp.a(alt_iic_isr_register.o)
 .debug_frame   0x0000000000000980       0x60 ../lab5_pixel_bsp/\libhal_bsp.a(alt_io_redirect.o)
 .debug_frame   0x00000000000009e0       0x38 ../lab5_pixel_bsp/\libhal_bsp.a(alt_irq_handler.o)
 .debug_frame   0x0000000000000a18       0x84 ../lab5_pixel_bsp/\libhal_bsp.a(alt_open.o)
 .debug_frame   0x0000000000000a9c       0x34 ../lab5_pixel_bsp/\libhal_bsp.a(alt_release_fd.o)
 .debug_frame   0x0000000000000ad0       0x5c ../lab5_pixel_bsp/\libhal_bsp.a(alt_tick.o)
 .debug_frame   0x0000000000000b2c       0x34 ../lab5_pixel_bsp/\libhal_bsp.a(altera_nios2_gen2_irq.o)
 .debug_frame   0x0000000000000b60       0x38 ../lab5_pixel_bsp/\libhal_bsp.a(alt_find_file.o)
 .debug_frame   0x0000000000000b98       0x34 ../lab5_pixel_bsp/\libhal_bsp.a(alt_get_fd.o)
 .debug_frame   0x0000000000000bcc       0x34 ../lab5_pixel_bsp/\libhal_bsp.a(alt_icache_flush.o)
 .debug_frame   0x0000000000000c00       0x5c ../lab5_pixel_bsp/\libhal_bsp.a(alt_instruction_exception_entry.o)
 .debug_frame   0x0000000000000c5c       0x20 c:/intelfpga_lite/18.0/nios2eds/bin/gnu/h-x86_64-mingw32/bin/../lib/gcc/nios2-elf/5.3.0/../../../../../H-x86_64-mingw32/nios2-elf/lib\libsmallc.a(lib_a-atexit.o)
 .debug_frame   0x0000000000000c7c       0x28 c:/intelfpga_lite/18.0/nios2eds/bin/gnu/h-x86_64-mingw32/bin/../lib/gcc/nios2-elf/5.3.0/../../../../../H-x86_64-mingw32/nios2-elf/lib\libsmallc.a(lib_a-exit.o)
 .debug_frame   0x0000000000000ca4       0x20 c:/intelfpga_lite/18.0/nios2eds/bin/gnu/h-x86_64-mingw32/bin/../lib/gcc/nios2-elf/5.3.0/../../../../../H-x86_64-mingw32/nios2-elf/lib\libsmallc.a(lib_a-memcmp.o)
 .debug_frame   0x0000000000000cc4       0x48 c:/intelfpga_lite/18.0/nios2eds/bin/gnu/h-x86_64-mingw32/bin/../lib/gcc/nios2-elf/5.3.0/../../../../../H-x86_64-mingw32/nios2-elf/lib\libsmallc.a(lib_a-__atexit.o)
 .debug_frame   0x0000000000000d0c       0x54 c:/intelfpga_lite/18.0/nios2eds/bin/gnu/h-x86_64-mingw32/bin/../lib/gcc/nios2-elf/5.3.0/../../../../../H-x86_64-mingw32/nios2-elf/lib\libsmallc.a(lib_a-__call_atexit.o)
 .debug_frame   0x0000000000000d60       0x50 c:/intelfpga_lite/18.0/nios2eds/bin/gnu/h-x86_64-mingw32/bin/../lib/gcc/nios2-elf/5.3.0\libgcc.a(lib2-divmod.o)
 .debug_frame   0x0000000000000db0       0x2c ../lab5_pixel_bsp/\libhal_bsp.a(alt_exit.o)

.debug_str      0x0000000000000000     0x1f49
 *(.debug_str)
 .debug_str     0x0000000000000000      0x247 obj/default/box.o
                                        0x2c0 (size before relaxing)
 .debug_str     0x0000000000000247      0x3d1 c:/intelfpga_lite/18.0/nios2eds/bin/gnu/h-x86_64-mingw32/bin/../lib/gcc/nios2-elf/5.3.0/../../../../../H-x86_64-mingw32/nios2-elf/lib\libsmallc.a(lib_a-puts.o)
                                        0x4b3 (size before relaxing)
 .debug_str     0x0000000000000618       0xc4 c:/intelfpga_lite/18.0/nios2eds/bin/gnu/h-x86_64-mingw32/bin/../lib/gcc/nios2-elf/5.3.0/../../../../../H-x86_64-mingw32/nios2-elf/lib\libsmallc.a(lib_a-strlen.o)
                                        0x1cb (size before relaxing)
 .debug_str     0x00000000000006dc       0x60 c:/intelfpga_lite/18.0/nios2eds/bin/gnu/h-x86_64-mingw32/bin/../lib/gcc/nios2-elf/5.3.0/../../../../../H-x86_64-mingw32/nios2-elf/lib\libsmallc.a(lib_a-fvwrite_small_dev.o)
                                        0x4ba (size before relaxing)
 .debug_str     0x000000000000073c       0xe1 c:/intelfpga_lite/18.0/nios2eds/bin/gnu/h-x86_64-mingw32/bin/../lib/gcc/nios2-elf/5.3.0/../../../../../H-x86_64-mingw32/nios2-elf/lib\libsmallc.a(lib_a-impure.o)
                                        0x4a4 (size before relaxing)
 .debug_str     0x000000000000081d       0x42 c:/intelfpga_lite/18.0/nios2eds/bin/gnu/h-x86_64-mingw32/bin/../lib/gcc/nios2-elf/5.3.0/../../../../../H-x86_64-mingw32/nios2-elf/lib\libsmallc.a(lib_a-writer.o)
                                        0x49e (size before relaxing)
 .debug_str     0x000000000000085f       0x3c c:/intelfpga_lite/18.0/nios2eds/bin/gnu/h-x86_64-mingw32/bin/../lib/gcc/nios2-elf/5.3.0/../../../../../H-x86_64-mingw32/nios2-elf/lib\libsmallc.a(lib_a-int_errno.o)
                                        0x1be (size before relaxing)
 .debug_str     0x000000000000089b      0x149 ../lab5_pixel_bsp/\libhal_bsp.a(alt_load.o)
                                        0x22d (size before relaxing)
 .debug_str     0x00000000000009e4       0x44 ../lab5_pixel_bsp/\libhal_bsp.a(alt_main.o)
                                        0x1b8 (size before relaxing)
 .debug_str     0x0000000000000a28       0x27 ../lab5_pixel_bsp/\libhal_bsp.a(alt_usleep.o)
                                        0x163 (size before relaxing)
 .debug_str     0x0000000000000a4f      0x10d ../lab5_pixel_bsp/\libhal_bsp.a(alt_write.o)
                                        0x313 (size before relaxing)
 .debug_str     0x0000000000000b5c      0x1fd ../lab5_pixel_bsp/\libhal_bsp.a(alt_sys_init.o)
                                        0x4a4 (size before relaxing)
 .debug_str     0x0000000000000d59       0x70 ../lab5_pixel_bsp/\libhal_bsp.a(altera_avalon_jtag_uart_fd.o)
                                        0x2f0 (size before relaxing)
 .debug_str     0x0000000000000dc9       0x48 ../lab5_pixel_bsp/\libhal_bsp.a(altera_avalon_jtag_uart_read.o)
                                        0x23a (size before relaxing)
 .debug_str     0x0000000000000e11       0x4a ../lab5_pixel_bsp/\libhal_bsp.a(altera_avalon_jtag_uart_write.o)
                                        0x230 (size before relaxing)
 .debug_str     0x0000000000000e5b       0xb6 ../lab5_pixel_bsp/\libhal_bsp.a(altera_avalon_timer_sc.o)
                                        0x266 (size before relaxing)
 .debug_str     0x0000000000000f11      0x27d ../lab5_pixel_bsp/\libhal_bsp.a(altera_up_avalon_video_pixel_buffer_dma.o)
                                        0x52c (size before relaxing)
 .debug_str     0x000000000000118e       0x42 ../lab5_pixel_bsp/\libhal_bsp.a(alt_busy_sleep.o)
                                        0x186 (size before relaxing)
 .debug_str     0x00000000000011d0       0x1b ../lab5_pixel_bsp/\libhal_bsp.a(alt_close.o)
                                        0x226 (size before relaxing)
 .debug_str     0x00000000000011eb       0x34 ../lab5_pixel_bsp/\libhal_bsp.a(alt_dcache_flush_all.o)
                                        0x170 (size before relaxing)
 .debug_str     0x000000000000121f       0x50 ../lab5_pixel_bsp/\libhal_bsp.a(alt_dev.o)
                                        0x320 (size before relaxing)
 .debug_str     0x000000000000126f       0x45 ../lab5_pixel_bsp/\libhal_bsp.a(alt_dev_llist_insert.o)
                                        0x1e7 (size before relaxing)
 .debug_str     0x00000000000012b4       0x48 ../lab5_pixel_bsp/\libhal_bsp.a(alt_do_ctors.o)
                                         0xeb (size before relaxing)
 .debug_str     0x00000000000012fc       0x4c ../lab5_pixel_bsp/\libhal_bsp.a(alt_do_dtors.o)
                                         0xea (size before relaxing)
 .debug_str     0x0000000000001348       0x14 ../lab5_pixel_bsp/\libhal_bsp.a(alt_errno.o)
                                        0x160 (size before relaxing)
 .debug_str     0x000000000000135c       0x24 ../lab5_pixel_bsp/\libhal_bsp.a(alt_find_dev.o)
                                        0x207 (size before relaxing)
 .debug_str     0x0000000000001380       0x34 ../lab5_pixel_bsp/\libhal_bsp.a(alt_icache_flush_all.o)
                                        0x170 (size before relaxing)
 .debug_str     0x00000000000013b4       0xbd ../lab5_pixel_bsp/\libhal_bsp.a(alt_iic.o)
                                        0x259 (size before relaxing)
 .debug_str     0x0000000000001471       0x4c ../lab5_pixel_bsp/\libhal_bsp.a(alt_iic_isr_register.o)
                                        0x203 (size before relaxing)
 .debug_str     0x00000000000014bd       0x56 ../lab5_pixel_bsp/\libhal_bsp.a(alt_io_redirect.o)
                                        0x331 (size before relaxing)
 .debug_str     0x0000000000001513       0x3a ../lab5_pixel_bsp/\libhal_bsp.a(alt_irq_handler.o)
                                        0x1b2 (size before relaxing)
 .debug_str     0x000000000000154d       0x17 ../lab5_pixel_bsp/\libhal_bsp.a(alt_irq_vars.o)
                                        0x155 (size before relaxing)
 .debug_str     0x0000000000001564       0x2f ../lab5_pixel_bsp/\libhal_bsp.a(alt_open.o)
                                        0x266 (size before relaxing)
 .debug_str     0x0000000000001593       0x28 ../lab5_pixel_bsp/\libhal_bsp.a(alt_release_fd.o)
                                        0x1ee (size before relaxing)
 .debug_str     0x00000000000015bb       0x78 ../lab5_pixel_bsp/\libhal_bsp.a(alt_tick.o)
                                        0x26d (size before relaxing)
 .debug_str     0x0000000000001633       0x3b ../lab5_pixel_bsp/\libhal_bsp.a(altera_nios2_gen2_irq.o)
                                        0x177 (size before relaxing)
 .debug_str     0x000000000000166e       0x26 ../lab5_pixel_bsp/\libhal_bsp.a(alt_find_file.o)
                                        0x215 (size before relaxing)
 .debug_str     0x0000000000001694       0x30 ../lab5_pixel_bsp/\libhal_bsp.a(alt_get_fd.o)
                                        0x237 (size before relaxing)
 .debug_str     0x00000000000016c4       0x2c ../lab5_pixel_bsp/\libhal_bsp.a(alt_icache_flush.o)
                                        0x176 (size before relaxing)
 .debug_str     0x00000000000016f0      0x48b ../lab5_pixel_bsp/\libhal_bsp.a(alt_instruction_exception_entry.o)
                                        0x5bb (size before relaxing)
 .debug_str     0x0000000000001b7b      0x108 c:/intelfpga_lite/18.0/nios2eds/bin/gnu/h-x86_64-mingw32/bin/../lib/gcc/nios2-elf/5.3.0/../../../../../H-x86_64-mingw32/nios2-elf/lib\libsmallc.a(lib_a-atexit.o)
                                        0x202 (size before relaxing)
 .debug_str     0x0000000000001c83       0x49 c:/intelfpga_lite/18.0/nios2eds/bin/gnu/h-x86_64-mingw32/bin/../lib/gcc/nios2-elf/5.3.0/../../../../../H-x86_64-mingw32/nios2-elf/lib\libsmallc.a(lib_a-exit.o)
                                        0x1d6 (size before relaxing)
 .debug_str     0x0000000000001ccc       0x41 c:/intelfpga_lite/18.0/nios2eds/bin/gnu/h-x86_64-mingw32/bin/../lib/gcc/nios2-elf/5.3.0/../../../../../H-x86_64-mingw32/nios2-elf/lib\libsmallc.a(lib_a-memcmp.o)
                                        0x1c5 (size before relaxing)
 .debug_str     0x0000000000001d0d       0x43 c:/intelfpga_lite/18.0/nios2eds/bin/gnu/h-x86_64-mingw32/bin/../lib/gcc/nios2-elf/5.3.0/../../../../../H-x86_64-mingw32/nios2-elf/lib\libsmallc.a(lib_a-__atexit.o)
                                        0x4e5 (size before relaxing)
 .debug_str     0x0000000000001d50       0x62 c:/intelfpga_lite/18.0/nios2eds/bin/gnu/h-x86_64-mingw32/bin/../lib/gcc/nios2-elf/5.3.0/../../../../../H-x86_64-mingw32/nios2-elf/lib\libsmallc.a(lib_a-__call_atexit.o)
                                        0x4d1 (size before relaxing)
 .debug_str     0x0000000000001db2      0x16d c:/intelfpga_lite/18.0/nios2eds/bin/gnu/h-x86_64-mingw32/bin/../lib/gcc/nios2-elf/5.3.0\libgcc.a(lib2-divmod.o)
                                        0x1b8 (size before relaxing)
 .debug_str     0x0000000000001f1f       0x2a ../lab5_pixel_bsp/\libhal_bsp.a(alt_exit.o)
                                        0x16c (size before relaxing)

.debug_loc      0x0000000000000000      0xb2d
 *(.debug_loc)
 .debug_loc     0x0000000000000000       0x97 c:/intelfpga_lite/18.0/nios2eds/bin/gnu/h-x86_64-mingw32/bin/../lib/gcc/nios2-elf/5.3.0/../../../../../H-x86_64-mingw32/nios2-elf/lib\libsmallc.a(lib_a-puts.o)
 .debug_loc     0x0000000000000097       0x1e c:/intelfpga_lite/18.0/nios2eds/bin/gnu/h-x86_64-mingw32/bin/../lib/gcc/nios2-elf/5.3.0/../../../../../H-x86_64-mingw32/nios2-elf/lib\libsmallc.a(lib_a-strlen.o)
 .debug_loc     0x00000000000000b5      0x110 c:/intelfpga_lite/18.0/nios2eds/bin/gnu/h-x86_64-mingw32/bin/../lib/gcc/nios2-elf/5.3.0/../../../../../H-x86_64-mingw32/nios2-elf/lib\libsmallc.a(lib_a-fvwrite_small_dev.o)
 .debug_loc     0x00000000000001c5       0xa5 c:/intelfpga_lite/18.0/nios2eds/bin/gnu/h-x86_64-mingw32/bin/../lib/gcc/nios2-elf/5.3.0/../../../../../H-x86_64-mingw32/nios2-elf/lib\libsmallc.a(lib_a-writer.o)
 .debug_loc     0x000000000000026a       0x2c c:/intelfpga_lite/18.0/nios2eds/bin/gnu/h-x86_64-mingw32/bin/../lib/gcc/nios2-elf/5.3.0/../../../../../H-x86_64-mingw32/nios2-elf/lib\libsmallc.a(lib_a-atexit.o)
 .debug_loc     0x0000000000000296       0x1e c:/intelfpga_lite/18.0/nios2eds/bin/gnu/h-x86_64-mingw32/bin/../lib/gcc/nios2-elf/5.3.0/../../../../../H-x86_64-mingw32/nios2-elf/lib\libsmallc.a(lib_a-exit.o)
 .debug_loc     0x00000000000002b4       0x94 c:/intelfpga_lite/18.0/nios2eds/bin/gnu/h-x86_64-mingw32/bin/../lib/gcc/nios2-elf/5.3.0/../../../../../H-x86_64-mingw32/nios2-elf/lib\libsmallc.a(lib_a-memcmp.o)
 .debug_loc     0x0000000000000348      0x1c0 c:/intelfpga_lite/18.0/nios2eds/bin/gnu/h-x86_64-mingw32/bin/../lib/gcc/nios2-elf/5.3.0/../../../../../H-x86_64-mingw32/nios2-elf/lib\libsmallc.a(lib_a-__atexit.o)
 .debug_loc     0x0000000000000508      0x157 c:/intelfpga_lite/18.0/nios2eds/bin/gnu/h-x86_64-mingw32/bin/../lib/gcc/nios2-elf/5.3.0/../../../../../H-x86_64-mingw32/nios2-elf/lib\libsmallc.a(lib_a-__call_atexit.o)
 .debug_loc     0x000000000000065f      0x4ce c:/intelfpga_lite/18.0/nios2eds/bin/gnu/h-x86_64-mingw32/bin/../lib/gcc/nios2-elf/5.3.0\libgcc.a(lib2-divmod.o)

.debug_macinfo
 *(.debug_macinfo)

.debug_weaknames
 *(.debug_weaknames)

.debug_funcnames
 *(.debug_funcnames)

.debug_typenames
 *(.debug_typenames)

.debug_varnames
 *(.debug_varnames)

.debug_alt_sim_info
                0x0000000000000000       0x60
 *(.debug_alt_sim_info)
 .debug_alt_sim_info
                0x0000000000000000       0x30 ../lab5_pixel_bsp//obj/HAL/src/crt0.o
 .debug_alt_sim_info
                0x0000000000000030       0x30 ../lab5_pixel_bsp/\libhal_bsp.a(alt_busy_sleep.o)
                0x0000000004000000                __alt_data_end = 0x4000000
                0x0000000004000000                PROVIDE (__alt_stack_pointer, __alt_data_end)
                [!provide]                        PROVIDE (__alt_stack_limit, __alt_stack_base)
                [!provide]                        PROVIDE (__alt_heap_start, end)
                [!provide]                        PROVIDE (__alt_heap_limit, 0x4000000)
OUTPUT(lab5_pixel.elf elf32-littlenios2)

.debug_ranges   0x0000000000000000      0x1e0
 .debug_ranges  0x0000000000000000       0x20 ../lab5_pixel_bsp//obj/HAL/src/crt0.o
 .debug_ranges  0x0000000000000020       0x18 c:/intelfpga_lite/18.0/nios2eds/bin/gnu/h-x86_64-mingw32/bin/../lib/gcc/nios2-elf/5.3.0/../../../../../H-x86_64-mingw32/nios2-elf/lib\libsmallc.a(lib_a-puts.o)
 .debug_ranges  0x0000000000000038       0x10 c:/intelfpga_lite/18.0/nios2eds/bin/gnu/h-x86_64-mingw32/bin/../lib/gcc/nios2-elf/5.3.0/../../../../../H-x86_64-mingw32/nios2-elf/lib\libsmallc.a(lib_a-strlen.o)
 .debug_ranges  0x0000000000000048       0x28 c:/intelfpga_lite/18.0/nios2eds/bin/gnu/h-x86_64-mingw32/bin/../lib/gcc/nios2-elf/5.3.0/../../../../../H-x86_64-mingw32/nios2-elf/lib\libsmallc.a(lib_a-fvwrite_small_dev.o)
 .debug_ranges  0x0000000000000070       0x10 c:/intelfpga_lite/18.0/nios2eds/bin/gnu/h-x86_64-mingw32/bin/../lib/gcc/nios2-elf/5.3.0/../../../../../H-x86_64-mingw32/nios2-elf/lib\libsmallc.a(lib_a-writer.o)
 .debug_ranges  0x0000000000000080       0x18 ../lab5_pixel_bsp/\libhal_bsp.a(altera_avalon_jtag_uart_read.o)
 .debug_ranges  0x0000000000000098       0x28 ../lab5_pixel_bsp/\libhal_bsp.a(alt_irq_entry.o)
 .debug_ranges  0x00000000000000c0       0x10 ../lab5_pixel_bsp/\libhal_bsp.a(alt_irq_handler.o)
 .debug_ranges  0x00000000000000d0       0x30 ../lab5_pixel_bsp/\libhal_bsp.a(alt_exception_entry.o)
 .debug_ranges  0x0000000000000100       0x18 ../lab5_pixel_bsp/\libhal_bsp.a(alt_instruction_exception_entry.o)
 .debug_ranges  0x0000000000000118       0x10 c:/intelfpga_lite/18.0/nios2eds/bin/gnu/h-x86_64-mingw32/bin/../lib/gcc/nios2-elf/5.3.0/../../../../../H-x86_64-mingw32/nios2-elf/lib\libsmallc.a(lib_a-atexit.o)
 .debug_ranges  0x0000000000000128       0x10 c:/intelfpga_lite/18.0/nios2eds/bin/gnu/h-x86_64-mingw32/bin/../lib/gcc/nios2-elf/5.3.0/../../../../../H-x86_64-mingw32/nios2-elf/lib\libsmallc.a(lib_a-exit.o)
 .debug_ranges  0x0000000000000138       0x10 c:/intelfpga_lite/18.0/nios2eds/bin/gnu/h-x86_64-mingw32/bin/../lib/gcc/nios2-elf/5.3.0/../../../../../H-x86_64-mingw32/nios2-elf/lib\libsmallc.a(lib_a-memcmp.o)
 .debug_ranges  0x0000000000000148       0x10 c:/intelfpga_lite/18.0/nios2eds/bin/gnu/h-x86_64-mingw32/bin/../lib/gcc/nios2-elf/5.3.0/../../../../../H-x86_64-mingw32/nios2-elf/lib\libsmallc.a(lib_a-__atexit.o)
 .debug_ranges  0x0000000000000158       0x28 c:/intelfpga_lite/18.0/nios2eds/bin/gnu/h-x86_64-mingw32/bin/../lib/gcc/nios2-elf/5.3.0/../../../../../H-x86_64-mingw32/nios2-elf/lib\libsmallc.a(lib_a-__call_atexit.o)
 .debug_ranges  0x0000000000000180       0x60 c:/intelfpga_lite/18.0/nios2eds/bin/gnu/h-x86_64-mingw32/bin/../lib/gcc/nios2-elf/5.3.0\libgcc.a(lib2-divmod.o)